06-23 17:47:44.079  4769  4844 I HYPER-HAL: [RequestManager.cpp]acquire(): Acquired ID : 13481044  [5176 / 16]    HINT : AMS_ACT_START    list :
06-23 17:47:44.080  4769  4844 I HYPER-HAL: [ResourceManager.cpp]updateResource(): [CPUMinFreq] UpdateResource Request ID : 13481044    Value : 2002000
06-23 17:47:44.080  4811  6436 I SurfaceFlinger: id=31589 createSurf (0x0),-1 flag=80004, ActivityRecord{332b38f u0 com.example.dogglers/androidx.test.core.app.InstrumentationActivityInvoker$EmptyActivity t5123}#0
06-23 17:47:44.093  4218  4218 D LifecycleMonitor: Lifecycle status change: com.example.dogglers.HorizontalListActivity@6580cab in: PAUSED
06-23 17:47:44.093  4218  4218 V ActivityScenario: Update currentActivityStage to PAUSED, currentActivity=com.example.dogglers.HorizontalListActivity@6580cab
06-23 17:47:44.094  5488  5488 D Bubbles : collapse stack cause : onTaskMovedToFront
06-23 17:47:44.094  5488  5488 D Bubbles : setExpanded: false
06-23 17:47:44.094  5488  5488 D Bubbles : setExpandedInternal: shouldExpand=false
06-23 17:47:44.097  5176  7842 V WindowOrientationListener: getProposedRotation: -1
06-23 17:47:44.097  5176  7842 V WindowOrientationListener: getProposedRotation: -1
06-23 17:47:44.098  5176  7842 V WindowOrientationListener: getProposedRotation: -1
06-23 17:47:44.100  5176  7842 D InputDispatcher: Focused application set to (0): 332b38f
06-23 17:47:44.111  5176  5198 I SurfaceControl: nativeRelease nativeObject s[497277292384]
06-23 17:47:44.111  5176  5198 I SurfaceControl: nativeRelease nativeObject e[497277292384]
06-23 17:47:44.111  5176  5198 I SurfaceControl: nativeRelease nativeObject s[499419878784]
06-23 17:47:44.111  5176  5198 I SurfaceControl: nativeRelease nativeObject e[499419878784]
06-23 17:47:44.111  5176  5342 D WifiClientModeImpl: fetchRssiLinkSpeedAndFrequencyNative rssi=-71 TxLinkspeed=13 freq=2452 RxLinkSpeed=5
06-23 17:47:44.111  5176  5342 V WifiConfigManager: Updating scan detail cache freq=2452 BSSID=48:00:33:fb:3a:bf RSSI=-71 for "MINA"WPA_PSK
06-23 17:47:44.112  5176  5342 D WifiDataStall:  ccaLevel = 80
06-23 17:47:44.114  5176  5342 D WifiDataStall: L2 txTputKbps: 3306, rxTputKbps: 3437, L3 txTputKbps: 10, rxTputKbps: 23, TxTrafficHigh: true, RxTrafficHigh: true, Throughput Sufficient: true
06-23 17:47:44.114  4811  5231 I Layer   : id=31579 removeFromCurrentState Surface(name=ActivityRecord{266fe30 u0 com.example.dogglers/androidx.test.core.app.InstrumentationActivityInvoker$BootstrapActivity t5123})/@0x42cba24 - animation-leash#0 (166)
06-23 17:47:44.114  4811  5231 I Layer   : id=31582 removeFromCurrentState Surface(name=ActivityRecord{266fe30 u0 com.example.dogglers/androidx.test.core.app.InstrumentationActivityInvoker$BootstrapActivity t5123})/@0x42cba24 - animation-bounds#0 (166)
06-23 17:47:44.114  5176  5342 D WifiScoreCard: BSSID update SIGNAL_POLL ID: 603350798 SSID: MINA, BSSID: 48:00:33:fb:3a:bf, MAC: ba:d1:57:6d:94:6a, Supplicant state: COMPLETED, Wi-Fi standard: 4, RSSI: -71, Link speed: 13Mbps, Tx Link speed: 13Mbps, Max Supported Tx Link speed: 72Mbps, Rx Link speed: 5Mbps, Max Supported Rx Link speed: 72Mbps, Frequency: 2452MHz, Net ID: 89, Metered hint: false, score: 60
06-23 17:47:44.114  5176  5342 D WifiScoreCard: txRate: 46 txSpeed: 13
06-23 17:47:44.114  5176  5342 D WifiScoreCard: network update SIGNAL_POLL "MINA" ID: 562357513 RSSI -71 txSpeed 13
06-23 17:47:44.114  5176  5342 D WifiScoreCard: SSID: "MINA"
06-23 17:47:44.114  5176  5342 D WifiScoreCard:  LastRssiPollTime: 348426374 LastRssiPoll: -71 LastTxSpeedPoll: 13
06-23 17:47:44.114  5176  5342 D WifiScoreCard:  StatsRecent:  ConnectAttempt: 4 ConnectFailure: 0 ConnectDurSec: 5324792 AssocRej: 0 AssocTimeout: 0 AuthFailure: 0 ShortDiscNonlocal: 0 DisconnectNonlocal: 0 Disconnect: 261 ConsecutiveConnectFailure: 0
06-23 17:47:44.114  5176  5342 D WifiScoreCard:  StatsCurr:  ConnectAttempt: 15 ConnectFailure: 0 ConnectDurSec: 949528 AssocRej: 0 AssocTimeout: 0 AuthFailure: 0 ShortDiscNonlocal: 0 DisconnectNonlocal: 0 Disconnect: 241 ConsecutiveConnectFailure: 0
06-23 17:47:44.114  5176  5342 D WifiScoreCard:  StatsPrev:  ConnectAttempt: 0 ConnectFailure: 0 ConnectDurSec: 0 AssocRej: 0 AssocTimeout: 0 AuthFailure: 0 ShortDiscNonlocal: 0 DisconnectNonlocal: 0 Disconnect: 0 ConsecutiveConnectFailure: 0
06-23 17:47:44.114  4811  4855 I SurfaceFlinger: id=31579 Removed Surface(name=ActivityRecord{266fe30 u0 com.example.dogglers/androidx.test.core.app.InstrumentationActivityInvoker$BootstrapActivity t5123})/@0x42cba24 - animation-leash#0 (166)
06-23 17:47:44.115  4811  4855 I SurfaceFlinger: id=31582 Removed Surface(name=ActivityRecord{266fe30 u0 com.example.dogglers/androidx.test.core.app.InstrumentationActivityInvoker$BootstrapActivity t5123})/@0x42cba24 - animation-bounds#0 (166)
06-23 17:47:44.117  5176  5342 D WifiClientModeImpl:  L2ConnectedState screen=on 211 0 "MINA" 48:00:33:fb:3a:bf rssi=-71 f=2452 sc=60 link=13 tx=22,9, 22,2, 0,0  rx=38,9 bcn=82118 [on:2166 tx:325 rx:13 period:3008] from screen [on:3664493 period:9373923] score=60
06-23 17:47:44.121  4811  4811 I Layer   : id=31582[1] Destroyed Surface(name=ActivityRecord{266fe30 u0 com.example.dogglers/androidx.test.core.app.InstrumentationActivityInvoker$BootstrapActivity t5123})/@0x42cba24 - animation-bounds#0
06-23 17:47:44.121  4811  4811 I Layer   : id=31579[1] Destroyed Surface(name=ActivityRecord{266fe30 u0 com.example.dogglers/androidx.test.core.app.InstrumentationActivityInvoker$BootstrapActivity t5123})/@0x42cba24 - animation-leash#0
06-23 17:47:44.122  5176  7842 I InputDispatcher: Focus left window (4218): d1c68c1 in display 0 0
06-23 17:47:44.122  4218  4218 D LifecycleMonitor: Lifecycle status change: androidx.test.core.app.InstrumentationActivityInvoker$EmptyActivity@fab3474 in: PRE_ON_CREATE
06-23 17:47:44.123  4218  4218 V ActivityScenario: Activity lifecycle changed event received but ignored because the intent does not match. startActivityIntent=Intent { act=android.intent.action.MAIN cat=[android.intent.category.LAUNCHER] cmp=com.example.dogglers/.HorizontalListActivity }, activity.getIntent()=Intent { act=android.intent.action.MAIN cat=[android.intent.category.LAUNCHER] flg=0x10000000 cmp=com.example.dogglers/androidx.test.core.app.InstrumentationActivityInvoker$EmptyActivity }, activity=androidx.test.core.app.InstrumentationActivityInvoker$EmptyActivity@fab3474
06-23 17:47:44.133  4218  4218 I DecorView: [INFO] isPopOver=false, config=true
06-23 17:47:44.133  4218  4218 I DecorView: updateCaptionType >> DecorView@80a6212[], isFloating=false, isApplication=true, hasWindowDecorCaption=false, hasWindowControllerCallback=true
06-23 17:47:44.133  4218  4218 D DecorView: setCaptionType = 0, this = DecorView@80a6212[]
06-23 17:47:44.141  4218  4218 D LifecycleMonitor: Lifecycle status change: androidx.test.core.app.InstrumentationActivityInvoker$EmptyActivity@fab3474 in: CREATED
06-23 17:47:44.142  4218  4218 V ActivityScenario: Activity lifecycle changed event received but ignored because the intent does not match. startActivityIntent=Intent { act=android.intent.action.MAIN cat=[android.intent.category.LAUNCHER] cmp=com.example.dogglers/.HorizontalListActivity }, activity.getIntent()=Intent { act=android.intent.action.MAIN cat=[android.intent.category.LAUNCHER] flg=0x10000000 cmp=com.example.dogglers/androidx.test.core.app.InstrumentationActivityInvoker$EmptyActivity }, activity=androidx.test.core.app.InstrumentationActivityInvoker$EmptyActivity@fab3474
06-23 17:47:44.146  4218  4218 D LifecycleMonitor: Lifecycle status change: androidx.test.core.app.InstrumentationActivityInvoker$EmptyActivity@fab3474 in: STARTED
06-23 17:47:44.146  4218  4218 V ActivityScenario: Activity lifecycle changed event received but ignored because the intent does not match. startActivityIntent=Intent { act=android.intent.action.MAIN cat=[android.intent.category.LAUNCHER] cmp=com.example.dogglers/.HorizontalListActivity }, activity.getIntent()=Intent { act=android.intent.action.MAIN cat=[android.intent.category.LAUNCHER] flg=0x10000000 cmp=com.example.dogglers/androidx.test.core.app.InstrumentationActivityInvoker$EmptyActivity }, activity=androidx.test.core.app.InstrumentationActivityInvoker$EmptyActivity@fab3474
06-23 17:47:44.150  4218  4218 D LifecycleMonitor: Lifecycle status change: androidx.test.core.app.InstrumentationActivityInvoker$EmptyActivity@fab3474 in: RESUMED
06-23 17:47:44.151  4218  4218 V ActivityScenario: Activity lifecycle changed event received but ignored because the intent does not match. startActivityIntent=Intent { act=android.intent.action.MAIN cat=[android.intent.category.LAUNCHER] cmp=com.example.dogglers/.HorizontalListActivity }, activity.getIntent()=Intent { act=android.intent.action.MAIN cat=[android.intent.category.LAUNCHER] flg=0x10000000 cmp=com.example.dogglers/androidx.test.core.app.InstrumentationActivityInvoker$EmptyActivity }, activity=androidx.test.core.app.InstrumentationActivityInvoker$EmptyActivity@fab3474
06-23 17:47:44.157  5176  7842 D InputTransport: Input channel constructed: 'c192cb4', fd=666
06-23 17:47:44.157  5176  7842 D InputTransport: Input channel constructed: 'c192cb4', fd=669
06-23 17:47:44.158  4811  5231 I SurfaceFlinger: id=31590 createSurf (0x0),-1 flag=80004, c192cb4 com.example.dogglers/androidx.test.core.app.InstrumentationActivityInvoker$EmptyActivity#0
06-23 17:47:44.159  5176  7842 D WindowManager: isScreenshotDisabledLocked - win: Window{c192cb4 u0 com.example.dogglers/androidx.test.core.app.InstrumentationActivityInvoker$EmptyActivity}
06-23 17:47:44.159  5176  7842 D WindowManager: isScreenshotDisabledLocked: userId = 0, disabled =false
06-23 17:47:44.159  5176  7842 D InputTransport: Input channel destroyed: 'c192cb4', fd=669
06-23 17:47:44.160  4218  4218 D InputTransport: Input channel constructed: 'c192cb4', fd=92
06-23 17:47:44.162  4218  4218 I ViewRootImpl@92ab699[InstrumentationActivityInvoker$EmptyActivity]: setView = com.android.internal.policy.DecorView@80a6212 TM=true
06-23 17:47:44.173  5176  7842 V WindowManager: Relayout Window{c192cb4 u0 com.example.dogglers/androidx.test.core.app.InstrumentationActivityInvoker$EmptyActivity}: viewVisibility=0 req=720x1600
06-23 17:47:44.177  5176  7842 D WindowManager: isScreenshotDisabledLocked - win: Window{c192cb4 u0 com.example.dogglers/androidx.test.core.app.InstrumentationActivityInvoker$EmptyActivity}
06-23 17:47:44.177  5176  7842 D WindowManager: isScreenshotDisabledLocked: userId = 0, disabled =false
06-23 17:47:44.178  4811  5231 I SurfaceFlinger: id=31591 createSurf (720x1600),1 flag=404, com.example.dogglers/androidx.test.core.app.InstrumentationActivityInvoker$EmptyActivity$_4218#0
06-23 17:47:44.181  5176  7842 I SurfaceControl: nativeRelease nativeObject s[497401917120]
06-23 17:47:44.181  5176  7842 I SurfaceControl: nativeRelease nativeObject e[497401917120]
06-23 17:47:44.181  4811  5231 I SurfaceFlinger: id=31592 createSurf (0x0),-1 flag=24000, Surface(name=3833be5 StatusBar)/@0xff1ccfc - animation-leash#1
06-23 17:47:44.182  5176  7842 I SurfaceControl: nativeRelease nativeObject s[497401917408]
06-23 17:47:44.182  5176  7842 I SurfaceControl: nativeRelease nativeObject e[497401917408]
06-23 17:47:44.182  4811  5231 I SurfaceFlinger: id=31593 createSurf (0x0),-1 flag=24000, Surface(name=31a4e78 NavigationBar0)/@0x2b9a7fb - animation-leash#1
06-23 17:47:44.185  5176  7842 V WindowManager: Relayout hash=c192cb4, pid=4218: mAttrs={(0,0)(fillxfill) sim={adjust=pan forwardNavigation} ty=BASE_APPLICATION wanim=0x1030001
06-23 17:47:44.185  5176  7842 V WindowManager:   fl=1810100
06-23 17:47:44.185  5176  7842 V WindowManager:   pfl=12020000
06-23 17:47:44.185  5176  7842 V WindowManager:   fitSides= naviIconColor=0}
06-23 17:47:44.185  5176  7842 I SurfaceControl: nativeRelease nativeObject s[497401918464]
06-23 17:47:44.185  5176  7842 I SurfaceControl: nativeRelease nativeObject e[497401918464]
06-23 17:47:44.187  4218  4218 I SurfaceControl: assignNativeObject: nativeObject = 0 Surface(name=null)/@0xe288d5e / android.view.SurfaceControl.readFromParcel:1117 android.view.IWindowSession$Stub$Proxy.relayout:1820 android.view.ViewRootImpl.relayoutWindow:9005 android.view.ViewRootImpl.performTraversals:3360 android.view.ViewRootImpl.doTraversal:2618 android.view.ViewRootImpl$TraversalRunnable.run:9971 android.view.Choreographer$CallbackRecord.run:1010 android.view.Choreographer.doCallbacks:809 android.view.Choreographer.doFrame:744 android.view.Choreographer$FrameDisplayEventReceiver.run:995
06-23 17:47:44.189  4811  5231 I Layer   : id=31585 removeFromCurrentState Surface(name=3833be5 StatusBar)/@0xff1ccfc - animation-leash#0 (168)
06-23 17:47:44.189  4811  5231 I Layer   : id=31586 removeFromCurrentState Surface(name=31a4e78 NavigationBar0)/@0x2b9a7fb - animation-leash#0 (168)
06-23 17:47:44.190  4218  4218 I ViewRootImpl@92ab699[InstrumentationActivityInvoker$EmptyActivity]: Relayout returned: old=(0,0,720,1600) new=(0,0,720,1600) req=(720,1600)0 dur=15 res=0x7 s={true 497979125760} ch=true fn=-1
06-23 17:47:44.193  4752  4951 D gralloc : [mali_gralloc_allocate] begin
06-23 17:47:44.193  4752  4951 D gralloc : buffer_descriptor: wh(720 1600) usage_pc(0x40000000000b00 0x40000000000b00) hal_format(0x1) layer_count(1) sizes(0 0 0) strde(0) byte_stride(0) alloc_wh(0 0) internal_format(0x0) alloc_format(0x0) fd_count(1) plane_count(0)
06-23 17:47:44.193  4752  4951 D gralloc : [mali_gralloc_allocate] allocation successful
06-23 17:47:44.194  4752  4951 D gralloc : [mali_gralloc_allocate] begin
06-23 17:47:44.194  4752  4951 D gralloc : buffer_descriptor: wh(720 1600) usage_pc(0x40000000000b00 0x40000000000b00) hal_format(0x1) layer_count(1) sizes(0 0 0) strde(0) byte_stride(0) alloc_wh(0 0) internal_format(0x0) alloc_format(0x0) fd_count(1) plane_count(0)
06-23 17:47:44.194  4752  4951 D gralloc : [mali_gralloc_allocate] allocation successful
06-23 17:47:44.195  4752  4951 D gralloc : [mali_gralloc_allocate] begin
06-23 17:47:44.195  4752  4951 D gralloc : buffer_descriptor: wh(720 1600) usage_pc(0x40000000000b00 0x40000000000b00) hal_format(0x1) layer_count(1) sizes(0 0 0) strde(0) byte_stride(0) alloc_wh(0 0) internal_format(0x0) alloc_format(0x0) fd_count(1) plane_count(0)
06-23 17:47:44.196  4752  4951 D gralloc : [mali_gralloc_allocate] allocation successful
06-23 17:47:44.204  4218  4218 D LifecycleMonitor: Lifecycle status change: androidx.test.core.app.InstrumentationActivityInvoker$BootstrapActivity@9bb91f0 in: STOPPED
06-23 17:47:44.205  4218  4218 V ActivityScenario: Activity lifecycle changed event received but ignored because the intent does not match. startActivityIntent=Intent { act=android.intent.action.MAIN cat=[android.intent.category.LAUNCHER] cmp=com.example.dogglers/.HorizontalListActivity }, activity.getIntent()=Intent { act=android.intent.action.MAIN cat=[android.intent.category.LAUNCHER] flg=0x10008000 cmp=com.example.dogglers/androidx.test.core.app.InstrumentationActivityInvoker$BootstrapActivity (has extras) }, activity=androidx.test.core.app.InstrumentationActivityInvoker$BootstrapActivity@9bb91f0
06-23 17:47:44.207  4218  4218 I ViewRootImpl@3ea886f[HorizontalListActivity]: MSG_WINDOW_FOCUS_CHANGED 0 1
06-23 17:47:44.208  5176  5198 D PkgPredictorService: pkg:com.example.dogglers activity:androidx.test.core.app.InstrumentationActivityInvoker$EmptyActivity thisTime:131
06-23 17:47:44.210  5176  5202 I ActivityTaskManager: Displayed com.example.dogglers/androidx.test.core.app.InstrumentationActivityInvoker$EmptyActivity: +131ms
06-23 17:47:44.210  5176  5198 I SemDvfsHyPerManager: acquire hyper - AMS_RESUME_TAIL/5176@18, type = -999
06-23 17:47:44.210  5176  5198 I SemDvfsHyPerManager: acquire hyper - AMS_ACT_LAZY/5176@19, type = -999
06-23 17:47:44.211  4769  4844 I HYPER-HAL: [RequestManager.cpp]acquire(): Acquired ID : 13491433  [5176 / 18]    HINT : AMS_RESUME_TAIL    list :
06-23 17:47:44.211  4769  4844 I HYPER-HAL: [ResourceManager.cpp]updateResource(): [CPUMinFreq] UpdateResource Request ID : 13491433    Value : 1456000
06-23 17:47:44.211  4769  4844 I HYPER-HAL: [RequestManager.cpp]acquire(): Acquired ID : 13496629  [5176 / 19]    HINT :      list :
06-23 17:47:44.211  4769  4844 E HYPER-HAL: [Request.cpp]acquire(): Request:: id : 13496629, No Resource to set
06-23 17:47:44.211  6542  6542 E pageboostd: Received HALT command code 2
06-23 17:47:44.212  4769  4844 I HYPER-HAL: [ResourceManager.cpp]removeResource(): [CPUMinFreq] RemoveResource Request ID : 13481044
06-23 17:47:44.212  4769  4844 I HYPER-HAL: [RequestManager.cpp]releaseLocked(): Released ID : 13481044
06-23 17:47:44.213  4218  4218 I SurfaceControl: nativeRelease nativeObject s[497833946592]
06-23 17:47:44.213  4218  4218 I SurfaceControl: nativeRelease nativeObject e[497833946592]
06-23 17:47:44.213  4218  4218 I SurfaceControl: nativeRelease nativeObject s[497833946400]
06-23 17:47:44.213  4218  4218 I SurfaceControl: nativeRelease nativeObject e[497833946400]
06-23 17:47:44.213  4218  4218 I SurfaceControl: nativeRelease nativeObject s[499533426720]
06-23 17:47:44.213  4218  4218 I SurfaceControl: nativeRelease nativeObject e[499533426720]
06-23 17:47:44.213  4811  5231 I SurfaceFlinger: id=31586 Removed Surface(name=31a4e78 NavigationBar0)/@0x2b9a7fb - animation-leash#0 (168)
06-23 17:47:44.214  4811  4855 I SurfaceFlinger: id=31585 Removed Surface(name=3833be5 StatusBar)/@0xff1ccfc - animation-leash#0 (168)
06-23 17:47:44.220  4811  4811 I Layer   : id=31585[1] Destroyed Surface(name=3833be5 StatusBar)/@0xff1ccfc - animation-leash#0
06-23 17:47:44.221  4811  4811 I Layer   : id=31586[1] Destroyed Surface(name=31a4e78 NavigationBar0)/@0x2b9a7fb - animation-leash#0
06-23 17:47:44.223  5176  7542 I InputDispatcher: Focus entered window (4218): c192cb4 in display 0 0
06-23 17:47:44.226  4811  4811 D SurfaceFlinger: Display 0 HWC layers:
06-23 17:47:44.226  4811  4811 D SurfaceFlinger:      DEVICE | 0x6fb2242e80 | 0002 | RGBA_8888    |    0.0    0.0  720.0 1600.0 |    0    0  720 1600 | com.example.dogglers/androidx.test.c[...]ctivityInvoker$EmptyActivity$_4218#0
06-23 17:47:44.226  4811  4811 D SurfaceFlinger:      DEVICE | 0x70361bde80 | 0000 | RGBA_8888    |    0.0    0.0  111.0  137.0 |    0   68  111  205 | $_3609#1
06-23 17:47:44.226  4811  4811 D SurfaceFlinger:      DEVICE | 0x6f91c17a40 | 0000 | RGBA_8888    |    0.0    0.0  720.0 1600.0 |    0    0  720 1600 | Bubbles!$_5488#0
06-23 17:47:44.226  4811  4811 D SurfaceFlinger:      DEVICE | 0x6fb2241f80 | 0000 | RGBA_8888    |    0.0    0.0  720.0   68.0 |    0    0  720   68 | StatusBar$_5488#0
06-23 17:47:44.226  4811  4811 D SurfaceFlinger:      DEVICE | 0x6fb2242200 | 0000 | RGBA_8888    |    0.0    0.0  259.0   26.0 |  461 1574  720 1600 | SGestureOverlayWindow$_5878#0
06-23 17:47:44.226  4811  4811 D SurfaceFlinger:      DEVICE | 0x70361bed80 | 0000 | RGBA_8888    |    0.0    0.0  259.0   26.0 |  461 1574  720 1600 | SGestureOverlayWindow$_5878#1
06-23 17:47:44.226  4811  4811 D SurfaceFlinger:      DEVICE | 0x6f91c177c0 | 0000 | RGBA_8888    |    0.0    0.0  105.0  105.0 |    0   68  105  173 | cornertabUI$_11263#0
06-23 17:47:44.226  4811  4811 D SurfaceFlinger:      DEVICE | 0x6fb2240a40 | 0000 | RGBA_8888    |    0.0    0.0  720.0   84.
06-23 17:47:44.226  4811  4811 D SurfaceFlinger: 0 |    0 1516  720 1600 | NavigationBar0$_5488#0
06-23 17:47:44.226  4811  4811 D SurfaceFlinger:
06-23 17:47:44.235  4218  4218 I ViewRootImpl@92ab699[InstrumentationActivityInvoker$EmptyActivity]: MSG_WINDOW_FOCUS_CHANGED 1 1
06-23 17:47:44.236  4218  4218 D InputMethodManager: prepareNavigationBarInfo() DecorView@80a6212[InstrumentationActivityInvoker$EmptyActivity]
06-23 17:47:44.236  4218  4218 D InputMethodManager: getNavigationBarColor() -16711423
06-23 17:47:44.237  4218  4218 D InputMethodManager: prepareNavigationBarInfo() DecorView@80a6212[InstrumentationActivityInvoker$EmptyActivity]
06-23 17:47:44.237  4218  4218 D InputMethodManager: getNavigationBarColor() -16711423
06-23 17:47:44.237  4218  4218 V InputMethodManager: Starting input: tba=com.example.dogglers ic=null mNaviBarColor -16711423 mIsGetNaviBarColorSuccess true , NavVisible : true , NavTrans : false
06-23 17:47:44.238  4218  4218 D InputMethodManager: startInputInner - Id : 0
06-23 17:47:44.238  4218  4218 I InputMethodManager: startInputInner - mService.startInputOrWindowGainedFocus
06-23 17:47:44.239  5176  7542 D InputMethodManagerService: mSecureKeypadEnabled = false
06-23 17:47:44.240  5176  7542 V InputMethodManagerService: hideCurrentInputLocked : shouldHideSoftInput is false
06-23 17:47:44.240  5176  7542 D InputMethodManagerService: mDesktopModeManager null!
06-23 17:47:44.240  5176  7542 V InputMethodManagerService: getDisplayIdOfInputMethodWindowToBeAdded : 0
06-23 17:47:44.241  5176  7542 D InputMethodManagerService: checkDisplayOfStartInputAndUpdateKeyboard display Id 0last 0
06-23 17:47:44.241  5176  7542 D InputTransport: Input channel constructed: 'ClientS', fd=669
06-23 17:47:44.241  5176  7542 D InputTransport: Input channel destroyed: 'ClientS', fd=669
06-23 17:47:44.242  4218  4218 D InputTransport: Input channel constructed: 'ClientS', fd=97
06-23 17:47:44.242  5176  7571 I SurfaceControl: nativeRelease nativeObject s[497401915296]
06-23 17:47:44.242  5176  7571 I SurfaceControl: nativeRelease nativeObject e[497401915296]
06-23 17:47:44.242  4218  4218 D InputTransport: Input channel destroyed: 'ClientS', fd=90
06-23 17:47:44.242  4811  4855 I SurfaceFlinger: id=31594 createSurf (0x0),-1 flag=24004, Surface(name=a01af46 InputMethod)/@0x1dd2b1b - animation-leash#1
06-23 17:47:44.243  7990  7990 I HBD     : HoneyBoardService onFinishInput
06-23 17:47:44.244  7990  7990 I HBD     : a IC have been unbinded,  InputConnectionWrapper{idHash=#7a4c526 mMissingMethods=}
06-23 17:47:44.244  7990  7990 I HBD     : HoneyBoardService [PF_CL][onFinishInput]  235231 ns
06-23 17:47:44.244  7990  7990 I HBD     : HoneyBoardService [IMI] onStartInput - caller pid : 4218 , caller uid : 10622
06-23 17:47:44.244  7990  7990 I HBD     : i updateConfigs
06-23 17:47:44.244  7990  7990 I HBD     : i isEnabledNightMode : true
06-23 17:47:44.244  7990  7990 I HBD     : a IC have been binded, InputConnectionWrapper{idHash=#7a4c526 mMissingMethods=}
06-23 17:47:44.244  7990  7990 I HBD     : h [EditorInputType]setPrivateImeOptionsToTable privateImeOptions ( null )
06-23 17:47:44.244  7990  7990 I HBD     : b incognitoMode : false
06-23 17:47:44.244  7990  7990 I HBD     : a needOff = true , isForceOff = false, isNullInputClass : true
06-23 17:47:44.244  7990  7990 I HBD     : h getDefaultInputRange : UNKNOWN
06-23 17:47:44.244  7990  7990 I HBD     : h getDefaultInputRange : UNKNOWN
06-23 17:47:44.244  7990  7990 I HBD     : h getDefaultInputRange : UNKNOWN
06-23 17:47:44.245  5176  7571 D SdpManagerService: Not an enterprise user : 0
06-23 17:47:44.245  5176  7571 D SdpManagerService: Not an enterprise user : 0
06-23 17:47:44.245  5176  5942 I SemDvfsHyPerManager: acquire hyper - AMS_ACT_START/5176@16, type = -999
06-23 17:47:44.246  4811  5231 E BufferQueueProducer: [com.example.dogglers/com.example.dogglers.HorizontalListActivity$_4218#0](id:12cb00001520,api:0,p:-1,c:4811) disconnect: not connected (req=1)
06-23 17:47:44.246  7990  7990 I HBD     : h getDefaultInputRange : UNKNOWN
06-23 17:47:44.246  4769  4844 I HYPER-HAL: [RequestManager.cpp]acquire(): Acquired ID : 13481044  [5176 / 16]    HINT : AMS_ACT_START    list :
06-23 17:47:44.246  7990  7990 I HBD     : a currentState : 0
06-23 17:47:44.246  4218  4273 W libEGL  : EGLNativeWindowType 0x744f71f010 disconnect failed
06-23 17:47:44.246  4769  4844 I HYPER-HAL: [ResourceManager.cpp]updateResource(): [CPUMinFreq] UpdateResource Request ID : 13481044    Value : 2002000
06-23 17:47:44.247  7990  7990 I HBD     : h load selected json info : {"version":"1.0","currentLanguageOrder":0,"selected":[{"activeOptionList":["auto_replace","auto_spacing"],"engName":"Vietnamese","id":4390912,"inputType":"vietnamese_telex","isUsed":true},{"activeOptionList":["auto_replace","auto_spacing"],"engName":"English","id":65537,"inputType":"qwerty","isUsed":true}]}
06-23 17:47:44.247  4811  4855 I SurfaceFlinger: id=31595 createSurf (0x0),-1 flag=80004, ActivityRecord{53f6f11 u0 com.example.dogglers/androidx.test.core.app.InstrumentationActivityInvoker$EmptyActivity t5123}#0
06-23 17:47:44.248  7990  7990 I HBD     : a [UpdatePolicy] [post] a: 0 cl: 4390912 kit: [0/0] vt: 0 ir: 1
06-23 17:47:44.248  7990  7990 I HBD     : HoneyBoardService [PF_OP][onStartInput]  4347539 ns
06-23 17:47:44.255  4811  4855 I Layer   : id=31588 removeFromCurrentState Surface(name=a01af46 InputMethod)/@0x1dd2b1b - animation-leash#0 (168)
06-23 17:47:44.258  5176  7571 V WindowManager: Relayout Window{d1c68c1 u0 com.example.dogglers/com.example.dogglers.HorizontalListActivity}: viewVisibility=8 req=720x1600
06-23 17:47:44.264  5176  7571 V WindowManager: Relayout hash=d1c68c1, pid=4218: mAttrs={(0,0)(fillxfill) sim={adjust=resize forwardNavigation} ty=BASE_APPLICATION wanim=0x1030304
06-23 17:47:44.264  5176  7571 V WindowManager:   fl=81810100
06-23 17:47:44.264  5176  7571 V WindowManager:   pfl=12020000
06-23 17:47:44.264  5176  7571 V WindowManager:   fitSides= naviIconColor=0}
06-23 17:47:44.265  4218  4218 I SurfaceControl: nativeRelease nativeObject s[499269419584]
06-23 17:47:44.265  4218  4218 I SurfaceControl: nativeRelease nativeObject e[499269419584]
06-23 17:47:44.266  4218  4218 I SurfaceControl: assignNativeObject: nativeObject = 0 Surface(name=null)/@0x9049e0c / android.view.SurfaceControl.readFromParcel:1117 android.view.IWindowSession$Stub$Proxy.relayout:1810 android.view.ViewRootImpl.relayoutWindow:9005 android.view.ViewRootImpl.performTraversals:3360 android.view.ViewRootImpl.doTraversal:2618 android.view.ViewRootImpl$TraversalRunnable.run:9971 android.view.Choreographer$CallbackRecord.run:1010 android.view.Choreographer.doCallbacks:809 android.view.Choreographer.doFrame:744 android.view.Choreographer$FrameDisplayEventReceiver.run:995
06-23 17:47:44.266  5488  5488 D Bubbles : collapse stack cause : onTaskMovedToFront
06-23 17:47:44.266  5488  5488 D Bubbles : setExpanded: false
06-23 17:47:44.266  5488  5488 D Bubbles : setExpandedInternal: shouldExpand=false
06-23 17:47:44.267  4218  4218 I SurfaceControl: assignNativeObject: nativeObject = 0 Surface(name=null)/@0x2114675 / android.view.SurfaceControl.readFromParcel:1117 android.view.IWindowSession$Stub$Proxy.relayout:1820 android.view.ViewRootImpl.relayoutWindow:9005 android.view.ViewRootImpl.performTraversals:3360 android.view.ViewRootImpl.doTraversal:2618 android.view.ViewRootImpl$TraversalRunnable.run:9971 android.view.Choreographer$CallbackRecord.run:1010 android.view.Choreographer.doCallbacks:809 android.view.Choreographer.doFrame:744 android.view.Choreographer$FrameDisplayEventReceiver.run:995
06-23 17:47:44.267  4218  4218 I SurfaceControl: nativeRelease nativeObject s[497833946880]
06-23 17:47:44.267  4218  4218 I SurfaceControl: nativeRelease nativeObject e[497833946880]
06-23 17:47:44.267  4811  4855 I SurfaceFlinger: id=31588 Removed Surface(name=a01af46 InputMethod)/@0x1dd2b1b - animation-leash#0 (168)
06-23 17:47:44.268  4218  4218 I ViewRootImpl@3ea886f[HorizontalListActivity]: Relayout returned: old=(0,0,720,1600) new=(0,0,720,1600) req=(720,1600)8 dur=21 res=0x5 s={false 0} ch=true fn=7
06-23 17:47:44.269  4218  4218 I ViewRootImpl@3ea886f[HorizontalListActivity]: stopped(true) old=false
06-23 17:47:44.271  4218  4218 D LifecycleMonitor: Lifecycle status change: com.example.dogglers.HorizontalListActivity@6580cab in: STOPPED
06-23 17:47:44.271  4811  4811 I Layer   : id=31588[1] Destroyed Surface(name=a01af46 InputMethod)/@0x1dd2b1b - animation-leash#0
06-23 17:47:44.271  4218  4218 V ActivityScenario: Update currentActivityStage to STOPPED, currentActivity=com.example.dogglers.HorizontalListActivity@6580cab
06-23 17:47:44.275  4218  4218 D LifecycleMonitor: Lifecycle status change: com.example.dogglers.HorizontalListActivity@6580cab in: DESTROYED
06-23 17:47:44.275  4218  4218 V ActivityScenario: Update currentActivityStage to DESTROYED, currentActivity=null
06-23 17:47:44.279  4218  4218 I ViewRootImpl@3ea886f[HorizontalListActivity]: dispatchDetachedFromWindow
06-23 17:47:44.280  5176  7571 D InputTransport: Input channel destroyed: 'd1c68c1', fd=921
06-23 17:47:44.280  5176  7571 I SurfaceControl: nativeRelease nativeObject s[497401913568]
06-23 17:47:44.280  5176  7571 I SurfaceControl: nativeRelease nativeObject e[497401913568]
06-23 17:47:44.280  5176  7571 D WindowManager: isScreenshotDisabledLocked - win: Window{d1c68c1 u0 com.example.dogglers/com.example.dogglers.HorizontalListActivity}
06-23 17:47:44.280  5176  7571 D WindowManager: isScreenshotDisabledLocked: userId = 0, disabled =false
06-23 17:47:44.281  5176  7571 I SurfaceControl: nativeRelease nativeObject s[497401913664]
06-23 17:47:44.281  5176  7571 I SurfaceControl: nativeRelease nativeObject e[497401913664]
06-23 17:47:44.281  4811  4855 I Layer   : id=31584 removeFromCurrentState com.example.dogglers/com.example.dogglers.HorizontalListActivity$_4218#0 (167)
06-23 17:47:44.281  4811  4855 I SurfaceFlinger: id=31584 Removed com.example.dogglers/com.example.dogglers.HorizontalListActivity$_4218#0 (167)
06-23 17:47:44.284  4811  4855 I Layer   : id=31583 removeFromCurrentState d1c68c1 com.example.dogglers/com.example.dogglers.HorizontalListActivity#0 (167)
06-23 17:47:44.286  4811  4855 I SurfaceFlinger: id=31583 Removed d1c68c1 com.example.dogglers/com.example.dogglers.HorizontalListActivity#0 (167)
06-23 17:47:44.286  4218  4218 D InputTransport: Input channel destroyed: 'd1c68c1', fd=84
06-23 17:47:44.287  4811  4811 I Layer   : id=31583[1] Destroyed d1c68c1 com.example.dogglers/com.example.dogglers.HorizontalListActivity#0
06-23 17:47:44.287  5176  7571 I SurfaceControl: nativeRelease nativeObject s[497401913184]
06-23 17:47:44.287  4811  4811 I Layer   : id=31584[1] Destroyed com.example.dogglers/com.example.dogglers.HorizontalListActivity$_4218#0
06-23 17:47:44.287  5176  7571 I SurfaceControl: nativeRelease nativeObject e[497401913184]
06-23 17:47:44.293  4811  4855 I Layer   : id=31578 removeFromCurrentState ActivityRecord{e3d4ea u0 com.example.dogglers/.HorizontalListActivity t5123}#0 (165)
06-23 17:47:44.294  4811  5231 I SurfaceFlinger: id=31578 Removed ActivityRecord{e3d4ea u0 com.example.dogglers/.HorizontalListActivity t5123}#0 (165)
06-23 17:47:44.298  4218  4218 D LifecycleMonitor: Lifecycle status change: androidx.test.core.app.InstrumentationActivityInvoker$EmptyActivity@fab3474 in: PAUSED
06-23 17:47:44.299  4218  4218 V ActivityScenario: Activity lifecycle changed event received but ignored because the intent does not match. startActivityIntent=Intent { act=android.intent.action.MAIN cat=[android.intent.category.LAUNCHER] cmp=com.example.dogglers/.HorizontalListActivity }, activity.getIntent()=Intent { act=android.intent.action.MAIN cat=[android.intent.category.LAUNCHER] flg=0x10000000 cmp=com.example.dogglers/androidx.test.core.app.InstrumentationActivityInvoker$EmptyActivity }, activity=androidx.test.core.app.InstrumentationActivityInvoker$EmptyActivity@fab3474
06-23 17:47:44.302  5176  5942 V WindowOrientationListener: getProposedRotation: -1
06-23 17:47:44.302  5176  5942 V WindowOrientationListener: getProposedRotation: -1
06-23 17:47:44.304  5176  5942 V WindowOrientationListener: getProposedRotation: -1
06-23 17:47:44.304  4811  4811 I Layer   : id=31578[1] Destroyed ActivityRecord{e3d4ea u0 com.example.dogglers/.HorizontalListActivity t5123}#0
06-23 17:47:44.306  5176  5942 D InputDispatcher: Focused application set to (0): 53f6f11
06-23 17:47:44.317  5176  5942 D SamsungIMMSHWKeyboard: isConnectedDexOnPC false
06-23 17:47:44.318  4218  4218 I SurfaceControl: nativeRelease nativeObject s[499269422368]
06-23 17:47:44.318  4218  4218 I SurfaceControl: nativeRelease nativeObject e[499269422368]
06-23 17:47:44.318  4218  4218 I SurfaceControl: nativeRelease nativeObject s[499269422272]
06-23 17:47:44.318  4218  4218 I SurfaceControl: nativeRelease nativeObject e[499269422272]
06-23 17:47:44.318  5176  5942 D InputMethodManagerService: isImeSwitcherDisabledPackage : false
06-23 17:47:44.324  4218  4218 D LifecycleMonitor: Lifecycle status change: androidx.test.core.app.InstrumentationActivityInvoker$BootstrapActivity@9bb91f0 in: DESTROYED
06-23 17:47:44.325  4218  4218 V ActivityScenario: Activity lifecycle changed event received but ignored because the intent does not match. startActivityIntent=Intent { act=android.intent.action.MAIN cat=[android.intent.category.LAUNCHER] cmp=com.example.dogglers/.HorizontalListActivity }, activity.getIntent()=Intent { act=android.intent.action.MAIN cat=[android.intent.category.LAUNCHER] flg=0x10008000 cmp=com.example.dogglers/androidx.test.core.app.InstrumentationActivityInvoker$BootstrapActivity (has extras) }, activity=androidx.test.core.app.InstrumentationActivityInvoker$BootstrapActivity@9bb91f0
06-23 17:47:44.326  5176  7542 I SurfaceControl: nativeRelease nativeObject s[499419869664]
06-23 17:47:44.326  5176  7542 I SurfaceControl: nativeRelease nativeObject e[499419869664]
06-23 17:47:44.330  4811  5231 I Layer   : id=31573 removeFromCurrentState ActivityRecord{266fe30 u0 com.example.dogglers/androidx.test.core.app.InstrumentationActivityInvoker$BootstrapActivity t5123}#0 (164)
06-23 17:47:44.331  4811  5231 I SurfaceFlinger: id=31573 Removed ActivityRecord{266fe30 u0 com.example.dogglers/androidx.test.core.app.InstrumentationActivityInvoker$BootstrapActivity t5123}#0 (164)
06-23 17:47:44.335  4218  4218 D LifecycleMonitor: Lifecycle status change: androidx.test.core.app.InstrumentationActivityInvoker$EmptyActivity@9c39fd1 in: PRE_ON_CREATE
06-23 17:47:44.335  4218  4218 V ActivityScenario: Activity lifecycle changed event received but ignored because the intent does not match. startActivityIntent=Intent { act=android.intent.action.MAIN cat=[android.intent.category.LAUNCHER] cmp=com.example.dogglers/.HorizontalListActivity }, activity.getIntent()=Intent { act=android.intent.action.MAIN cat=[android.intent.category.LAUNCHER] flg=0x10000000 cmp=com.example.dogglers/androidx.test.core.app.InstrumentationActivityInvoker$EmptyActivity }, activity=androidx.test.core.app.InstrumentationActivityInvoker$EmptyActivity@9c39fd1
06-23 17:47:44.338  4811  4811 I Layer   : id=31573[1] Destroyed ActivityRecord{266fe30 u0 com.example.dogglers/androidx.test.core.app.InstrumentationActivityInvoker$BootstrapActivity t5123}#0
06-23 17:47:44.339  5176  7542 I InputDispatcher: Focus left window (4218): c192cb4 in display 0 0
06-23 17:47:44.350  4218  4218 I DecorView: [INFO] isPopOver=false, config=true
06-23 17:47:44.351  4218  4218 I DecorView: updateCaptionType >> DecorView@77e5d37[], isFloating=false, isApplication=true, hasWindowDecorCaption=false, hasWindowControllerCallback=true
06-23 17:47:44.351  4218  4218 D DecorView: setCaptionType = 0, this = DecorView@77e5d37[]
06-23 17:47:44.359  4218  4218 D LifecycleMonitor: Lifecycle status change: androidx.test.core.app.InstrumentationActivityInvoker$EmptyActivity@9c39fd1 in: CREATED
06-23 17:47:44.360  4218  4218 V ActivityScenario: Activity lifecycle changed event received but ignored because the intent does not match. startActivityIntent=Intent { act=android.intent.action.MAIN cat=[android.intent.category.LAUNCHER] cmp=com.example.dogglers/.HorizontalListActivity }, activity.getIntent()=Intent { act=android.intent.action.MAIN cat=[android.intent.category.LAUNCHER] flg=0x10000000 cmp=com.example.dogglers/androidx.test.core.app.InstrumentationActivityInvoker$EmptyActivity }, activity=androidx.test.core.app.InstrumentationActivityInvoker$EmptyActivity@9c39fd1
06-23 17:47:44.363  4218  4218 D LifecycleMonitor: Lifecycle status change: androidx.test.core.app.InstrumentationActivityInvoker$EmptyActivity@9c39fd1 in: STARTED
06-23 17:47:44.364  4218  4218 V ActivityScenario: Activity lifecycle changed event received but ignored because the intent does not match. startActivityIntent=Intent { act=android.intent.action.MAIN cat=[android.intent.category.LAUNCHER] cmp=com.example.dogglers/.HorizontalListActivity }, activity.getIntent()=Intent { act=android.intent.action.MAIN cat=[android.intent.category.LAUNCHER] flg=0x10000000 cmp=com.example.dogglers/androidx.test.core.app.InstrumentationActivityInvoker$EmptyActivity }, activity=androidx.test.core.app.InstrumentationActivityInvoker$EmptyActivity@9c39fd1
06-23 17:47:44.367  4218  4218 D LifecycleMonitor: Lifecycle status change: androidx.test.core.app.InstrumentationActivityInvoker$EmptyActivity@9c39fd1 in: RESUMED
06-23 17:47:44.368  4218  4218 V ActivityScenario: Activity lifecycle changed event received but ignored because the intent does not match. startActivityIntent=Intent { act=android.intent.action.MAIN cat=[android.intent.category.LAUNCHER] cmp=com.example.dogglers/.HorizontalListActivity }, activity.getIntent()=Intent { act=android.intent.action.MAIN cat=[android.intent.category.LAUNCHER] flg=0x10000000 cmp=com.example.dogglers/androidx.test.core.app.InstrumentationActivityInvoker$EmptyActivity }, activity=androidx.test.core.app.InstrumentationActivityInvoker$EmptyActivity@9c39fd1
06-23 17:47:44.374  5176  5942 D InputTransport: Input channel constructed: 'cb7ef49', fd=669
06-23 17:47:44.374  5176  5942 D InputTransport: Input channel constructed: 'cb7ef49', fd=683
06-23 17:47:44.375  4811  5231 I SurfaceFlinger: id=31596 createSurf (0x0),-1 flag=80004, cb7ef49 com.example.dogglers/androidx.test.core.app.InstrumentationActivityInvoker$EmptyActivity#0
06-23 17:47:44.376  5176  5942 D WindowManager: isScreenshotDisabledLocked - win: Window{cb7ef49 u0 com.example.dogglers/androidx.test.core.app.InstrumentationActivityInvoker$EmptyActivity}
06-23 17:47:44.376  5176  5942 D WindowManager: isScreenshotDisabledLocked: userId = 0, disabled =false
06-23 17:47:44.376  5176  5942 D InputTransport: Input channel destroyed: 'cb7ef49', fd=683
06-23 17:47:44.377  4218  4218 D InputTransport: Input channel constructed: 'cb7ef49', fd=84
06-23 17:47:44.379  4218  4218 I ViewRootImpl@3ab73c2[InstrumentationActivityInvoker$EmptyActivity]: setView = com.android.internal.policy.DecorView@77e5d37 TM=true
06-23 17:47:44.390  5176  5394 I WifiService: getConnectionInfo uid=1000
06-23 17:47:44.390  5176  5392 I WifiService: getConnectionInfo uid=1000
06-23 17:47:44.396  5176  7542 V WindowManager: Relayout Window{cb7ef49 u0 com.example.dogglers/androidx.test.core.app.InstrumentationActivityInvoker$EmptyActivity}: viewVisibility=0 req=720x1600
06-23 17:47:44.400  5176  7542 D WindowManager: isScreenshotDisabledLocked - win: Window{cb7ef49 u0 com.example.dogglers/androidx.test.core.app.InstrumentationActivityInvoker$EmptyActivity}
06-23 17:47:44.400  5176  7542 D WindowManager: isScreenshotDisabledLocked: userId = 0, disabled =false
06-23 17:47:44.400  4811  5231 I SurfaceFlinger: id=31597 createSurf (720x1600),1 flag=404, com.example.dogglers/androidx.test.core.app.InstrumentationActivityInvoker$EmptyActivity$_4218#1
06-23 17:47:44.403  5176  7542 I SurfaceControl: nativeRelease nativeObject s[497401915008]
06-23 17:47:44.403  5176  7542 I SurfaceControl: nativeRelease nativeObject e[497401915008]
06-23 17:47:44.404  4811  5231 I SurfaceFlinger: id=31598 createSurf (0x0),-1 flag=24000, Surface(name=3833be5 StatusBar)/@0xff1ccfc - animation-leash#0
06-23 17:47:44.406  5176  7542 I SurfaceControl: nativeRelease nativeObject s[497401920288]
06-23 17:47:44.406  5176  7542 I SurfaceControl: nativeRelease nativeObject e[497401920288]
06-23 17:47:44.406  4811  5231 I SurfaceFlinger: id=31599 createSurf (0x0),-1 flag=24000, Surface(name=31a4e78 NavigationBar0)/@0x2b9a7fb - animation-leash#0
06-23 17:47:44.409  5176  7542 V WindowManager: Relayout hash=cb7ef49, pid=4218: mAttrs={(0,0)(fillxfill) sim={adjust=pan forwardNavigation} ty=BASE_APPLICATION wanim=0x1030001
06-23 17:47:44.409  5176  7542 V WindowManager:   fl=1810100
06-23 17:47:44.409  5176  7542 V WindowManager:   pfl=12020000
06-23 17:47:44.409  5176  7542 V WindowManager:   fitSides= naviIconColor=0}
06-23 17:47:44.409  5176  7542 I SurfaceControl: nativeRelease nativeObject s[499419869664]
06-23 17:47:44.409  5176  7542 I SurfaceControl: nativeRelease nativeObject e[499419869664]
06-23 17:47:44.411  4218  4218 I SurfaceControl: assignNativeObject: nativeObject = 0 Surface(name=null)/@0x75195d3 / android.view.SurfaceControl.readFromParcel:1117 android.view.IWindowSession$Stub$Proxy.relayout:1820 android.view.ViewRootImpl.relayoutWindow:9005 android.view.ViewRootImpl.performTraversals:3360 android.view.ViewRootImpl.doTraversal:2618 android.view.ViewRootImpl$TraversalRunnable.run:9971 android.view.Choreographer$CallbackRecord.run:1010 android.view.Choreographer.doCallbacks:809 android.view.Choreographer.doFrame:744 android.view.Choreographer$FrameDisplayEventReceiver.run:995
06-23 17:47:44.412  4811  5231 I Layer   : id=31593 removeFromCurrentState Surface(name=31a4e78 NavigationBar0)/@0x2b9a7fb - animation-leash#1 (167)
06-23 17:47:44.412  4811  5231 I Layer   : id=28 removeFromCurrentState 31a4e78 NavigationBar0#0 (167)
06-23 17:47:44.412  4811  5231 I Layer   : id=38 removeFromCurrentState NavigationBar0$_5488#0 (167)
06-23 17:47:44.412  4811  5231 I Layer   : id=31592 removeFromCurrentState Surface(name=3833be5 StatusBar)/@0xff1ccfc - animation-leash#1 (167)
06-23 17:47:44.412  4811  5231 I Layer   : id=28 addToCurrentState 31a4e78 NavigationBar0#0 (167)
06-23 17:47:44.412  4811  5231 I Layer   : id=38 addToCurrentState NavigationBar0$_5488#0 (167)
06-23 17:47:44.413  4218  4218 I ViewRootImpl@3ab73c2[InstrumentationActivityInvoker$EmptyActivity]: Relayout returned: old=(0,0,720,1600) new=(0,0,720,1600) req=(720,1600)0 dur=17 res=0x7 s={true 499549073408} ch=true fn=-1
06-23 17:47:44.417  4752  4951 D gralloc : [mali_gralloc_allocate] begin
06-23 17:47:44.417  4752  4951 D gralloc : buffer_descriptor: wh(720 1600) usage_pc(0x40000000000b00 0x40000000000b00) hal_format(0x1) layer_count(1) sizes(0 0 0) strde(0) byte_stride(0) alloc_wh(0 0) internal_format(0x0) alloc_format(0x0) fd_count(1) plane_count(0)
06-23 17:47:44.417  5176  7542 I WifiService: getConnectionInfo uid=10302
06-23 17:47:44.418  5176  7542 V WifiService: getConnectionInfo: hideBssidSsidAndNetworkId=true, hideDefaultMacAddress=true
06-23 17:47:44.418  4752  4951 D gralloc : [mali_gralloc_allocate] allocation successful
06-23 17:47:44.418  4752  4951 D gralloc : [mali_gralloc_allocate] begin
06-23 17:47:44.418  4752  4951 D gralloc : buffer_descriptor: wh(720 1600) usage_pc(0x40000000000b00 0x40000000000b00) hal_format(0x1) layer_count(1) sizes(0 0 0) strde(0) byte_stride(0) alloc_wh(0 0) internal_format(0x0) alloc_format(0x0) fd_count(1) plane_count(0)
06-23 17:47:44.419  4752  4951 D gralloc : [mali_gralloc_allocate] allocation successful
06-23 17:47:44.420  4752  4951 D gralloc : [mali_gralloc_allocate] begin
06-23 17:47:44.420  4752  4951 D gralloc : buffer_descriptor: wh(720 1600) usage_pc(0x40000000000b00 0x40000000000b00) hal_format(0x1) layer_count(1) sizes(0 0 0) strde(0) byte_stride(0) alloc_wh(0 0) internal_format(0x0) alloc_format(0x0) fd_count(1) plane_count(0)
06-23 17:47:44.421  4752  4951 D gralloc : [mali_gralloc_allocate] allocation successful
06-23 17:47:44.427  4218  4218 I ViewRootImpl@92ab699[InstrumentationActivityInvoker$EmptyActivity]: MSG_WINDOW_FOCUS_CHANGED 0 1
06-23 17:47:44.431  5176  5198 D PkgPredictorService: pkg:com.example.dogglers activity:androidx.test.core.app.InstrumentationActivityInvoker$EmptyActivity thisTime:187
06-23 17:47:44.433  5176  5202 I ActivityTaskManager: Displayed com.example.dogglers/androidx.test.core.app.InstrumentationActivityInvoker$EmptyActivity: +187ms
06-23 17:47:44.433  5176  5198 I SemDvfsHyPerManager: acquire hyper - AMS_RESUME_TAIL/5176@18, type = -999
06-23 17:47:44.433  5176  5198 I SemDvfsHyPerManager: acquire hyper - AMS_ACT_LAZY/5176@19, type = -999
06-23 17:47:44.433  4769  4844 I HYPER-HAL: [RequestManager.cpp]acquire(): Acquired ID : 13491433  [5176 / 18]    HINT : AMS_RESUME_TAIL    list :
06-23 17:47:44.434  6542  6542 E pageboostd: Received HALT command code 2
06-23 17:47:44.434  4769  4844 I HYPER-HAL: [ResourceManager.cpp]updateResource(): [CPUMinFreq] UpdateResource Request ID : 13491433    Value : 1456000
06-23 17:47:44.434  4769  4844 I HYPER-HAL: [RequestManager.cpp]acquire(): Acquired ID : 13496629  [5176 / 19]    HINT :      list :
06-23 17:47:44.434  4769  4844 E HYPER-HAL: [Request.cpp]acquire(): Request:: id : 13496629, No Resource to set
06-23 17:47:44.434  4769  4844 I HYPER-HAL: [ResourceManager.cpp]removeResource(): [CPUMinFreq] RemoveResource Request ID : 13481044
06-23 17:47:44.434  4769  4844 I HYPER-HAL: [RequestManager.cpp]releaseLocked(): Released ID : 13481044
06-23 17:47:44.441  4218  4218 I SurfaceControl: nativeRelease nativeObject s[497833950912]
06-23 17:47:44.441  4218  4218 I SurfaceControl: nativeRelease nativeObject e[497833950912]
06-23 17:47:44.441  4218  4218 I SurfaceControl: nativeRelease nativeObject s[497833950624]
06-23 17:47:44.441  4218  4218 I SurfaceControl: nativeRelease nativeObject e[497833950624]
06-23 17:47:44.441  4218  4218 I SurfaceControl: nativeRelease nativeObject s[497833946976]
06-23 17:47:44.441  4811  5231 I SurfaceFlinger: id=31593 Removed Surface(name=31a4e78 NavigationBar0)/@0x2b9a7fb - animation-leash#1 (167)
06-23 17:47:44.441  4218  4218 I SurfaceControl: nativeRelease nativeObject e[497833946976]
06-23 17:47:44.441  4811  6436 I SurfaceFlinger: id=31592 Removed Surface(name=3833be5 StatusBar)/@0xff1ccfc - animation-leash#1 (167)
06-23 17:47:44.453  5176  7542 D InputDispatcher: Focused application set to (0): dedaa09
06-23 17:47:44.454  4811  4811 I Layer   : id=31592[1] Destroyed Surface(name=3833be5 StatusBar)/@0xff1ccfc - animation-leash#1
06-23 17:47:44.454  4811  4811 I Layer   : id=31593[1] Destroyed Surface(name=31a4e78 NavigationBar0)/@0x2b9a7fb - animation-leash#1
06-23 17:47:44.456  5176  5942 I InputDispatcher: Focus entered window (4218): cb7ef49 in display 0 0
06-23 17:47:44.459  4811  4811 D SurfaceFlinger: Display 0 HWC layers:
06-23 17:47:44.459  4811  4811 D SurfaceFlinger:      DEVICE | 0x6fb2241e40 | 0002 | RGBA_8888    |    0.0    0.0  720.0 1600.0 |    0    0  720 1600 | com.example.dogglers/androidx.test.c[...]ctivityInvoker$EmptyActivity$_4218#1
06-23 17:47:44.459  4811  4811 D SurfaceFlinger:      DEVICE | 0x70361bde80 | 0000 | RGBA_8888    |    0.0    0.0  111.0  137.0 |    0   68  111  205 | $_3609#1
06-23 17:47:44.459  4811  4811 D SurfaceFlinger:      DEVICE | 0x6f91c17a40 | 0000 | RGBA_8888    |    0.0    0.0  720.0 1600.0 |    0    0  720 1600 | Bubbles!$_5488#0
06-23 17:47:44.459  4811  4811 D SurfaceFlinger:      DEVICE | 0x6fb2241f80 | 0000 | RGBA_8888    |    0.0    0.0  720.0   68.0 |    0    0  720   68 | StatusBar$_5488#0
06-23 17:47:44.459  4811  4811 D SurfaceFlinger:      DEVICE | 0x6fb2242200 | 0000 | RGBA_8888    |    0.0    0.0  259.0   26.0 |  461 1574  720 1600 | SGestureOverlayWindow$_5878#0
06-23 17:47:44.459  4811  4811 D SurfaceFlinger:      DEVICE | 0x70361bed80 | 0000 | RGBA_8888    |    0.0    0.0  259.0   26.0 |  461 1574  720 1600 | SGestureOverlayWindow$_5878#1
06-23 17:47:44.459  4811  4811 D SurfaceFlinger:      DEVICE | 0x6f91c177c0 | 0000 | RGBA_8888    |    0.0    0.0  105.0  105.0 |    0   68  105  173 | cornertabUI$_11263#0
06-23 17:47:44.459  4811  4811 D SurfaceFlinger:      DEVICE | 0x6fb2240a40 | 0000 | RGBA_8888    |    0.0    0.0  720.0   84.
06-23 17:47:44.459  4811  4811 D SurfaceFlinger: 0 |    0 1516  720 1600 | NavigationBar0$_5488#0
06-23 17:47:44.459  4811  4811 D SurfaceFlinger:
06-23 17:47:44.465  5488  5488 D Bubbles : collapse stack cause : onTaskMovedToFront
06-23 17:47:44.465  5488  5488 D Bubbles : setExpanded: false
06-23 17:47:44.465  5488  5488 D Bubbles : setExpandedInternal: shouldExpand=false
06-23 17:47:44.472  4811  6436 E BufferQueueProducer: [com.example.dogglers/androidx.test.core.app.InstrumentationActivityInvoker$EmptyActivity$_4218#0](id:12cb00001521,api:0,p:-1,c:4811) disconnect: not connected (req=1)
06-23 17:47:44.473  4218  4273 W libEGL  : EGLNativeWindowType 0x73f1de7010 disconnect failed
06-23 17:47:44.473  5176  7542 I InputDispatcher: Focus left window (4218): cb7ef49 in display 0 0
06-23 17:47:44.474  5176  7542 V WindowManager: Relayout Window{c192cb4 u0 com.example.dogglers/androidx.test.core.app.InstrumentationActivityInvoker$EmptyActivity}: viewVisibility=8 req=720x1600
06-23 17:47:44.480  5176  7542 V WindowManager: Relayout hash=c192cb4, pid=4218: mAttrs={(0,0)(fillxfill) sim={adjust=pan forwardNavigation} ty=BASE_APPLICATION wanim=0x1030001
06-23 17:47:44.480  5176  7542 V WindowManager:   fl=1810100
06-23 17:47:44.480  5176  7542 V WindowManager:   pfl=12020000
06-23 17:47:44.480  5176  7542 V WindowManager:   fitSides= naviIconColor=0}
06-23 17:47:44.481  4218  4218 I SurfaceControl: nativeRelease nativeObject s[499269430912]
06-23 17:47:44.481  4218  4218 I SurfaceControl: nativeRelease nativeObject e[499269430912]
06-23 17:47:44.482  4218  4218 I SurfaceControl: assignNativeObject: nativeObject = 0 Surface(name=null)/@0xd954510 / android.view.SurfaceControl.readFromParcel:1117 android.view.IWindowSession$Stub$Proxy.relayout:1810 android.view.ViewRootImpl.relayoutWindow:9005 android.view.ViewRootImpl.performTraversals:3360 android.view.ViewRootImpl.doTraversal:2618 android.view.ViewRootImpl$TraversalRunnable.run:9971 android.view.Choreographer$CallbackRecord.run:1010 android.view.Choreographer.doCallbacks:809 android.view.Choreographer.doFrame:744 android.view.Choreographer$FrameDisplayEventReceiver.run:995
