06-23 17:47:44.482  4218  4218 I SurfaceControl: assignNativeObject: nativeObject = 0 Surface(name=null)/@0xe288d5e / android.view.SurfaceControl.readFromParcel:1117 android.view.IWindowSession$Stub$Proxy.relayout:1820 android.view.ViewRootImpl.relayoutWindow:9005 android.view.ViewRootImpl.performTraversals:3360 android.view.ViewRootImpl.doTraversal:2618 android.view.ViewRootImpl$TraversalRunnable.run:9971 android.view.Choreographer$CallbackRecord.run:1010 android.view.Choreographer.doCallbacks:809 android.view.Choreographer.doFrame:744 android.view.Choreographer$FrameDisplayEventReceiver.run:995
06-23 17:47:44.483  4218  4218 I SurfaceControl: nativeRelease nativeObject s[497833951008]
06-23 17:47:44.483  4218  4218 I SurfaceControl: nativeRelease nativeObject e[497833951008]
06-23 17:47:44.484  4218  4218 I ViewRootImpl@92ab699[InstrumentationActivityInvoker$EmptyActivity]: Relayout returned: old=(0,0,720,1600) new=(0,0,720,1600) req=(720,1600)8 dur=9 res=0x5 s={false 0} ch=true fn=2
06-23 17:47:44.485  4218  4218 I ViewRootImpl@92ab699[InstrumentationActivityInvoker$EmptyActivity]: stopped(true) old=false
06-23 17:47:44.485  4218  4218 D LifecycleMonitor: Lifecycle status change: androidx.test.core.app.InstrumentationActivityInvoker$EmptyActivity@fab3474 in: STOPPED
06-23 17:47:44.486  4218  4218 V ActivityScenario: Activity lifecycle changed event received but ignored because the intent does not match. startActivityIntent=Intent { act=android.intent.action.MAIN cat=[android.intent.category.LAUNCHER] cmp=com.example.dogglers/.HorizontalListActivity }, activity.getIntent()=Intent { act=android.intent.action.MAIN cat=[android.intent.category.LAUNCHER] flg=0x10000000 cmp=com.example.dogglers/androidx.test.core.app.InstrumentationActivityInvoker$EmptyActivity }, activity=androidx.test.core.app.InstrumentationActivityInvoker$EmptyActivity@fab3474
06-23 17:47:44.489  4218  4218 D LifecycleMonitor: Lifecycle status change: androidx.test.core.app.InstrumentationActivityInvoker$EmptyActivity@fab3474 in: DESTROYED
06-23 17:47:44.490  4218  4218 V ActivityScenario: Activity lifecycle changed event received but ignored because the intent does not match. startActivityIntent=Intent { act=android.intent.action.MAIN cat=[android.intent.category.LAUNCHER] cmp=com.example.dogglers/.HorizontalListActivity }, activity.getIntent()=Intent { act=android.intent.action.MAIN cat=[android.intent.category.LAUNCHER] flg=0x10000000 cmp=com.example.dogglers/androidx.test.core.app.InstrumentationActivityInvoker$EmptyActivity }, activity=androidx.test.core.app.InstrumentationActivityInvoker$EmptyActivity@fab3474
06-23 17:47:44.492  4218  4218 I ViewRootImpl@92ab699[InstrumentationActivityInvoker$EmptyActivity]: dispatchDetachedFromWindow
06-23 17:47:44.493  5176  5942 D InputTransport: Input channel destroyed: 'c192cb4', fd=666
06-23 17:47:44.493  5176  5942 I SurfaceControl: nativeRelease nativeObject s[497401913952]
06-23 17:47:44.493  5176  5942 I SurfaceControl: nativeRelease nativeObject e[497401913952]
06-23 17:47:44.493  5176  5942 D WindowManager: isScreenshotDisabledLocked - win: Window{c192cb4 u0 com.example.dogglers/androidx.test.core.app.InstrumentationActivityInvoker$EmptyActivity}
06-23 17:47:44.493  5176  5942 D WindowManager: isScreenshotDisabledLocked: userId = 0, disabled =false
06-23 17:47:44.493  5176  5942 I SurfaceControl: nativeRelease nativeObject s[497270570592]
06-23 17:47:44.493  5176  5942 I SurfaceControl: nativeRelease nativeObject e[497270570592]
06-23 17:47:44.494  4811  5231 I SurfaceFlinger: id=31600 createSurf (0x0),-1 flag=24004, Surface(name=a01af46 InputMethod)/@0x1dd2b1b - animation-leash#0
06-23 17:47:44.495  5176  5942 I SurfaceControl: nativeRelease nativeObject s[497401919040]
06-23 17:47:44.495  5176  5942 I SurfaceControl: nativeRelease nativeObject e[497401919040]
06-23 17:47:44.495  4811  5231 I Layer   : id=31591 removeFromCurrentState com.example.dogglers/androidx.test.core.app.InstrumentationActivityInvoker$EmptyActivity$_4218#0 (166)
06-23 17:47:44.496  4811  5231 I SurfaceFlinger: id=31591 Removed com.example.dogglers/androidx.test.core.app.InstrumentationActivityInvoker$EmptyActivity$_4218#0 (166)
06-23 17:47:44.499  4811  5231 I Layer   : id=31590 removeFromCurrentState c192cb4 com.example.dogglers/androidx.test.core.app.InstrumentationActivityInvoker$EmptyActivity#0 (166)
06-23 17:47:44.499  4811  5231 I Layer   : id=31594 removeFromCurrentState Surface(name=a01af46 InputMethod)/@0x1dd2b1b - animation-leash#1 (166)
06-23 17:47:44.499  4811  5231 I SurfaceFlinger: id=31590 Removed c192cb4 com.example.dogglers/androidx.test.core.app.InstrumentationActivityInvoker$EmptyActivity#0 (166)
06-23 17:47:44.501  4218  4218 D InputTransport: Input channel destroyed: 'c192cb4', fd=92
06-23 17:47:44.502  5176  7542 I SurfaceControl: nativeRelease nativeObject s[497401912704]
06-23 17:47:44.502  5176  7542 I SurfaceControl: nativeRelease nativeObject e[497401912704]
06-23 17:47:44.504  4811  4811 I Layer   : id=31590[1] Destroyed c192cb4 com.example.dogglers/androidx.test.core.app.InstrumentationActivityInvoker$EmptyActivity#0
06-23 17:47:44.504  4811  4811 I Layer   : id=31591[1] Destroyed com.example.dogglers/androidx.test.core.app.InstrumentationActivityInvoker$EmptyActivity$_4218#0
06-23 17:47:44.507  4218  4218 D LifecycleMonitor: Lifecycle status change: androidx.test.core.app.InstrumentationActivityInvoker$EmptyActivity@9c39fd1 in: PAUSED
06-23 17:47:44.508  4218  4218 V ActivityScenario: Activity lifecycle changed event received but ignored because the intent does not match. startActivityIntent=Intent { act=android.intent.action.MAIN cat=[android.intent.category.LAUNCHER] cmp=com.example.dogglers/.HorizontalListActivity }, activity.getIntent()=Intent { act=android.intent.action.MAIN cat=[android.intent.category.LAUNCHER] flg=0x10000000 cmp=com.example.dogglers/androidx.test.core.app.InstrumentationActivityInvoker$EmptyActivity }, activity=androidx.test.core.app.InstrumentationActivityInvoker$EmptyActivity@9c39fd1
06-23 17:47:44.508  4811  5231 I Layer   : id=31589 removeFromCurrentState ActivityRecord{332b38f u0 com.example.dogglers/androidx.test.core.app.InstrumentationActivityInvoker$EmptyActivity t5123}#0 (164)
06-23 17:47:44.509  4811  5231 I SurfaceFlinger: id=31589 Removed ActivityRecord{332b38f u0 com.example.dogglers/androidx.test.core.app.InstrumentationActivityInvoker$EmptyActivity t5123}#0 (164)
06-23 17:47:44.510  5176  5942 I SemDvfsHyPerManager: acquire hyper - AMS_APP_HOME/5176@30, type = -999
06-23 17:47:44.511  4769  4844 I HYPER-HAL: [RequestManager.cpp]acquire(): Acquired ID : 13553851  [5176 / 30]    HINT : AMS_APP_HOME    list :
06-23 17:47:44.511  4769  4844 I HYPER-HAL: [ResourceManager.cpp]updateResource(): [CPUMinFreq] UpdateResource Request ID : 13553851    Value : 2002000
06-23 17:47:44.511  7326  7326 I SemDvfsHyPerManager: acquire hyper - com.sec.android.sdhms/7326@12, type = -999
06-23 17:47:44.512  4769  4844 I HYPER-HAL: [RequestManager.cpp]acquire(): Acquired ID : 26926803  [7326 / 12]    HINT : APP_START    list :
06-23 17:47:44.512  4769  4844 I HYPER-HAL: [ResourceManager.cpp]updateResource(): [CPUMaxFreq] UpdateResource Request ID : 26926803    Value : 2002000
06-23 17:47:44.514  5176  5942 V WindowOrientationListener: getProposedRotation: -1
06-23 17:47:44.521  4811  4811 I Layer   : id=31589[1] Destroyed ActivityRecord{332b38f u0 com.example.dogglers/androidx.test.core.app.InstrumentationActivityInvoker$EmptyActivity t5123}#0
06-23 17:47:44.524  4218  4218 I ViewRootImpl@3ab73c2[InstrumentationActivityInvoker$EmptyActivity]: MSG_WINDOW_FOCUS_CHANGED 0 1
06-23 17:47:44.525  4218  4218 I ViewRootImpl@3ab73c2[InstrumentationActivityInvoker$EmptyActivity]: MSG_WINDOW_FOCUS_CHANGED 0 1
06-23 17:47:44.525  5176  7542 V WindowManager: Relayout Window{2f736bc u0 com.sec.android.app.launcher/com.sec.android.app.launcher.activities.LauncherActivity}: viewVisibility=4 req=720x1600
06-23 17:47:44.526  4218  4264 I TestRunner: finished: horizontal_scroll_content_at_last_position(com.example.dogglers.HorizontalListTests)
