06-23 17:47:41.223  4811  4811 D SurfaceFlinger:      DEVICE | 0x6fb223f500 | 0002 | RGBA_8888    |    0.0    0.0  720.0 1600.0 |    0    0  720 1600 | com.example.dogglers/androidx.test.c[...]ctivityInvoker$EmptyActivity$_4218#1
06-23 17:47:41.223  4811  4811 D SurfaceFlinger:      DEVICE | 0x70361bde80 | 0000 | RGBA_8888    |    0.0    0.0  111.0  137.0 |    0   68  111  205 | $_3609#1
06-23 17:47:41.223  4811  4811 D SurfaceFlinger:      DEVICE | 0x6f91c17a40 | 0000 | RGBA_8888    |    0.0    0.0  720.0 1600.0 |    0    0  720 1600 | Bubbles!$_5488#0
06-23 17:47:41.223  4811  4811 D SurfaceFlinger:      DEVICE | 0x6fb2241f80 | 0000 | RGBA_8888    |    0.0    0.0  720.0   68.0 |    0    0  720   68 | StatusBar$_5488#0
06-23 17:47:41.223  4811  4811 D SurfaceFlinger:      DEVICE | 0x6fb2242200 | 0000 | RGBA_8888    |    0.0    0.0  259.0   26.0 |  461 1574  720 1600 | SGestureOverlayWindow$_5878#0
06-23 17:47:41.223  4811  4811 D SurfaceFlinger:      DEVICE | 0x70361bed80 | 0000 | RGBA_8888    |    0.0    0.0  259.0   26.0 |  461 1574  720 1600 | SGestureOverlayWindow$_5878#1
06-23 17:47:41.223  4811  4811 D SurfaceFlinger:      DEVICE | 0x6f91c16dc0 | 0000 | RGBA_8888    |    0.0    0.0  105.0  105.0 |    0   68  105  173 | cornertabUI$_11263#0
06-23 17:47:41.223  4811  4811 D SurfaceFlinger:      DEVICE | 0x6fb2240a40 | 0000 | RGBA_8888    |    0.0    0.0  720.0   84.
06-23 17:47:41.223  4811  4811 D SurfaceFlinger: 0 |    0 1516  720 1600 | NavigationBar0$_5488#0
06-23 17:47:41.223  4811  4811 D SurfaceFlinger:
06-23 17:47:41.224  5176  8501 D InputDispatcher: Focused application set to (0): dedaa09
06-23 17:47:41.233  5488  5488 D Bubbles : collapse stack cause : onTaskMovedToFront
06-23 17:47:41.233  5488  5488 D Bubbles : setExpanded: false
06-23 17:47:41.233  5488  5488 D Bubbles : setExpandedInternal: shouldExpand=false
06-23 17:47:41.241  4811  5230 E BufferQueueProducer: [com.example.dogglers/androidx.test.core.app.InstrumentationActivityInvoker$EmptyActivity$_4218#0](id:12cb00001517,api:0,p:-1,c:4811) disconnect: not connected (req=1)
06-23 17:47:41.241  4218  4273 W libEGL  : EGLNativeWindowType 0x744f71f010 disconnect failed
06-23 17:47:41.243  5176  8501 V WindowManager: Relayout Window{a948ab6 u0 com.example.dogglers/androidx.test.core.app.InstrumentationActivityInvoker$EmptyActivity}: viewVisibility=8 req=720x1600
06-23 17:47:41.248  5176  8501 V WindowManager: Relayout hash=a948ab6, pid=4218: mAttrs={(0,0)(fillxfill) sim={adjust=pan forwardNavigation} ty=BASE_APPLICATION wanim=0x1030001
06-23 17:47:41.248  5176  8501 V WindowManager:   fl=1810100
06-23 17:47:41.248  5176  8501 V WindowManager:   pfl=12020000
06-23 17:47:41.248  5176  8501 V WindowManager:   fitSides= naviIconColor=0}
06-23 17:47:41.250  4218  4218 I SurfaceControl: nativeRelease nativeObject s[499269424480]
06-23 17:47:41.250  4218  4218 I SurfaceControl: nativeRelease nativeObject e[499269424480]
06-23 17:47:41.251  4218  4218 I SurfaceControl: assignNativeObject: nativeObject = 0 Surface(name=null)/@0x3dc3b1 / android.view.SurfaceControl.readFromParcel:1117 android.view.IWindowSession$Stub$Proxy.relayout:1810 android.view.ViewRootImpl.relayoutWindow:9005 android.view.ViewRootImpl.performTraversals:3360 android.view.ViewRootImpl.doTraversal:2618 android.view.ViewRootImpl$TraversalRunnable.run:9971 android.view.Choreographer$CallbackRecord.run:1010 android.view.Choreographer.doCallbacks:809 android.view.Choreographer.doFrame:744 android.view.Choreographer$FrameDisplayEventReceiver.run:995
06-23 17:47:41.252  4218  4218 I SurfaceControl: assignNativeObject: nativeObject = 0 Surface(name=null)/@0xf12f9d4 / android.view.SurfaceControl.readFromParcel:1117 android.view.IWindowSession$Stub$Proxy.relayout:1820 android.view.ViewRootImpl.relayoutWindow:9005 android.view.ViewRootImpl.performTraversals:3360 android.view.ViewRootImpl.doTraversal:2618 android.view.ViewRootImpl$TraversalRunnable.run:9971 android.view.Choreographer$CallbackRecord.run:1010 android.view.Choreographer.doCallbacks:809 android.view.Choreographer.doFrame:744 android.view.Choreographer$FrameDisplayEventReceiver.run:995
06-23 17:47:41.253  5176  8501 I InputDispatcher: Focus left window (4218): d7559f  in display 0 0
06-23 17:47:41.254  4218  4218 I SurfaceControl: nativeRelease nativeObject s[502077226144]
06-23 17:47:41.254  4218  4218 I SurfaceControl: nativeRelease nativeObject e[502077226144]
06-23 17:47:41.254  4218  4218 I ViewRootImpl@c7dd327[InstrumentationActivityInvoker$EmptyActivity]: Relayout returned: old=(0,0,720,1600) new=(0,0,720,1600) req=(720,1600)8 dur=10 res=0x5 s={false 0} ch=true fn=2
06-23 17:47:41.256  4218  4218 I ViewRootImpl@c7dd327[InstrumentationActivityInvoker$EmptyActivity]: stopped(true) old=false
06-23 17:47:41.257  4218  4218 D LifecycleMonitor: Lifecycle status change: androidx.test.core.app.InstrumentationActivityInvoker$EmptyActivity@2d1de1a in: STOPPED
06-23 17:47:41.258  4218  4218 V ActivityScenario: Activity lifecycle changed event received but ignored because the intent does not match. startActivityIntent=Intent { act=android.intent.action.MAIN cat=[android.intent.category.LAUNCHER] cmp=com.example.dogglers/.HorizontalListActivity }, activity.getIntent()=Intent { act=android.intent.action.MAIN cat=[android.intent.category.LAUNCHER] flg=0x10000000 cmp=com.example.dogglers/androidx.test.core.app.InstrumentationActivityInvoker$EmptyActivity }, activity=androidx.test.core.app.InstrumentationActivityInvoker$EmptyActivity@2d1de1a
06-23 17:47:41.261  4218  4218 D LifecycleMonitor: Lifecycle status change: androidx.test.core.app.InstrumentationActivityInvoker$EmptyActivity@2d1de1a in: DESTROYED
06-23 17:47:41.262  4218  4218 V ActivityScenario: Activity lifecycle changed event received but ignored because the intent does not match. startActivityIntent=Intent { act=android.intent.action.MAIN cat=[android.intent.category.LAUNCHER] cmp=com.example.dogglers/.HorizontalListActivity }, activity.getIntent()=Intent { act=android.intent.action.MAIN cat=[android.intent.category.LAUNCHER] flg=0x10000000 cmp=com.example.dogglers/androidx.test.core.app.InstrumentationActivityInvoker$EmptyActivity }, activity=androidx.test.core.app.InstrumentationActivityInvoker$EmptyActivity@2d1de1a
06-23 17:47:41.264  4218  4218 I ViewRootImpl@c7dd327[InstrumentationActivityInvoker$EmptyActivity]: dispatchDetachedFromWindow
06-23 17:47:41.265  5176  8501 D InputTransport: Input channel destroyed: 'a948ab6', fd=910
06-23 17:47:41.265  5176  8501 I SurfaceControl: nativeRelease nativeObject s[497401912704]
06-23 17:47:41.265  5176  8501 I SurfaceControl: nativeRelease nativeObject e[497401912704]
06-23 17:47:41.265  5176  8501 D WindowManager: isScreenshotDisabledLocked - win: Window{a948ab6 u0 com.example.dogglers/androidx.test.core.app.InstrumentationActivityInvoker$EmptyActivity}
06-23 17:47:41.265  5176  8501 D WindowManager: isScreenshotDisabledLocked: userId = 0, disabled =false
06-23 17:47:41.266  5176  8501 I SurfaceControl: nativeRelease nativeObject s[497401913760]
06-23 17:47:41.266  5176  8501 I SurfaceControl: nativeRelease nativeObject e[497401913760]
06-23 17:47:41.266  4811  5230 I SurfaceFlinger: id=31526 createSurf (0x0),-1 flag=24004, Surface(name=a01af46 InputMethod)/@0x1dd2b1b - animation-leash#0
06-23 17:47:41.267  5176  8501 I SurfaceControl: nativeRelease nativeObject s[499419869664]
06-23 17:47:41.267  5176  8501 I SurfaceControl: nativeRelease nativeObject e[499419869664]
06-23 17:47:41.268  4811  5230 I Layer   : id=31516 removeFromCurrentState com.example.dogglers/androidx.test.core.app.InstrumentationActivityInvoker$EmptyActivity$_4218#0 (156)
06-23 17:47:41.268  4811  5230 I SurfaceFlinger: id=31516 Removed com.example.dogglers/androidx.test.core.app.InstrumentationActivityInvoker$EmptyActivity$_4218#0 (156)
06-23 17:47:41.272  4811  5230 I Layer   : id=31515 removeFromCurrentState a948ab6 com.example.dogglers/androidx.test.core.app.InstrumentationActivityInvoker$EmptyActivity#0 (156)
06-23 17:47:41.272  4811  5230 I Layer   : id=31521 removeFromCurrentState Surface(name=a01af46 InputMethod)/@0x1dd2b1b - animation-leash#1 (156)
06-23 17:47:41.272  4811  5230 I SurfaceFlinger: id=31515 Removed a948ab6 com.example.dogglers/androidx.test.core.app.InstrumentationActivityInvoker$EmptyActivity#0 (156)
06-23 17:47:41.274  4218  4218 D InputTransport: Input channel destroyed: 'a948ab6', fd=98
06-23 17:47:41.277  5176  8501 I SurfaceControl: nativeRelease nativeObject s[497276227776]
06-23 17:47:41.277  5176  8501 I SurfaceControl: nativeRelease nativeObject e[497276227776]
06-23 17:47:41.281  4218  4218 D LifecycleMonitor: Lifecycle status change: androidx.test.core.app.InstrumentationActivityInvoker$EmptyActivity@cab27be in: PAUSED
06-23 17:47:41.282  4218  4218 V ActivityScenario: Activity lifecycle changed event received but ignored because the intent does not match. startActivityIntent=Intent { act=android.intent.action.MAIN cat=[android.intent.category.LAUNCHER] cmp=com.example.dogglers/.HorizontalListActivity }, activity.getIntent()=Intent { act=android.intent.action.MAIN cat=[android.intent.category.LAUNCHER] flg=0x10000000 cmp=com.example.dogglers/androidx.test.core.app.InstrumentationActivityInvoker$EmptyActivity }, activity=androidx.test.core.app.InstrumentationActivityInvoker$EmptyActivity@cab27be
06-23 17:47:41.284  4811  4811 I Layer   : id=31515[1] Destroyed a948ab6 com.example.dogglers/androidx.test.core.app.InstrumentationActivityInvoker$EmptyActivity#0
06-23 17:47:41.284  4811  4811 I Layer   : id=31516[1] Destroyed com.example.dogglers/androidx.test.core.app.InstrumentationActivityInvoker$EmptyActivity$_4218#0
06-23 17:47:41.286  5176  5942 I SemDvfsHyPerManager: acquire hyper - AMS_APP_HOME/5176@30, type = -999
06-23 17:47:41.286  4769  4844 I HYPER-HAL: [RequestManager.cpp]acquire(): Acquired ID : 13553851  [5176 / 30]    HINT : AMS_APP_HOME    list :
06-23 17:47:41.286  4769  4844 I HYPER-HAL: [ResourceManager.cpp]updateResource(): [CPUMinFreq] UpdateResource Request ID : 13553851    Value : 2002000
06-23 17:47:41.288  7326  7326 I SemDvfsHyPerManager: acquire hyper - com.sec.android.sdhms/7326@12, type = -999
06-23 17:47:41.289  4769  4844 I HYPER-HAL: [RequestManager.cpp]acquire(): Acquired ID : 26926803  [7326 / 12]    HINT : APP_START    list :
06-23 17:47:41.289  4769  4844 I HYPER-HAL: [ResourceManager.cpp]updateResource(): [CPUMaxFreq] UpdateResource Request ID : 26926803    Value : 2002000
06-23 17:47:41.291  5176  5942 V WindowOrientationListener: getProposedRotation: -1
06-23 17:47:41.301  4811  5230 I Layer   : id=31514 removeFromCurrentState ActivityRecord{688628c u0 com.example.dogglers/androidx.test.core.app.InstrumentationActivityInvoker$EmptyActivity t5121}#0 (154)
06-23 17:47:41.303  4811  4854 I SurfaceFlinger: id=31514 Removed ActivityRecord{688628c u0 com.example.dogglers/androidx.test.core.app.InstrumentationActivityInvoker$EmptyActivity t5121}#0 (154)
06-23 17:47:41.303  4218  4218 I ViewRootImpl@e1e7f3b[InstrumentationActivityInvoker$EmptyActivity]: MSG_WINDOW_FOCUS_CHANGED 0 1
06-23 17:47:41.304  4218  4218 I ViewRootImpl@e1e7f3b[InstrumentationActivityInvoker$EmptyActivity]: MSG_WINDOW_FOCUS_CHANGED 0 1
06-23 17:47:41.305  5176  8501 V WindowManager: Relayout Window{6a9663 u0 cornertabUI}: viewVisibility=0 req=105x105
06-23 17:47:41.307  4218  4264 I TestRunner: finished: recycler_view_item_count(com.example.dogglers.HorizontalListTests)
