06-23 17:47:43.541  4218  4264 I TestRunner: started: horizontal_scroll_content_at_last_position(com.example.dogglers.HorizontalListTests)
06-23 17:47:43.551  5176  5392 I WifiService: getConnectionInfo uid=1000
06-23 17:47:43.553  4218  4264 W Settings: Setting always_finish_activities has moved from android.provider.Settings.System to android.provider.Settings.Global, returning read-only value.
06-23 17:47:43.564  5176  6424 I SemDvfsHyPerManager: acquire hyper - AMS_APP_SWITCH/5176@24, type = -999
06-23 17:47:43.564  4769  4844 I HYPER-HAL: [RequestManager.cpp]acquire(): Acquired ID : 13522624  [5176 / 24]    HINT : AMS_APP_SWITCH    list :
06-23 17:47:43.565  4769  4844 I HYPER-HAL: [ResourceManager.cpp]updateResource(): [CPUMinFreq] UpdateResource Request ID : 13522624    Value : 2002000
06-23 17:47:43.565  7326  7326 I SemDvfsHyPerManager: acquire hyper - com.sec.android.sdhms/7326@12, type = -999
06-23 17:47:43.565  4811  6436 I SurfaceFlinger: id=31572 createSurf (0x0),-1 flag=24004, Task=5123#0
06-23 17:47:43.565  4769  4337 I HYPER-HAL: [ResourceManager.cpp]removeResource(): [CPUMinFreq] RemoveResource Request ID : 13553851
06-23 17:47:43.565  4769  4337 I HYPER-HAL: [RequestManager.cpp]releaseLocked(): Released ID : 13553851
06-23 17:47:43.565  4769  4844 I HYPER-HAL: [RequestManager.cpp]acquire(): Acquired ID : 26926803  [7326 / 12]    HINT : APP_START    list :
06-23 17:47:43.565  4769  4844 I HYPER-HAL: [ResourceManager.cpp]updateResource(): [CPUMaxFreq] UpdateResource Request ID : 26926803    Value : 2002000
06-23 17:47:43.568  4811  6436 I SurfaceFlinger: id=31573 createSurf (0x0),-1 flag=80004, ActivityRecord{266fe30 u0 com.example.dogglers/androidx.test.core.app.InstrumentationActivityInvoker$BootstrapActivity t5123}#0
06-23 17:47:43.572  5176  7842 V WindowOrientationListener: getProposedRotation: -1
06-23 17:47:43.579  5176  7842 I SemDvfsHyPerManager: acquire hyper - AMS_APP_LAUNCH/5176@17, type = -999
06-23 17:47:43.579  4769  4844 I HYPER-HAL: [RequestManager.cpp]acquire(): Acquired ID : 13486238  [5176 / 17]    HINT : AMS_APP_LAUNCH    list :
06-23 17:47:43.579  4769  4844 I HYPER-HAL: [ResourceManager.cpp]updateResource(): [CPUMinFreq] UpdateResource Request ID : 13486238    Value : 2002000
06-23 17:47:43.581  5878  5878 I DragController: endDrag
06-23 17:47:43.582  5878  5878 I SPayUpdater: updateSpayHandler launcher activity is paused false
06-23 17:47:43.583  5488  5488 D Bubbles : collapse stack cause : onTaskMovedToFront
06-23 17:47:43.583  5488  5488 D Bubbles : setExpanded: false
06-23 17:47:43.583  5488  5488 D Bubbles : setExpandedInternal: shouldExpand=false
06-23 17:47:43.586  5176  7571 V WindowOrientationListener: getProposedRotation: -1
06-23 17:47:43.586  5176  7571 V WindowOrientationListener: getProposedRotation: -1
06-23 17:47:43.587  5176  7571 V WindowOrientationListener: getProposedRotation: -1
06-23 17:47:43.590  5176  7571 D InputDispatcher: Focused application set to (0): 266fe30
06-23 17:47:43.601  5488  5488 D Bubbles : collapse stack cause : onTaskMovedToFront
06-23 17:47:43.601  5488  5488 D Bubbles : setExpanded: false
06-23 17:47:43.601  5488  5488 D Bubbles : setExpandedInternal: shouldExpand=false
06-23 17:47:43.602  5176  7571 V WindowManager: Relayout Window{2f736bc u0 com.sec.android.app.launcher/com.sec.android.app.launcher.activities.LauncherActivity}: viewVisibility=0 req=720x1600
06-23 17:47:43.607  5176  5198 D InputTransport: Input channel constructed: '3e2a865', fd=669
06-23 17:47:43.607  5176  5198 D InputTransport: Input channel constructed: '3e2a865', fd=683
06-23 17:47:43.608  5176  7571 V WindowManager: Relayout hash=2f736bc, pid=5878: mAttrs={(0,0)(fillxfill) sim={adjust=nothing} layoutInDisplayCutoutMode=shortEdges ty=BASE_APPLICATION fmt=TRANSPARENT wanim=0x10302f2
06-23 17:47:43.608  5176  7571 V WindowManager:   fl=81910100
06-23 17:47:43.608  5176  7571 V WindowManager:   pfl=16020000
06-23 17:47:43.608  5176  7571 V WindowManager:   vsysui=1700
06-23 17:47:43.608  5176  7571 V WindowManager:   bhv=SHOW_TRANSIENT_BARS_BY_SWIPE
06-23 17:47:43.608  5176  7571 V WindowManager:   fitSides= naviIconColor=0}
06-23 17:47:43.608  4811  6436 I SurfaceFlinger: id=31574 createSurf (0x0),-1 flag=80004, 3e2a865 Splash Screen com.example.dogglers#0
06-23 17:47:43.608  5176  7571 I SurfaceControl: nativeRelease nativeObject s[497401912704]
06-23 17:47:43.608  5176  7571 I SurfaceControl: nativeRelease nativeObject e[497401912704]
06-23 17:47:43.609  5878  5878 I SurfaceControl: nativeRelease nativeObject s[499533430656]
06-23 17:47:43.609  5878  5878 I SurfaceControl: nativeRelease nativeObject e[499533430656]
06-23 17:47:43.609  5878  5878 I SurfaceControl: assignNativeObject: nativeObject = 0 Surface(name=null)/@0x15e5e7b / android.view.SurfaceControl.readFromParcel:1117 android.view.IWindowSession$Stub$Proxy.relayout:1820 android.view.ViewRootImpl.relayoutWindow:9005 android.view.ViewRootImpl.performTraversals:3360 android.view.ViewRootImpl.doTraversal:2618 android.view.ViewRootImpl$TraversalRunnable.run:9971 android.view.Choreographer$CallbackRecord.run:1010 android.view.Choreographer.doCallbacks:809 android.view.Choreographer.doFrame:744 android.view.Choreographer$FrameDisplayEventReceiver.run:995
06-23 17:47:43.610  5176  5198 I ViewRootImpl@c75cd5c[dogglers]: setView = com.android.internal.policy.DecorView@f09e9eb TM=true
06-23 17:47:43.610  4218  4218 D LifecycleMonitor: Lifecycle status change: androidx.test.core.app.InstrumentationActivityInvoker$BootstrapActivity@9bb91f0 in: PRE_ON_CREATE
06-23 17:47:43.610  5878  5878 I SurfaceControl: nativeRelease nativeObject s[499533432192]
06-23 17:47:43.610  5878  5878 I SurfaceControl: nativeRelease nativeObject e[499533432192]
06-23 17:47:43.610  5878  5878 I SurfaceControl: nativeRelease nativeObject s[499533432096]
06-23 17:47:43.610  5878  5878 I SurfaceControl: nativeRelease nativeObject e[499533432096]
06-23 17:47:43.610  5878  5878 I SurfaceControl: nativeRelease nativeObject s[499533431904]
06-23 17:47:43.610  5878  5878 I SurfaceControl: nativeRelease nativeObject e[499533431904]
06-23 17:47:43.610  5878  5878 I ViewRootImpl@6cc0f31[LauncherActivity]: Relayout returned: old=(0,0,720,1600) new=(0,0,720,1600) req=(720,1600)0 dur=9 res=0x1 s={true 496350310400} ch=false fn=19
06-23 17:47:43.611  4218  4218 V ActivityScenario: Activity lifecycle changed event received but ignored because the intent does not match. startActivityIntent=Intent { act=android.intent.action.MAIN cat=[android.intent.category.LAUNCHER] cmp=com.example.dogglers/.HorizontalListActivity }, activity.getIntent()=Intent { act=android.intent.action.MAIN cat=[android.intent.category.LAUNCHER] flg=0x10008000 cmp=com.example.dogglers/androidx.test.core.app.InstrumentationActivityInvoker$BootstrapActivity (has extras) }, activity=androidx.test.core.app.InstrumentationActivityInvoker$BootstrapActivity@9bb91f0
06-23 17:47:43.615  5176  5195 D SehCodecSolutionService: Update top [com.example.dogglers]
06-23 17:47:43.615  5176  5405 D PkgPredictorService: com.example.dogglers go to foreground!
06-23 17:47:43.615  5176  5405 E PkgPredictorService-Collector: record changed bt=0  wifi=1 screen=0
06-23 17:47:43.616  5176  5405 D PkgPredictorService: previous pkgs: com.example.dogglers,com.example.dogglers,com.example.dogglers running pkg: com.example.dogglers, uid: 0 is system: false
06-23 17:47:43.616  5176  5405 D PkgPredictorService-Collector: save record...
06-23 17:47:43.616  5176  5405 D PkgPredictorService-Collector:  (hour:17 day:5 previous:[com.example.dogglers, com.example.dogglers, com.example.dogglers] activityName:unknown running:com.example.dogglers userId:0 screenOrientation:0 wifi:1 bt:0 predictTime:1 apkVersion:1.0 consumeTime:-1 preloaded:false>)
06-23 17:47:43.616  5176  5405 D PkgPredictorService-NapPreloadController: User using: com.example.dogglers
06-23 17:47:43.616  5176  5405 I PkgPredictorService-NapClassifier: RF predict version:1655924464472
06-23 17:47:43.617  5176  5405 D PkgPredictorService-NapClassifier: Predict result: 50.0,9.0,-1.0, - [0_&_com.facebook.orca, 0_&_com.facebook.katana]
06-23 17:47:43.617  5176  5395 I System.out: (HTTPLog)-Static: isSBSettingEnabled false
06-23 17:47:43.617  5176  5395 I System.out: (HTTPLog)-Static: isSBSettingEnabled false
06-23 17:47:43.618  4735  4800 E Netd    : getNetworkForDns: getNetId from enterpriseCtrl is netid 0
06-23 17:47:43.621  5176  5198 V WindowManager: Relayout Window{3e2a865 u0 Splash Screen com.example.dogglers}: viewVisibility=0 req=720x1600
06-23 17:47:43.621  1665  1890 I Rubin   : [37396] LoggingEventHelper.notifyUpdatedWithValue(LoggingEventHelper.java:58) : Notify AppUsageLogger's database is updated.
06-23 17:47:43.624  4218  4218 I DecorView: [INFO] isPopOver=false, config=true
06-23 17:47:43.624  4218  4218 I DecorView: updateCaptionType >> DecorView@17551ee[], isFloating=false, isApplication=true, hasWindowDecorCaption=false, hasWindowControllerCallback=true
06-23 17:47:43.624  4218  4218 D DecorView: setCaptionType = 0, this = DecorView@17551ee[]
06-23 17:47:43.626  5176  5198 D WindowManager: isScreenshotDisabledLocked - win: Window{3e2a865 u0 Splash Screen com.example.dogglers}
06-23 17:47:43.626  5176  5198 D WindowManager: isScreenshotDisabledLocked: userId = 0, disabled =false
06-23 17:47:43.626  4811  6436 I SurfaceFlinger: id=31575 createSurf (720x1600),1 flag=404, Splash Screen com.example.dogglers#0
06-23 17:47:43.630  5176  5198 V WindowManager: Relayout hash=3e2a865, pid=5176: mAttrs={(0,0)(fillxfill) sim={adjust=pan} layoutInDisplayCutoutMode=shortEdges ty=APPLICATION_STARTING wanim=0x1030001
06-23 17:47:43.630  5176  5198 V WindowManager:   fl=1830118
06-23 17:47:43.630  5176  5198 V WindowManager:   pfl=12020011
06-23 17:47:43.630  5176  5198 V WindowManager:   fitSides= naviIconColor=0}
06-23 17:47:43.630  5176  5198 I ViewRootImpl@c75cd5c[dogglers]: Relayout returned: old=(0,0,720,1600) new=(0,0,720,1600) req=(720,1600)0 dur=10 res=0x7 s={true 497268789248} ch=true fn=-1
06-23 17:47:43.631  4752  4951 D gralloc : [mali_gralloc_allocate] begin
06-23 17:47:43.631  4752  4951 D gralloc : buffer_descriptor: wh(720 1600) usage_pc(0x966 0x906) hal_format(0x1) layer_count(1) sizes(0 0 0) strde(0) byte_stride(0) alloc_wh(0 0) internal_format(0x0) alloc_format(0x0) fd_count(1) plane_count(0)
06-23 17:47:43.632  4752  4951 D gralloc : [mali_gralloc_allocate] allocation successful
06-23 17:47:43.632  1665  1890 I Rubin   : [37396] ExercisingWithCmhMonitor.isSatisfiedByCmh(ExercisingWithCmhMonitor.java:119) : isSatisfiedByCmh is false
06-23 17:47:43.634  4218  4218 D LifecycleMonitor: Lifecycle status change: androidx.test.core.app.InstrumentationActivityInvoker$BootstrapActivity@9bb91f0 in: CREATED
06-23 17:47:43.636  4218  4218 V ActivityScenario: Activity lifecycle changed event received but ignored because the intent does not match. startActivityIntent=Intent { act=android.intent.action.MAIN cat=[android.intent.category.LAUNCHER] cmp=com.example.dogglers/.HorizontalListActivity }, activity.getIntent()=Intent { act=android.intent.action.MAIN cat=[android.intent.category.LAUNCHER] flg=0x10008000 cmp=com.example.dogglers/androidx.test.core.app.InstrumentationActivityInvoker$BootstrapActivity (has extras) }, activity=androidx.test.core.app.InstrumentationActivityInvoker$BootstrapActivity@9bb91f0
06-23 17:47:43.639  5176  7842 I InputDispatcher: Focus left window (5878): 2f736bc in display 0 0
06-23 17:47:43.640  5878  5878 I ViewRootImpl@6cc0f31[LauncherActivity]: MSG_WINDOW_FOCUS_CHANGED 0 1
06-23 17:47:43.643  4218  4218 D LifecycleMonitor: Lifecycle status change: androidx.test.core.app.InstrumentationActivityInvoker$BootstrapActivity@9bb91f0 in: STARTED
06-23 17:47:43.644  4218  4218 V ActivityScenario: Activity lifecycle changed event received but ignored because the intent does not match. startActivityIntent=Intent { act=android.intent.action.MAIN cat=[android.intent.category.LAUNCHER] cmp=com.example.dogglers/.HorizontalListActivity }, activity.getIntent()=Intent { act=android.intent.action.MAIN cat=[android.intent.category.LAUNCHER] flg=0x10008000 cmp=com.example.dogglers/androidx.test.core.app.InstrumentationActivityInvoker$BootstrapActivity (has extras) }, activity=androidx.test.core.app.InstrumentationActivityInvoker$BootstrapActivity@9bb91f0
06-23 17:47:43.652  5488  5509 D WallpaperService: dispatchAppVisibility onVisibilityChanged(): false
06-23 17:47:43.652  5488  5488 D WallpaperService: reportVisibility onVisibilityChanged visible: false
06-23 17:47:43.652  5488  5742 I ImageWallpaper:  onVisibilityChanged false , 0
06-23 17:47:43.654  5878  5878 I BadgeRenderer: Invalid count : 0
06-23 17:47:43.654  5176  5198 I SurfaceControl: nativeRelease nativeObject s[497270570400]
06-23 17:47:43.654  5176  5198 I SurfaceControl: nativeRelease nativeObject e[497270570400]
06-23 17:47:43.654  4811  6436 I SurfaceFlinger: id=31576 createSurf (0x0),-1 flag=24000, Surface(name=3833be5 StatusBar)/@0xff1ccfc - animation-leash#1
06-23 17:47:43.655  5176  5198 I SurfaceControl: nativeRelease nativeObject s[499419879072]
06-23 17:47:43.655  5176  5198 I SurfaceControl: nativeRelease nativeObject e[499419879072]
06-23 17:47:43.656  4811  5231 I SurfaceFlinger: id=31577 createSurf (0x0),-1 flag=24000, Surface(name=31a4e78 NavigationBar0)/@0x2b9a7fb - animation-leash#1
06-23 17:47:43.659  4811  5231 I Layer   : id=31565 removeFromCurrentState Surface(name=3833be5 StatusBar)/@0xff1ccfc - animation-leash#0 (162)
06-23 17:47:43.659  4811  5231 I Layer   : id=32 removeFromCurrentState 3833be5 StatusBar#0 (162)
06-23 17:47:43.659  4811  5231 I Layer   : id=42 removeFromCurrentState StatusBar$_5488#0 (162)
06-23 17:47:43.659  4811  5231 I Layer   : id=32 addToCurrentState 3833be5 StatusBar#0 (162)
06-23 17:47:43.659  4811  5231 I Layer   : id=42 addToCurrentState StatusBar$_5488#0 (162)
06-23 17:47:43.659  4811  5231 I Layer   : id=31566 removeFromCurrentState Surface(name=31a4e78 NavigationBar0)/@0x2b9a7fb - animation-leash#0 (162)
06-23 17:47:43.670  4811  6436 I SurfaceFlinger: id=31578 createSurf (0x0),-1 flag=80004, ActivityRecord{e3d4ea u0 com.example.dogglers/.HorizontalListActivity t5123}#0
06-23 17:47:43.673  4811  6436 E BufferQueueProducer: [com.sec.android.app.launcher/com.sec.android.app.launcher.activities.LauncherActivity$_5878#0](id:12cb0000151e,api:0,p:-1,c:4811) disconnect: not connected (req=1)
06-23 17:47:43.673  5878  5963 W libEGL  : EGLNativeWindowType 0x7390c8b010 disconnect failed
06-23 17:47:43.679  4811  4811 D SurfaceFlinger: Display 0 HWC layers:
06-23 17:47:43.679  4811  4811 D SurfaceFlinger:      DEVICE | 0x6fb22416c0 | 0002 | RGBA_8888    |    0.0    0.0  720.0 1600.0 |    0    0  720 1600 | Splash Screen com.example.dogglers#0
06-23 17:47:43.679  4811  4811 D SurfaceFlinger:      DEVICE | 0x70361bde80 | 0000 | RGBA_8888    |    0.0    0.0  111.0  137.0 |    0   68  111  205 | $_3609#1
06-23 17:47:43.679  4811  4811 D SurfaceFlinger:      CLIENT | 0x6f91c17a40 | 0000 | RGBA_8888    |    0.0    0.0  720.0 1600.0 |    0    0  720 1600 | Bubbles!$_5488#0
06-23 17:47:43.679  4811  4811 D SurfaceFlinger:      CLIENT | 0x6fb2241f80 | 0000 | RGBA_8888    |    0.0    0.0  720.0   68.0 |    0    0  720   68 | StatusBar$_5488#0
06-23 17:47:43.679  4811  4811 D SurfaceFlinger:      CLIENT | 0x6fb2242200 | 0000 | RGBA_8888    |    0.0    0.0  259.0   26.0 |  461 1574  720 1600 | SGestureOverlayWindow$_5878#0
06-23 17:47:43.679  4811  4811 D SurfaceFlinger:      CLIENT | 0x70361bed80 | 0000 | RGBA_8888    |    0.0    0.0  259.0   26.0 |  461 1574  720 1600 | SGestureOverlayWindow$_5878#1
06-23 17:47:43.679  4811  4811 D SurfaceFlinger:      CLIENT | 0x6f91c177c0 | 0000 | RGBA_8888    |    0.0    0.0  105.0  105.0 |    0   68  105  173 | cornertabUI$_11263#0
06-23 17:47:43.679  4811  4811 D SurfaceFlinger:      DEVICE | 0x6fb2240a40 | 0000 | RGBA_8888    |    0.0    0.0  720.0   84.0 |    0 1516  720 1600 | NavigationBar0$
06-23 17:47:43.679  4811  4811 D SurfaceFlinger: _5488#0
06-23 17:47:43.679  4811  4811 D SurfaceFlinger:
06-23 17:47:43.682  5176  7571 V WindowManager: Relayout Window{2f736bc u0 com.sec.android.app.launcher/com.sec.android.app.launcher.activities.LauncherActivity}: viewVisibility=8 req=720x1600
06-23 17:47:43.682  4218  4218 D LifecycleMonitor: Lifecycle status change: androidx.test.core.app.InstrumentationActivityInvoker$BootstrapActivity@9bb91f0 in: RESUMED
06-23 17:47:43.683  4218  4218 V ActivityScenario: Activity lifecycle changed event received but ignored because the intent does not match. startActivityIntent=Intent { act=android.intent.action.MAIN cat=[android.intent.category.LAUNCHER] cmp=com.example.dogglers/.HorizontalListActivity }, activity.getIntent()=Intent { act=android.intent.action.MAIN cat=[android.intent.category.LAUNCHER] flg=0x10008000 cmp=com.example.dogglers/androidx.test.core.app.InstrumentationActivityInvoker$BootstrapActivity (has extras) }, activity=androidx.test.core.app.InstrumentationActivityInvoker$BootstrapActivity@9bb91f0
06-23 17:47:43.687  5176  7571 V WindowManager: Relayout hash=2f736bc, pid=5878: mAttrs={(0,0)(fillxfill) sim={adjust=nothing} layoutInDisplayCutoutMode=shortEdges ty=BASE_APPLICATION fmt=TRANSPARENT wanim=0x10302f2
06-23 17:47:43.687  5176  7571 V WindowManager:   fl=81910100
06-23 17:47:43.687  5176  7571 V WindowManager:   pfl=16020000
06-23 17:47:43.687  5176  7571 V WindowManager:   vsysui=1700
06-23 17:47:43.687  5176  7571 V WindowManager:   bhv=SHOW_TRANSIENT_BARS_BY_SWIPE
06-23 17:47:43.687  5176  7571 V WindowManager:   fitSides= naviIconColor=0}
06-23 17:47:43.688  5878  5878 I SurfaceControl: nativeRelease nativeObject s[499533431424]
06-23 17:47:43.688  5878  5878 I SurfaceControl: nativeRelease nativeObject e[499533431424]
06-23 17:47:43.689  5878  5878 I SurfaceControl: assignNativeObject: nativeObject = 0 Surface(name=null)/@0xc46d7f3 / android.view.SurfaceControl.readFromParcel:1117 android.view.IWindowSession$Stub$Proxy.relayout:1810 android.view.ViewRootImpl.relayoutWindow:9005 android.view.ViewRootImpl.performTraversals:3360 android.view.ViewRootImpl.doTraversal:2618 android.view.ViewRootImpl$TraversalRunnable.run:9971 android.view.Choreographer$CallbackRecord.run:1010 android.view.Choreographer.doCallbacks:809 android.view.Choreographer.doFrame:744 android.view.Choreographer$FrameDisplayEventReceiver.run:995
06-23 17:47:43.689  5878  5878 I SurfaceControl: assignNativeObject: nativeObject = 0 Surface(name=null)/@0x15e5e7b / android.view.SurfaceControl.readFromParcel:1117 android.view.IWindowSession$Stub$Proxy.relayout:1820 android.view.ViewRootImpl.relayoutWindow:9005 android.view.ViewRootImpl.performTraversals:3360 android.view.ViewRootImpl.doTraversal:2618 android.view.ViewRootImpl$TraversalRunnable.run:9971 android.view.Choreographer$CallbackRecord.run:1010 android.view.Choreographer.doCallbacks:809 android.view.Choreographer.doFrame:744 android.view.Choreographer$FrameDisplayEventReceiver.run:995
06-23 17:47:43.690  5878  5878 I SurfaceControl: nativeRelease nativeObject s[497698059488]
06-23 17:47:43.690  5878  5878 I SurfaceControl: nativeRelease nativeObject e[497698059488]
06-23 17:47:43.690  5878  5878 I SurfaceControl: nativeRelease nativeObject s[497698060928]
06-23 17:47:43.690  5878  5878 I SurfaceControl: nativeRelease nativeObject e[497698060928]
06-23 17:47:43.690  5878  5878 I SurfaceControl: nativeRelease nativeObject s[499533430656]
06-23 17:47:43.690  5878  5878 I SurfaceControl: nativeRelease nativeObject e[499533430656]
06-23 17:47:43.690  5878  5878 I ViewRootImpl@6cc0f31[LauncherActivity]: Relayout returned: old=(0,0,720,1600) new=(0,0,720,1600) req=(720,1600)8 dur=15 res=0x5 s={false 0} ch=true fn=20
06-23 17:47:43.690  5176  5198 I ViewRootImpl@c75cd5c[dogglers]: MSG_RESIZED_REPORT: frame=(0,0,720,1600) ci=(0,68,0,26) vi=(0,68,0,26) or=1
06-23 17:47:43.691  5878  5878 I SurfaceControl: nativeRelease nativeObject s[499533431424]
06-23 17:47:43.691  5878  5878 I SurfaceControl: nativeRelease nativeObject e[499533431424]
06-23 17:47:43.695  4218  4218 D LifecycleMonitor: Lifecycle status change: androidx.test.core.app.InstrumentationActivityInvoker$BootstrapActivity@9bb91f0 in: PAUSED
06-23 17:47:43.696  4218  4218 V ActivityScenario: Activity lifecycle changed event received but ignored because the intent does not match. startActivityIntent=Intent { act=android.intent.action.MAIN cat=[android.intent.category.LAUNCHER] cmp=com.example.dogglers/.HorizontalListActivity }, activity.getIntent()=Intent { act=android.intent.action.MAIN cat=[android.intent.category.LAUNCHER] flg=0x10008000 cmp=com.example.dogglers/androidx.test.core.app.InstrumentationActivityInvoker$BootstrapActivity (has extras) }, activity=androidx.test.core.app.InstrumentationActivityInvoker$BootstrapActivity@9bb91f0
06-23 17:47:43.699  5176  7542 V WindowOrientationListener: getProposedRotation: -1
06-23 17:47:43.702  5176  7542 D InputDispatcher: Focused application set to (0): e3d4ea
06-23 17:47:43.711  4811  6436 I SurfaceFlinger: id=31579 createSurf (0x0),-1 flag=24000, Surface(name=ActivityRecord{266fe30 u0 com.example.dogglers/androidx.test.core.app.InstrumentationActivityInvoker$BootstrapActivity t5123})/@0x42cba24 - animation-leash#0
06-23 17:47:43.713  4811  6436 I SurfaceFlinger: id=31580 createSurf (0x0),-1 flag=20004, Dim Layer for - Task=5123 - animating-dim#0
06-23 17:47:43.714  4811  6436 I SurfaceFlinger: id=31581 createSurf (0x0),-1 flag=24000, Surface(name=Dim Layer for - Task=5123 - animating-dim)/@0x6ea3353 - animation-leash#0
06-23 17:47:43.715  4811  6436 I SurfaceFlinger: id=31582 createSurf (0x0),-1 flag=80004, Surface(name=ActivityRecord{266fe30 u0 com.example.dogglers/androidx.test.core.app.InstrumentationActivityInvoker$BootstrapActivity t5123})/@0x42cba24 - animation-bounds#0
06-23 17:47:43.716  5176  7542 I SurfaceControl: nativeRelease nativeObject s[497270570496]
06-23 17:47:43.716  5176  7542 I SurfaceControl: nativeRelease nativeObject e[497270570496]
06-23 17:47:43.720  4811  6436 I Layer   : id=31580 removeFromCurrentState Dim Layer for - Task=5123 - animating-dim#0 (167)
06-23 17:47:43.722  4811  6436 I SurfaceFlinger: id=31580 Removed Dim Layer for - Task=5123 - animating-dim#0 (167)
06-23 17:47:43.722  5176  5198 V WindowManager: Relayout Window{3e2a865 u0 Splash Screen com.example.dogglers}: viewVisibility=0 req=720x1600
06-23 17:47:43.725  5176  5392 I WifiService: getConnectionInfo uid=1000
06-23 17:47:43.725  5176  5392 I WifiService: getConnectionInfo uid=1000
06-23 17:47:43.726  5176  5198 I SurfaceControl: nativeRelease nativeObject s[497401913760]
06-23 17:47:43.726  5176  5198 I SurfaceControl: nativeRelease nativeObject e[497401913760]
06-23 17:47:43.726  5176  5392 I WifiService: getConnectionInfo uid=1000
06-23 17:47:43.727  5176  5399 I WifiService: getConnectionInfo uid=1000
06-23 17:47:43.728  5176  5198 V WindowManager: Relayout hash=3e2a865, pid=5176: mAttrs={(0,0)(fillxfill) sim={adjust=pan} layoutInDisplayCutoutMode=shortEdges ty=APPLICATION_STARTING wanim=0x1030001
06-23 17:47:43.728  5176  5198 V WindowManager:   fl=1830118
06-23 17:47:43.728  5176  5198 V WindowManager:   pfl=12020011
06-23 17:47:43.728  5176  5198 V WindowManager:   fitSides= naviIconColor=0}
06-23 17:47:43.728  5176  5198 I SurfaceControl: nativeRelease nativeObject s[499419879072]
06-23 17:47:43.728  5176  5198 I SurfaceControl: nativeRelease nativeObject e[499419879072]
06-23 17:47:43.728  5176  5198 I SurfaceControl: nativeRelease nativeObject s[497270570400]
06-23 17:47:43.728  5176  5198 I SurfaceControl: nativeRelease nativeObject e[497270570400]
06-23 17:47:43.728  5176  5198 I ViewRootImpl@c75cd5c[dogglers]: Relayout returned: old=(0,0,720,1600) new=(0,0,720,1600) req=(720,1600)0 dur=25 res=0x1 s={true 497268789248} ch=false fn=2
06-23 17:47:43.728  4752  4951 D gralloc : [mali_gralloc_allocate] begin
06-23 17:47:43.729  4752  4951 D gralloc : buffer_descriptor: wh(720 1600) usage_pc(0x966 0x906) hal_format(0x1) layer_count(1) sizes(0 0 0) strde(0) byte_stride(0) alloc_wh(0 0) internal_format(0x0) alloc_format(0x0) fd_count(1) plane_count(0)
06-23 17:47:43.729  4752  4951 D gralloc : [mali_gralloc_allocate] allocation successful
06-23 17:47:43.730  5488  5488 D Bubbles : collapse stack cause : onTaskMovedToFront
06-23 17:47:43.731  5488  5488 D Bubbles : setExpanded: false
06-23 17:47:43.731  5488  5488 D Bubbles : setExpandedInternal: shouldExpand=false
06-23 17:47:43.734  5878  5878 I ViewRootImpl@6cc0f31[LauncherActivity]: stopped(true) old=false
06-23 17:47:43.735  5878  5878 I StateManager: goToState isInState Normal
06-23 17:47:43.737  4811  4811 I Layer   : id=31580[1] Destroyed Dim Layer for - Task=5123 - animating-dim#0
06-23 17:47:43.739  5878  5878 W LauncherAppWidgetHost: setListenIfResumed, mFlags = 7
06-23 17:47:43.740  5176  7571 I AppWidgetServiceImpl: stopListening callbacks : null
06-23 17:47:43.740  4218  4218 D LifecycleMonitor: Lifecycle status change: com.example.dogglers.HorizontalListActivity@6580cab in: PRE_ON_CREATE
06-23 17:47:43.740  5878  5878 W Launcher.NotificationListener: removeNotificationsChangedListener
06-23 17:47:43.740  5878  5878 I BadgeCountUpdaterImpl: onNotificationsChangedDisConnected
06-23 17:47:43.740  5878  5878 I Launcher.NotificationListener: unregisterObserver, this is not notificationService!!
06-23 17:47:43.741  4218  4218 V ActivityScenario: Activity lifecycle changed event received but ignored because the reported transition was not ON_CREATE while the last known transition was PRE_ON_CREATE
06-23 17:47:43.741  5878  5878 I LiveIconUpdateEventHandler: cancelMinuteChangeAlarm
06-23 17:47:43.743  5878  5878 I LiveIconUpdateEventHandler: cancelDateChangeAlarm
06-23 17:47:43.752  5878  5878 I LiveIconUpdateEventHandler: unregisterReceiver
06-23 17:47:43.762  4218  4218 I DecorView: [INFO] isPopOver=false, config=true
06-23 17:47:43.762  4218  4218 I DecorView: updateCaptionType >> DecorView@e8f5720[], isFloating=false, isApplication=true, hasWindowDecorCaption=false, hasWindowControllerCallback=true
06-23 17:47:43.762  4218  4218 D DecorView: setCaptionType = 0, this = DecorView@e8f5720[]
06-23 17:47:43.773  5176  7571 I SurfaceControl: nativeRelease nativeObject s[499535274816]
06-23 17:47:43.773  5176  7571 I SurfaceControl: nativeRelease nativeObject e[499535274816]
06-23 17:47:43.773  4811  6436 I Layer   : id=31564 removeFromCurrentState com.sec.android.app.launcher/com.sec.android.app.launcher.activities.LauncherActivity$_5878#0 (166)
06-23 17:47:43.778  4811  6436 I SurfaceFlinger: id=31564 Removed com.sec.android.app.launcher/com.sec.android.app.launcher.activities.LauncherActivity$_5878#0 (166)
06-23 17:47:43.778  5176  5195 D SehCodecSolutionService: Update top [com.example.dogglers]
06-23 17:47:43.787  4811  4811 I Layer   : id=31564[1] Destroyed com.sec.android.app.launcher/com.sec.android.app.launcher.activities.LauncherActivity$_5878#0
06-23 17:47:43.804  4218  4218 D LifecycleMonitor: Lifecycle status change: com.example.dogglers.HorizontalListActivity@6580cab in: CREATED
06-23 17:47:43.805  4218  4218 V ActivityScenario: Update currentActivityStage to CREATED, currentActivity=com.example.dogglers.HorizontalListActivity@6580cab
06-23 17:47:43.809  4218  4218 D LifecycleMonitor: Lifecycle status change: com.example.dogglers.HorizontalListActivity@6580cab in: STARTED
06-23 17:47:43.810  4218  4218 V ActivityScenario: Update currentActivityStage to STARTED, currentActivity=com.example.dogglers.HorizontalListActivity@6580cab
06-23 17:47:43.813  4218  4218 D LifecycleMonitor: Lifecycle status change: com.example.dogglers.HorizontalListActivity@6580cab in: RESUMED
06-23 17:47:43.813  4218  4218 V ActivityScenario: Update currentActivityStage to RESUMED, currentActivity=com.example.dogglers.HorizontalListActivity@6580cab
06-23 17:47:43.821  5176  7571 D InputTransport: Input channel constructed: 'd1c68c1', fd=921
06-23 17:47:43.821  5176  7571 D InputTransport: Input channel constructed: 'd1c68c1', fd=924
06-23 17:47:43.822  4811  5231 I SurfaceFlinger: id=31583 createSurf (0x0),-1 flag=80004, d1c68c1 com.example.dogglers/com.example.dogglers.HorizontalListActivity#0
06-23 17:47:43.822  5176  7571 D WindowManager: isScreenshotDisabledLocked - win: Window{d1c68c1 u0 com.example.dogglers/com.example.dogglers.HorizontalListActivity}
06-23 17:47:43.823  5176  7571 D WindowManager: isScreenshotDisabledLocked: userId = 0, disabled =false
06-23 17:47:43.823  5176  7571 D InputTransport: Input channel destroyed: 'd1c68c1', fd=924
06-23 17:47:43.824  4218  4218 D InputTransport: Input channel constructed: 'd1c68c1', fd=84
06-23 17:47:43.826  4218  4218 I ViewRootImpl@3ea886f[HorizontalListActivity]: setView = com.android.internal.policy.DecorView@e8f5720 TM=true
06-23 17:47:43.883  5176  7571 V WindowManager: Relayout Window{d1c68c1 u0 com.example.dogglers/com.example.dogglers.HorizontalListActivity}: viewVisibility=0 req=720x1600
06-23 17:47:43.887  5176  7571 D WindowManager: isScreenshotDisabledLocked - win: Window{d1c68c1 u0 com.example.dogglers/com.example.dogglers.HorizontalListActivity}
06-23 17:47:43.887  5176  7571 D WindowManager: isScreenshotDisabledLocked: userId = 0, disabled =false
06-23 17:47:43.887  4811  4854 I SurfaceFlinger: id=31584 createSurf (720x1600),1 flag=404, com.example.dogglers/com.example.dogglers.HorizontalListActivity$_4218#0
06-23 17:47:43.890  5176  7571 I SurfaceControl: nativeRelease nativeObject s[497277291520]
06-23 17:47:43.890  5176  7571 I SurfaceControl: nativeRelease nativeObject e[497277291520]
06-23 17:47:43.891  4811  4854 I SurfaceFlinger: id=31585 createSurf (0x0),-1 flag=24000, Surface(name=3833be5 StatusBar)/@0xff1ccfc - animation-leash#0
06-23 17:47:43.892  5176  7571 I SurfaceControl: nativeRelease nativeObject s[497270571072]
06-23 17:47:43.892  5176  7571 I SurfaceControl: nativeRelease nativeObject e[497270571072]
06-23 17:47:43.892  4811  4854 I SurfaceFlinger: id=31586 createSurf (0x0),-1 flag=24000, Surface(name=31a4e78 NavigationBar0)/@0x2b9a7fb - animation-leash#0
06-23 17:47:43.895  5176  7571 V WindowManager: Relayout hash=d1c68c1, pid=4218: mAttrs={(0,0)(fillxfill) sim={adjust=resize forwardNavigation} ty=BASE_APPLICATION wanim=0x1030304
06-23 17:47:43.895  5176  7571 V WindowManager:   fl=81810100
06-23 17:47:43.895  5176  7571 V WindowManager:   pfl=12020000
06-23 17:47:43.895  5176  7571 V WindowManager:   fitSides= naviIconColor=0}
06-23 17:47:43.895  5176  7571 I SurfaceControl: nativeRelease nativeObject s[497401912704]
06-23 17:47:43.895  5176  7571 I SurfaceControl: nativeRelease nativeObject e[497401912704]
06-23 17:47:43.897  4218  4218 I SurfaceControl: assignNativeObject: nativeObject = 0 Surface(name=null)/@0x2114675 / android.view.SurfaceControl.readFromParcel:1117 android.view.IWindowSession$Stub$Proxy.relayout:1820 android.view.ViewRootImpl.relayoutWindow:9005 android.view.ViewRootImpl.performTraversals:3360 android.view.ViewRootImpl.doTraversal:2618 android.view.ViewRootImpl$TraversalRunnable.run:9971 android.view.Choreographer$CallbackRecord.run:1010 android.view.Choreographer.doCallbacks:809 android.view.Choreographer.doFrame:744 android.view.Choreographer$FrameDisplayEventReceiver.run:995
06-23 17:47:43.899  4218  4218 I ViewRootImpl@3ea886f[HorizontalListActivity]: Relayout returned: old=(0,0,720,1600) new=(0,0,720,1600) req=(720,1600)0 dur=16 res=0x7 s={true 499549073408} ch=true fn=-1
06-23 17:47:43.903  4752  4951 D gralloc : [mali_gralloc_allocate] begin
06-23 17:47:43.903  4752  4951 D gralloc : buffer_descriptor: wh(720 1600) usage_pc(0x40000000000b00 0x40000000000b00) hal_format(0x1) layer_count(1) sizes(0 0 0) strde(0) byte_stride(0) alloc_wh(0 0) internal_format(0x0) alloc_format(0x0) fd_count(1) plane_count(0)
06-23 17:47:43.904  4752  4951 D gralloc : [mali_gralloc_allocate] allocation successful
06-23 17:47:43.905  4752  4951 D gralloc : [mali_gralloc_allocate] begin
06-23 17:47:43.905  4752  4951 D gralloc : buffer_descriptor: wh(720 1600) usage_pc(0x40000000000b00 0x40000000000b00) hal_format(0x1) layer_count(1) sizes(0 0 0) strde(0) byte_stride(0) alloc_wh(0 0) internal_format(0x0) alloc_format(0x0) fd_count(1) plane_count(0)
06-23 17:47:43.906  4811  6436 I Layer   : id=31577 removeFromCurrentState Surface(name=31a4e78 NavigationBar0)/@0x2b9a7fb - animation-leash#1 (169)
06-23 17:47:43.906  4811  6436 I Layer   : id=31576 removeFromCurrentState Surface(name=3833be5 StatusBar)/@0xff1ccfc - animation-leash#1 (169)
06-23 17:47:43.907  4752  4951 D gralloc : [mali_gralloc_allocate] allocation successful
06-23 17:47:43.907  5176  5198 I SurfaceControl: nativeRelease nativeObject s[497270570496]
06-23 17:47:43.907  5176  5198 I SurfaceControl: nativeRelease nativeObject e[497270570496]
06-23 17:47:43.907  5176  5198 I SurfaceControl: nativeRelease nativeObject s[497401913760]
06-23 17:47:43.907  5176  5198 I SurfaceControl: nativeRelease nativeObject e[497401913760]
06-23 17:47:43.907  4811  6436 I SurfaceFlinger: id=31577 Removed Surface(name=31a4e78 NavigationBar0)/@0x2b9a7fb - animation-leash#1 (169)
06-23 17:47:43.907  4752 28121 D gralloc : [mali_gralloc_allocate] begin
06-23 17:47:43.907  4811  5231 I SurfaceFlinger: id=31576 Removed Surface(name=3833be5 StatusBar)/@0xff1ccfc - animation-leash#1 (169)
06-23 17:47:43.907  4752 28121 D gralloc : buffer_descriptor: wh(720 1600) usage_pc(0x40000000000b00 0x40000000000b00) hal_format(0x1) layer_count(1) sizes(0 0 0) strde(0) byte_stride(0) alloc_wh(0 0) internal_format(0x0) alloc_format(0x0) fd_count(1) plane_count(0)
06-23 17:47:43.908  4752 28121 D gralloc : [mali_gralloc_allocate] allocation successful
06-23 17:47:43.921  4811  4811 I Layer   : id=31576[1] Destroyed Surface(name=3833be5 StatusBar)/@0xff1ccfc - animation-leash#1
06-23 17:47:43.921  4811  4811 I Layer   : id=31577[1] Destroyed Surface(name=31a4e78 NavigationBar0)/@0x2b9a7fb - animation-leash#1
06-23 17:47:43.939  5176  5198 D PkgPredictorService: pkg:com.example.dogglers activity:com.example.dogglers.HorizontalListActivity thisTime:376
06-23 17:47:43.939  5176  5198 D PkgPredictorService-Collector: update activity launch time: HorizontalListActivity : 376
06-23 17:47:43.939  5176  5202 D ArtManagerInternalImpl: /data/misc/iorapd/com.example.dogglers/1/com.example.dogglers.HorizontalListActivity/compiled_traces/compiled_trace.pb doesn't exist
06-23 17:47:43.939  5176  5198 I SemDvfsHyPerManager: acquire hyper - AMS_RESUME_TAIL/5176@18, type = -999
06-23 17:47:43.939  5176  5198 I SemDvfsHyPerManager: acquire hyper - AMS_ACT_LAZY/5176@19, type = -999
06-23 17:47:43.939  4769  4844 I HYPER-HAL: [RequestManager.cpp]acquire(): Acquired ID : 13491433  [5176 / 18]    HINT : AMS_RESUME_TAIL    list :
06-23 17:47:43.940  4769  4844 I HYPER-HAL: [ResourceManager.cpp]updateResource(): [CPUMinFreq] UpdateResource Request ID : 13491433    Value : 1456000
06-23 17:47:43.940  4769  4844 I HYPER-HAL: [RequestManager.cpp]acquire(): Acquired ID : 13496629  [5176 / 19]    HINT :      list :
06-23 17:47:43.941  4769  4844 E HYPER-HAL: [Request.cpp]acquire(): Request:: id : 13496629, No Resource to set
06-23 17:47:43.941  4769  4844 I HYPER-HAL: [ResourceManager.cpp]removeResource(): [CPUMinFreq] RemoveResource Request ID : 13522624
06-23 17:47:43.941  4769  4844 I HYPER-HAL: [RequestManager.cpp]releaseLocked(): Released ID : 13522624
06-23 17:47:43.943  5176  5202 I ActivityTaskManager: Displayed com.example.dogglers/.HorizontalListActivity: +376ms
06-23 17:47:43.943  6542  6542 E pageboostd: Received HALT command code 2
06-23 17:47:43.944  5176  5198 I ViewRootImpl@c75cd5c[dogglers]: dispatchDetachedFromWindow
06-23 17:47:43.945  5176  5198 I SurfaceControl: nativeRelease nativeObject s[497270570880]
06-23 17:47:43.945  5176  5198 I SurfaceControl: nativeRelease nativeObject e[497270570880]
06-23 17:47:43.945  5176  5198 D InputTransport: Input channel destroyed: '3e2a865', fd=669
06-23 17:47:43.946  4811  5231 I SurfaceFlinger: id=31587 createSurf (0x0),-1 flag=24000, Surface(name=3e2a865 Splash Screen com.example.dogglers)/@0x2dd23db - animation-leash#0
06-23 17:47:43.953  5176  5198 D InputTransport: Input channel destroyed: '3e2a865', fd=683
06-23 17:47:43.956  5176  7571 I InputDispatcher: Focus entered window (4218): d1c68c1 in display 0 0
06-23 17:47:43.959  4218  4218 D RootViewPicker: Root not ready - waiting: 10ms for one to appear.
06-23 17:47:43.961  4218  4218 I ViewRootImpl@3ea886f[HorizontalListActivity]: MSG_WINDOW_FOCUS_CHANGED 1 1
06-23 17:47:43.962  4218  4218 D InputMethodManager: prepareNavigationBarInfo() DecorView@e8f5720[HorizontalListActivity]
06-23 17:47:43.962  4218  4218 D InputMethodManager: getNavigationBarColor() -16711423
06-23 17:47:43.964  4218  4218 D InputMethodManager: prepareNavigationBarInfo() DecorView@e8f5720[HorizontalListActivity]
06-23 17:47:43.964  4218  4218 D InputMethodManager: getNavigationBarColor() -16711423
06-23 17:47:43.964  4218  4218 V InputMethodManager: Starting input: tba=com.example.dogglers ic=null mNaviBarColor -16711423 mIsGetNaviBarColorSuccess true , NavVisible : true , NavTrans : false
06-23 17:47:43.964  4218  4218 D InputMethodManager: startInputInner - Id : 0
06-23 17:47:43.965  4218  4218 I InputMethodManager: startInputInner - mService.startInputOrWindowGainedFocus
06-23 17:47:43.966  5176  7571 D InputMethodManagerService: mSecureKeypadEnabled = false
06-23 17:47:43.966  5176  7571 V InputMethodManagerService: hideCurrentInputLocked : shouldHideSoftInput is false
06-23 17:47:43.966  5176  7571 D InputMethodManagerService: mDesktopModeManager null!
06-23 17:47:43.966  5176  7571 V InputMethodManagerService: getDisplayIdOfInputMethodWindowToBeAdded : 0
06-23 17:47:43.967  5176  7571 D SamsungIMMSHWKeyboard: isConnectedDexOnPC false
06-23 17:47:43.967  5176  7571 D InputMethodManagerService: isImeSwitcherDisabledPackage : false
06-23 17:47:43.967  5176  7571 D InputMethodManagerService: checkDisplayOfStartInputAndUpdateKeyboard display Id 0last 0
06-23 17:47:43.968  5176  7571 D InputTransport: Input channel constructed: 'ClientS', fd=669
06-23 17:47:43.968  5176  7571 D InputTransport: Input channel destroyed: 'ClientS', fd=669
06-23 17:47:43.968  4218  4218 D InputTransport: Input channel constructed: 'ClientS', fd=90
06-23 17:47:43.969  5176  7571 I SurfaceControl: nativeRelease nativeObject s[497278271520]
06-23 17:47:43.969  5176  7571 I SurfaceControl: nativeRelease nativeObject e[497278271520]
06-23 17:47:43.969  4811  6436 I SurfaceFlinger: id=31588 createSurf (0x0),-1 flag=24004, Surface(name=a01af46 InputMethod)/@0x1dd2b1b - animation-leash#0
06-23 17:47:43.970  7990  7990 I HBD     : HoneyBoardService onFinishInput
06-23 17:47:43.971  7990  7990 I HBD     : a IC have been unbinded,  InputConnectionWrapper{idHash=#1a3d468 mMissingMethods=}
06-23 17:47:43.971  7990  7990 I HBD     : HoneyBoardService [PF_CL][onFinishInput]  292961 ns
06-23 17:47:43.971  7990  7990 I HBD     : HoneyBoardService [IMI] onStartInput - caller pid : 4218 , caller uid : 10622
06-23 17:47:43.971  7990  7990 I HBD     : i updateConfigs
06-23 17:47:43.971  7990  7990 I HBD     : i isEnabledNightMode : true
06-23 17:47:43.971  7990  7990 I HBD     : a IC have been binded, InputConnectionWrapper{idHash=#7a4c526 mMissingMethods=}
06-23 17:47:43.971  7990  7990 I HBD     : h [EditorInputType]setPrivateImeOptionsToTable privateImeOptions ( null )
06-23 17:47:43.971  7990  7990 I HBD     : b incognitoMode : false
06-23 17:47:43.971  7990  7990 I HBD     : a needOff = true , isForceOff = false, isNullInputClass : true
06-23 17:47:43.971  7990  7990 I HBD     : h getDefaultInputRange : UNKNOWN
06-23 17:47:43.971  7990  7990 I HBD     : h getDefaultInputRange : UNKNOWN
06-23 17:47:43.971  7990  7990 I HBD     : h getDefaultInputRange : UNKNOWN
06-23 17:47:43.972  5176  7571 D SdpManagerService: Not an enterprise user : 0
06-23 17:47:43.972  5176  7571 D SdpManagerService: Not an enterprise user : 0
06-23 17:47:43.973  7990  7990 I HBD     : h getDefaultInputRange : UNKNOWN
06-23 17:47:43.973  7990  7990 I HBD     : a currentState : 0
06-23 17:47:43.974  7990  7990 I HBD     : h load selected json info : {"version":"1.0","currentLanguageOrder":0,"selected":[{"activeOptionList":["auto_replace","auto_spacing"],"engName":"Vietnamese","id":4390912,"inputType":"vietnamese_telex","isUsed":true},{"activeOptionList":["auto_replace","auto_spacing"],"engName":"English","id":65537,"inputType":"qwerty","isUsed":true}]}
06-23 17:47:43.975  7990  7990 I HBD     : a [UpdatePolicy] [post] a: 0 cl: 4390912 kit: [0/0] vt: 0 ir: 1
06-23 17:47:43.975  7990  7990 I HBD     : HoneyBoardService [PF_OP][onStartInput]  4595731 ns
06-23 17:47:43.976  4811  6436 I Layer   : id=31571 removeFromCurrentState Surface(name=a01af46 InputMethod)/@0x1dd2b1b - animation-leash#1 (169)
06-23 17:47:43.977  4218  4218 I ViewInteraction: Performing 'scroll RecyclerView to position: 5' action on view view.getId() is <2131230945/com.example.dogglers:id/horizontal_recycler_view>
06-23 17:47:43.977  5878  5878 I SurfaceControl: nativeRelease nativeObject s[499543774464]
06-23 17:47:43.977  5878  5878 I SurfaceControl: nativeRelease nativeObject e[499543774464]
06-23 17:47:43.980  5176  5395 W SemWifiTransportLayerUtils: getApplicationCategory - IOException com.example.dogglers
06-23 17:47:43.980  5176  7842 D SamsungIMMSHWKeyboard: isConnectedDexOnPC false
06-23 17:47:43.980  5176  5395 W System.err: java.io.FileNotFoundException: https://play.google.com/store/apps/details?id=com.example.dogglers&hl=en
06-23 17:47:43.980  5176  5395 W System.err: 	at com.android.okhttp.internal.huc.HttpURLConnectionImpl.getInputStream(HttpURLConnectionImpl.java:255)
06-23 17:47:43.980  5176  5395 W System.err: 	at com.android.okhttp.internal.huc.DelegatingHttpsURLConnection.getInputStream(DelegatingHttpsURLConnection.java:211)
06-23 17:47:43.980  5176  5395 W System.err: 	at com.android.okhttp.internal.huc.HttpsURLConnectionImpl.getInputStream(HttpsURLConnectionImpl.java:30)
06-23 17:47:43.980  5176  5395 W System.err: 	at com.samsung.android.server.wifi.tcp.SemWifiTransportLayerUtils.getApplicationCategory(SemWifiTransportLayerUtils.java:103)
06-23 17:47:43.980  5176  5395 W System.err: 	at com.samsung.android.server.wifi.tcp.SemWifiTransportLayerMonitor$TcpMonitorHandler.handleMessage(SemWifiTransportLayerMonitor.java:242)
06-23 17:47:43.980  5176  7842 D InputMethodManagerService: isImeSwitcherDisabledPackage : false
06-23 17:47:43.980  5176  5395 W System.err: 	at android.os.Handler.dispatchMessage(Handler.java:106)
06-23 17:47:43.981  4218  4218 I SurfaceControl: nativeRelease nativeObject s[499533425376]
06-23 17:47:43.981  4218  4218 I SurfaceControl: nativeRelease nativeObject e[499533425376]
06-23 17:47:43.981  5176  5395 W System.err: 	at android.os.Looper.loop(Looper.java:246)
06-23 17:47:43.981  5176  5395 W System.err: 	at android.os.HandlerThread.run(HandlerThread.java:67)
06-23 17:47:43.981  4218  4218 I SurfaceControl: nativeRelease nativeObject s[499533424992]
06-23 17:47:43.981  4218  4218 I SurfaceControl: nativeRelease nativeObject e[499533424992]
06-23 17:47:43.981  5176  5395 D SemWifiPackageInfo: isSkipCategory - skip:FAILED
06-23 17:47:43.981  5176  5395 D SemWifiTransportLayerMonitor.TcpMonitorHandler: MSG_SAVE_PACKAGE_INFO
06-23 17:47:43.981  5176  5395 D SemWifiTransportLayerFileManager: saveWifiPackageInfoToFile
06-23 17:47:43.981  5176  5395 D SemWifiTransportLayerFileManager: writeWifiPackageInfoList
06-23 17:47:43.993  4811  4811 D SurfaceFlinger: Display 0 HWC layers:
06-23 17:47:43.993  4811  4811 D SurfaceFlinger:      DEVICE | 0x6f91c17900 | 0002 | RGBA_8888    |    0.0    0.0  720.0 1600.0 |    0    0  720 1600 | com.example.dogglers/com.example.dogglers.HorizontalListActivity$_4218#0
06-23 17:47:43.993  4811  4811 D SurfaceFlinger:      DEVICE | 0x6fb2241800 | 0002 | RGBA_8888    |    0.0    0.0  720.0 1600.0 |    0    0  720 1600 | Splash Screen com.example.dogglers#0
06-23 17:47:43.993  4811  4811 D SurfaceFlinger:      CLIENT | 0x70361bde80 | 0000 | RGBA_8888    |    0.0    0.0  111.0  137.0 |    0   68  111  205 | $_3609#1
06-23 17:47:43.993  4811  4811 D SurfaceFlinger:      CLIENT | 0x6f91c17a40 | 0000 | RGBA_8888    |    0.0    0.0  720.0 1600.0 |    0    0  720 1600 | Bubbles!$_5488#0
06-23 17:47:43.993  4811  4811 D SurfaceFlinger:      CLIENT | 0x6fb2241f80 | 0000 | RGBA_8888    |    0.0    0.0  720.0   68.0 |    0    0  720   68 | StatusBar$_5488#0
06-23 17:47:43.993  4811  4811 D SurfaceFlinger:      CLIENT | 0x6fb2242200 | 0000 | RGBA_8888    |    0.0    0.0  259.0   26.0 |  461 1574  720 1600 | SGestureOverlayWindow$_5878#0
06-23 17:47:43.993  4811  4811 D SurfaceFlinger:      CLIENT | 0x70361bed80 | 0000 | RGBA_8888    |    0.0    0.0  259.0   26.0 |  461 1574  720 1600 | SGestureOverlayWindow$_5878#1
06-23 17:47:43.993  4811  4811 D SurfaceFlinger:      CLIENT | 0x6f91c177c0 | 0000 | RGBA_8888    |    0.0    0.0
06-23 17:47:43.993  4811  4811 D SurfaceFlinger: 105.0  105.0 |    0   68  105  173 | cornertabUI$_11263#0
06-23 17:47:43.993  4811  4811 D SurfaceFlinger:      DEVICE | 0x6fb2240a40 | 0000 | RGBA_8888    |    0.0    0.0  720.0   84.0 |    0 1516  720 1600 | NavigationBar0$_5488#0
06-23 17:47:43.993  4811  4811 D SurfaceFlinger:
06-23 17:47:44.004  5176  5198 I SurfaceControl: nativeRelease nativeObject s[497270570592]
06-23 17:47:44.004  5176  5198 I SurfaceControl: nativeRelease nativeObject e[497270570592]
06-23 17:47:44.005  5176  5198 I SurfaceControl: nativeRelease nativeObject s[497278272768]
06-23 17:47:44.005  5176  5198 I SurfaceControl: nativeRelease nativeObject e[497278272768]
06-23 17:47:44.005  4811  6436 I Layer   : id=31575 removeFromCurrentState Splash Screen com.example.dogglers#0 (169)
06-23 17:47:44.005  5176  5198 I SurfaceControl: nativeRelease nativeObject s[497401917888]
06-23 17:47:44.005  5176  5198 I SurfaceControl: nativeRelease nativeObject e[497401917888]
06-23 17:47:44.011  4811  6436 I Layer   : id=31574 removeFromCurrentState 3e2a865 Splash Screen com.example.dogglers#0 (169)
06-23 17:47:44.011  4811  6436 I Layer   : id=31587 removeFromCurrentState Surface(name=3e2a865 Splash Screen com.example.dogglers)/@0x2dd23db - animation-leash#0 (169)
06-23 17:47:44.011  4811  6436 I SurfaceFlinger: id=31574 Removed 3e2a865 Splash Screen com.example.dogglers#0 (169)
06-23 17:47:44.012  4811  5231 I SurfaceFlinger: id=31575 Removed Splash Screen com.example.dogglers#0 (169)
06-23 17:47:44.012  4811  6436 I SurfaceFlinger: id=31587 Removed Surface(name=3e2a865 Splash Screen com.example.dogglers)/@0x2dd23db - animation-leash#0 (169)
06-23 17:47:44.020  4811  4811 I Layer   : id=31587[1] Destroyed Surface(name=3e2a865 Splash Screen com.example.dogglers)/@0x2dd23db - animation-leash#0
06-23 17:47:44.020  4811  4811 I Layer   : id=31574[1] Destroyed 3e2a865 Splash Screen com.example.dogglers#0
06-23 17:47:44.023  5176  5198 I SurfaceControl: nativeRelease nativeObject s[497401912800]
06-23 17:47:44.023  5176  5198 I SurfaceControl: nativeRelease nativeObject e[497401912800]
06-23 17:47:44.023  4811  4811 I Layer   : id=31575[1] Destroyed Splash Screen com.example.dogglers#0
06-23 17:47:44.026  4811  4811 D SurfaceFlinger: Display 0 HWC layers:
06-23 17:47:44.026  4811  4811 D SurfaceFlinger:      DEVICE | 0x6f91c17900 | 0002 | RGBA_8888    |    0.0    0.0  720.0 1600.0 |    0    0  720 1600 | com.example.dogglers/com.example.dogglers.HorizontalListActivity$_4218#0
06-23 17:47:44.026  4811  4811 D SurfaceFlinger:      DEVICE | 0x70361bde80 | 0000 | RGBA_8888    |    0.0    0.0  111.0  137.0 |    0   68  111  205 | $_3609#1
06-23 17:47:44.026  4811  4811 D SurfaceFlinger:      CLIENT | 0x6f91c17a40 | 0000 | RGBA_8888    |    0.0    0.0  720.0 1600.0 |    0    0  720 1600 | Bubbles!$_5488#0
06-23 17:47:44.026  4811  4811 D SurfaceFlinger:      CLIENT | 0x6fb2241f80 | 0000 | RGBA_8888    |    0.0    0.0  720.0   68.0 |    0    0  720   68 | StatusBar$_5488#0
06-23 17:47:44.026  4811  4811 D SurfaceFlinger:      CLIENT | 0x6fb2242200 | 0000 | RGBA_8888    |    0.0    0.0  259.0   26.0 |  461 1574  720 1600 | SGestureOverlayWindow$_5878#0
06-23 17:47:44.026  4811  4811 D SurfaceFlinger:      CLIENT | 0x70361bed80 | 0000 | RGBA_8888    |    0.0    0.0  259.0   26.0 |  461 1574  720 1600 | SGestureOverlayWindow$_5878#1
06-23 17:47:44.026  4811  4811 D SurfaceFlinger:      CLIENT | 0x6f91c177c0 | 0000 | RGBA_8888    |    0.0    0.0  105.0  105.0 |    0   68  105  173 | cornertabUI$_11263#0
06-23 17:47:44.026  4811  4811 D SurfaceFlinger:      DEVICE | 0x6fb2240a40 | 0000 | RGBA_8888    |    0.0    0.0  720.0   84.0 |
06-23 17:47:44.026  4811  4811 D SurfaceFlinger:   0 1516  720 1600 | NavigationBar0$_5488#0
06-23 17:47:44.026  4811  4811 D SurfaceFlinger:
06-23 17:47:44.038  4811  6436 I Layer   : id=31581 removeFromCurrentState Surface(name=Dim Layer for - Task=5123 - animating-dim)/@0x6ea3353 - animation-leash#0 (166)
06-23 17:47:44.038  4811  6436 I SurfaceFlinger: id=31581 Removed Surface(name=Dim Layer for - Task=5123 - animating-dim)/@0x6ea3353 - animation-leash#0 (166)
06-23 17:47:44.049  5176  5392 I WifiService: getConnectionInfo uid=1000
06-23 17:47:44.054  4811  4811 I Layer   : id=31581[1] Destroyed Surface(name=Dim Layer for - Task=5123 - animating-dim)/@0x6ea3353 - animation-leash#0
06-23 17:47:44.065  4218  4218 I ViewInteraction: Checking 'MatchesViewAssertion{viewMatcher=(view has effective visibility <VISIBLE> and view.getGlobalVisibleRect() to return non-empty rectangle)}' assertion on view an instance of android.widget.TextView and view.getText() with or without transformation to match: is "Bella"
06-23 17:47:44.079  5176  7571 I SemDvfsHyPerManager: acquire hyper - AMS_ACT_START/5176@16, type = -999
