06-23 17:47:42.980  5176  5198 I SemDvfsHyPerManager: acquire hyper - AMS_ACT_LAZY/5176@19, type = -999
06-23 17:47:42.980  4769  4844 I HYPER-HAL: [RequestManager.cpp]acquire(): Acquired ID : 13491433  [5176 / 18]    HINT : AMS_RESUME_TAIL    list :
06-23 17:47:42.981  6542  6542 E pageboostd: Received HALT command code 2
06-23 17:47:42.981  4769  4844 I HYPER-HAL: [ResourceManager.cpp]updateResource(): [CPUMinFreq] UpdateResource Request ID : 13491433    Value : 1456000
06-23 17:47:42.981  4769  4844 I HYPER-HAL: [RequestManager.cpp]acquire(): Acquired ID : 13496629  [5176 / 19]    HINT :      list :
06-23 17:47:42.981  4769  4844 E HYPER-HAL: [Request.cpp]acquire(): Request:: id : 13496629, No Resource to set
06-23 17:47:42.981  4769  4844 I HYPER-HAL: [ResourceManager.cpp]removeResource(): [CPUMinFreq] RemoveResource Request ID : 13481044
06-23 17:47:42.981  4769  4844 I HYPER-HAL: [RequestManager.cpp]releaseLocked(): Released ID : 13481044
06-23 17:47:42.987  5176  7842 I InputDispatcher: Focus entered window (4218): 76e6b34 in display 0 0
06-23 17:47:42.988  4218  4218 I SurfaceControl: nativeRelease nativeObject s[499269421408]
06-23 17:47:42.988  4218  4218 I SurfaceControl: nativeRelease nativeObject e[499269421408]
06-23 17:47:42.989  4218  4218 I SurfaceControl: nativeRelease nativeObject s[499455605920]
06-23 17:47:42.989  4218  4218 I SurfaceControl: nativeRelease nativeObject e[499455605920]
06-23 17:47:42.989  4218  4218 I SurfaceControl: nativeRelease nativeObject s[499455605824]
06-23 17:47:42.989  4218  4218 I SurfaceControl: nativeRelease nativeObject e[499455605824]
06-23 17:47:42.989  4811  5230 I SurfaceFlinger: id=31556 Removed Surface(name=31a4e78 NavigationBar0)/@0x2b9a7fb - animation-leash#0 (161)
06-23 17:47:42.989  4811  5230 I SurfaceFlinger: id=31555 Removed Surface(name=3833be5 StatusBar)/@0xff1ccfc - animation-leash#0 (161)
06-23 17:47:42.991  4811  4811 D SurfaceFlinger: Display 0 HWC layers:
06-23 17:47:42.991  4811  4811 D SurfaceFlinger:      DEVICE | 0x70361be600 | 0002 | RGBA_8888    |    0.0    0.0  720.0 1600.0 |    0    0  720 1600 | com.example.dogglers/androidx.test.c[...]ctivityInvoker$EmptyActivity$_4218#1
06-23 17:47:42.991  4811  4811 D SurfaceFlinger:      DEVICE | 0x70361bde80 | 0000 | RGBA_8888    |    0.0    0.0  111.0  137.0 |    0   68  111  205 | $_3609#1
06-23 17:47:42.991  4811  4811 D SurfaceFlinger:      DEVICE | 0x6f91c17a40 | 0000 | RGBA_8888    |    0.0    0.0  720.0 1600.0 |    0    0  720 1600 | Bubbles!$_5488#0
06-23 17:47:42.991  4811  4811 D SurfaceFlinger:      DEVICE | 0x6fb2241f80 | 0000 | RGBA_8888    |    0.0    0.0  720.0   68.0 |    0    0  720   68 | StatusBar$_5488#0
06-23 17:47:42.991  4811  4811 D SurfaceFlinger:      DEVICE | 0x6fb2242200 | 0000 | RGBA_8888    |    0.0    0.0  259.0   26.0 |  461 1574  720 1600 | SGestureOverlayWindow$_5878#0
06-23 17:47:42.991  4811  4811 D SurfaceFlinger:      DEVICE | 0x70361bed80 | 0000 | RGBA_8888    |    0.0    0.0  259.0   26.0 |  461 1574  720 1600 | SGestureOverlayWindow$_5878#1
06-23 17:47:42.991  4811  4811 D SurfaceFlinger:      DEVICE | 0x6f91c177c0 | 0000 | RGBA_8888    |    0.0    0.0  105.0  105.0 |    0   68  105  173 | cornertabUI$_11263#0
06-23 17:47:42.991  4811  4811 D SurfaceFlinger:      DEVICE | 0x6fb2240a40 | 0000 | RGBA_8888    |    0.0    0.0  720.0   84.
06-23 17:47:42.991  4811  4811 D SurfaceFlinger: 0 |    0 1516  720 1600 | NavigationBar0$_5488#0
06-23 17:47:42.991  4811  4811 D SurfaceFlinger:
06-23 17:47:43.000  5176  7542 D InputDispatcher: Focused application set to (0): dedaa09
06-23 17:47:43.002  4811  4811 I Layer   : id=31556[1] Destroyed Surface(name=31a4e78 NavigationBar0)/@0x2b9a7fb - animation-leash#0
06-23 17:47:43.003  4811  4811 I Layer   : id=31555[1] Destroyed Surface(name=3833be5 StatusBar)/@0xff1ccfc - animation-leash#0
06-23 17:47:43.010  5488  5488 D Bubbles : collapse stack cause : onTaskMovedToFront
06-23 17:47:43.010  5488  5488 D Bubbles : setExpanded: false
06-23 17:47:43.010  5488  5488 D Bubbles : setExpandedInternal: shouldExpand=false
06-23 17:47:43.015  4218  4218 I ViewRootImpl@2699616[InstrumentationActivityInvoker$EmptyActivity]: MSG_WINDOW_FOCUS_CHANGED 1 1
06-23 17:47:43.016  4218  4218 D InputMethodManager: prepareNavigationBarInfo() DecorView@8adfebb[InstrumentationActivityInvoker$EmptyActivity]
06-23 17:47:43.016  4218  4218 D InputMethodManager: getNavigationBarColor() -16711423
06-23 17:47:43.017  4218  4218 D InputMethodManager: prepareNavigationBarInfo() DecorView@8adfebb[InstrumentationActivityInvoker$EmptyActivity]
06-23 17:47:43.017  4218  4218 D InputMethodManager: getNavigationBarColor() -16711423
06-23 17:47:43.017  4218  4218 V InputMethodManager: Starting input: tba=com.example.dogglers ic=null mNaviBarColor -16711423 mIsGetNaviBarColorSuccess true , NavVisible : true , NavTrans : false
06-23 17:47:43.017  4218  4218 D InputMethodManager: startInputInner - Id : 0
06-23 17:47:43.017  4218  4218 I InputMethodManager: startInputInner - mService.startInputOrWindowGainedFocus
06-23 17:47:43.018  5176  7542 D InputMethodManagerService: mSecureKeypadEnabled = false
06-23 17:47:43.018  5176  7542 V InputMethodManagerService: hideCurrentInputLocked : shouldHideSoftInput is false
06-23 17:47:43.019  5176  7542 D InputMethodManagerService: mDesktopModeManager null!
06-23 17:47:43.019  5176  7542 V InputMethodManagerService: getDisplayIdOfInputMethodWindowToBeAdded : 0
06-23 17:47:43.019  5176  7542 D InputMethodManagerService: checkDisplayOfStartInputAndUpdateKeyboard display Id 0last 0
06-23 17:47:43.019  5176  7542 D InputTransport: Input channel constructed: 'ClientS', fd=683
06-23 17:47:43.019  5176  7542 D InputTransport: Input channel destroyed: 'ClientS', fd=683
06-23 17:47:43.020  4218  4218 D InputTransport: Input channel constructed: 'ClientS', fd=95
06-23 17:47:43.020  4218  4218 D InputTransport: Input channel destroyed: 'ClientS', fd=101
06-23 17:47:43.021  5176  7542 I InputDispatcher: Focus left window (4218): 76e6b34 in display 0 0
06-23 17:47:43.022  5176  5392 I WifiService: getConnectionInfo uid=1000
06-23 17:47:43.023  4811  5230 E BufferQueueProducer: [com.example.dogglers/androidx.test.core.app.InstrumentationActivityInvoker$EmptyActivity$_4218#0](id:12cb0000151c,api:0,p:-1,c:4811) disconnect: not connected (req=1)
06-23 17:47:43.024  4218  4273 W libEGL  : EGLNativeWindowType 0x744f743010 disconnect failed
06-23 17:47:43.025  5176  7542 I SurfaceControl: nativeRelease nativeObject s[497279280160]
06-23 17:47:43.025  5176  7542 I SurfaceControl: nativeRelease nativeObject e[497279280160]
06-23 17:47:43.025  4811  5231 I SurfaceFlinger: id=31563 createSurf (0x0),-1 flag=24004, Surface(name=a01af46 InputMethod)/@0x1dd2b1b - animation-leash#0
06-23 17:47:43.026  5176  7842 V WindowManager: Relayout Window{27fc86c u0 com.example.dogglers/androidx.test.core.app.InstrumentationActivityInvoker$EmptyActivity}: viewVisibility=8 req=720x1600
06-23 17:47:43.026  7990  7990 I HBD     : HoneyBoardService onFinishInput
06-23 17:47:43.027  7990  7990 I HBD     : a IC have been unbinded,  InputConnectionWrapper{idHash=#69e6c7c mMissingMethods=}
06-23 17:47:43.027  7990  7990 I HBD     : HoneyBoardService [PF_CL][onFinishInput]  232423 ns
06-23 17:47:43.027  7990  7990 I HBD     : HoneyBoardService [IMI] onStartInput - caller pid : 4218 , caller uid : 10622
06-23 17:47:43.027  7990  7990 I HBD     : i updateConfigs
06-23 17:47:43.027  7990  7990 I HBD     : i isEnabledNightMode : true
06-23 17:47:43.027  7990  7990 I HBD     : a IC have been binded, InputConnectionWrapper{idHash=#69e6c7c mMissingMethods=}
06-23 17:47:43.027  7990  7990 I HBD     : h [EditorInputType]setPrivateImeOptionsToTable privateImeOptions ( null )
06-23 17:47:43.027  7990  7990 I HBD     : b incognitoMode : false
06-23 17:47:43.027  7990  7990 I HBD     : a needOff = true , isForceOff = false, isNullInputClass : true
06-23 17:47:43.027  7990  7990 I HBD     : h getDefaultInputRange : UNKNOWN
06-23 17:47:43.027  7990  7990 I HBD     : h getDefaultInputRange : UNKNOWN
06-23 17:47:43.027  7990  7990 I HBD     : h getDefaultInputRange : UNKNOWN
06-23 17:47:43.028  5176  7542 D SdpManagerService: Not an enterprise user : 0
06-23 17:47:43.028  5176  7542 D SdpManagerService: Not an enterprise user : 0
06-23 17:47:43.029  7990  7990 I HBD     : h getDefaultInputRange : UNKNOWN
06-23 17:47:43.029  7990  7990 I HBD     : a currentState : 0
06-23 17:47:43.029  4811  5231 I Layer   : id=31557 removeFromCurrentState Surface(name=a01af46 InputMethod)/@0x1dd2b1b - animation-leash#1 (160)
06-23 17:47:43.030  7990  7990 I HBD     : h load selected json info : {"version":"1.0","currentLanguageOrder":0,"selected":[{"activeOptionList":["auto_replace","auto_spacing"],"engName":"Vietnamese","id":4390912,"inputType":"vietnamese_telex","isUsed":true},{"activeOptionList":["auto_replace","auto_spacing"],"engName":"English","id":65537,"inputType":"qwerty","isUsed":true}]}
06-23 17:47:43.030  7990  7990 I HBD     : a [UpdatePolicy] [post] a: 0 cl: 4390912 kit: [0/0] vt: 0 ir: 1
06-23 17:47:43.031  7990  7990 I HBD     : HoneyBoardService [PF_OP][onStartInput]  3895846 ns
06-23 17:47:43.032  5176  7842 V WindowManager: Relayout hash=27fc86c, pid=4218: mAttrs={(0,0)(fillxfill) sim={adjust=pan forwardNavigation} ty=BASE_APPLICATION wanim=0x1030001
06-23 17:47:43.032  5176  7842 V WindowManager:   fl=1810100
06-23 17:47:43.032  5176  7842 V WindowManager:   pfl=12020000
06-23 17:47:43.032  5176  7842 V WindowManager:   fitSides= naviIconColor=0}
06-23 17:47:43.034  4218  4218 I SurfaceControl: nativeRelease nativeObject s[499269426400]
06-23 17:47:43.034  4218  4218 I SurfaceControl: nativeRelease nativeObject e[499269426400]
06-23 17:47:43.034  4218  4218 I SurfaceControl: assignNativeObject: nativeObject = 0 Surface(name=null)/@0xb5fe184 / android.view.SurfaceControl.readFromParcel:1117 android.view.IWindowSession$Stub$Proxy.relayout:1810 android.view.ViewRootImpl.relayoutWindow:9005 android.view.ViewRootImpl.performTraversals:3360 android.view.ViewRootImpl.doTraversal:2618 android.view.ViewRootImpl$TraversalRunnable.run:9971 android.view.Choreographer$CallbackRecord.run:1010 android.view.Choreographer.doCallbacks:809 android.view.Choreographer.doFrame:744 android.view.Choreographer$FrameDisplayEventReceiver.run:995
06-23 17:47:43.035  4218  4218 I SurfaceControl: assignNativeObject: nativeObject = 0 Surface(name=null)/@0xc986653 / android.view.SurfaceControl.readFromParcel:1117 android.view.IWindowSession$Stub$Proxy.relayout:1820 android.view.ViewRootImpl.relayoutWindow:9005 android.view.ViewRootImpl.performTraversals:3360 android.view.ViewRootImpl.doTraversal:2618 android.view.ViewRootImpl$TraversalRunnable.run:9971 android.view.Choreographer$CallbackRecord.run:1010 android.view.Choreographer.doCallbacks:809 android.view.Choreographer.doFrame:744 android.view.Choreographer$FrameDisplayEventReceiver.run:995
06-23 17:47:43.035  4218  4218 I SurfaceControl: nativeRelease nativeObject s[499269421504]
06-23 17:47:43.035  4218  4218 I SurfaceControl: nativeRelease nativeObject e[499269421504]
06-23 17:47:43.036  4811  5231 I SurfaceFlinger: id=31557 Removed Surface(name=a01af46 InputMethod)/@0x1dd2b1b - animation-leash#1 (160)
06-23 17:47:43.037  4218  4218 I ViewRootImpl@6813642[InstrumentationActivityInvoker$EmptyActivity]: Relayout returned: old=(0,0,720,1600) new=(0,0,720,1600) req=(720,1600)8 dur=11 res=0x5 s={false 0} ch=true fn=2
06-23 17:47:43.038  4218  4218 I ViewRootImpl@6813642[InstrumentationActivityInvoker$EmptyActivity]: stopped(true) old=false
06-23 17:47:43.039  4218  4218 D LifecycleMonitor: Lifecycle status change: androidx.test.core.app.InstrumentationActivityInvoker$EmptyActivity@e721451 in: STOPPED
06-23 17:47:43.040  4218  4218 V ActivityScenario: Activity lifecycle changed event received but ignored because the intent does not match. startActivityIntent=Intent { act=android.intent.action.MAIN cat=[android.intent.category.LAUNCHER] cmp=com.example.dogglers/.HorizontalListActivity }, activity.getIntent()=Intent { act=android.intent.action.MAIN cat=[android.intent.category.LAUNCHER] flg=0x10000000 cmp=com.example.dogglers/androidx.test.core.app.InstrumentationActivityInvoker$EmptyActivity }, activity=androidx.test.core.app.InstrumentationActivityInvoker$EmptyActivity@e721451
06-23 17:47:43.043  4218  4218 D LifecycleMonitor: Lifecycle status change: androidx.test.core.app.InstrumentationActivityInvoker$EmptyActivity@e721451 in: DESTROYED
06-23 17:47:43.043  4218  4218 V ActivityScenario: Activity lifecycle changed event received but ignored because the intent does not match. startActivityIntent=Intent { act=android.intent.action.MAIN cat=[android.intent.category.LAUNCHER] cmp=com.example.dogglers/.HorizontalListActivity }, activity.getIntent()=Intent { act=android.intent.action.MAIN cat=[android.intent.category.LAUNCHER] flg=0x10000000 cmp=com.example.dogglers/androidx.test.core.app.InstrumentationActivityInvoker$EmptyActivity }, activity=androidx.test.core.app.InstrumentationActivityInvoker$EmptyActivity@e721451
06-23 17:47:43.045  4218  4218 I ViewRootImpl@6813642[InstrumentationActivityInvoker$EmptyActivity]: dispatchDetachedFromWindow
06-23 17:47:43.046  5176  7842 D InputTransport: Input channel destroyed: '27fc86c', fd=666
06-23 17:47:43.046  5176  7842 I SurfaceControl: nativeRelease nativeObject s[497401913184]
06-23 17:47:43.046  5176  7842 I SurfaceControl: nativeRelease nativeObject e[497401913184]
06-23 17:47:43.046  5176  7842 D WindowManager: isScreenshotDisabledLocked - win: Window{27fc86c u0 com.example.dogglers/androidx.test.core.app.InstrumentationActivityInvoker$EmptyActivity}
06-23 17:47:43.046  5176  7842 D WindowManager: isScreenshotDisabledLocked: userId = 0, disabled =false
06-23 17:47:43.047  5176  7842 I SurfaceControl: nativeRelease nativeObject s[497401916448]
06-23 17:47:43.047  5176  7842 I SurfaceControl: nativeRelease nativeObject e[497401916448]
06-23 17:47:43.047  4811  5231 I Layer   : id=31554 removeFromCurrentState com.example.dogglers/androidx.test.core.app.InstrumentationActivityInvoker$EmptyActivity$_4218#0 (160)
06-23 17:47:43.048  5176  5392 I WifiService: getConnectionInfo uid=1000
06-23 17:47:43.048  4811  5230 I SurfaceFlinger: id=31554 Removed com.example.dogglers/androidx.test.core.app.InstrumentationActivityInvoker$EmptyActivity$_4218#0 (160)
06-23 17:47:43.050  4811  5230 I Layer   : id=31553 removeFromCurrentState 27fc86c com.example.dogglers/androidx.test.core.app.InstrumentationActivityInvoker$EmptyActivity#0 (160)
06-23 17:47:43.052  4811  5230 I SurfaceFlinger: id=31553 Removed 27fc86c com.example.dogglers/androidx.test.core.app.InstrumentationActivityInvoker$EmptyActivity#0 (160)
06-23 17:47:43.052  4218  4218 D InputTransport: Input channel destroyed: '27fc86c', fd=92
06-23 17:47:43.053  4811  4811 I Layer   : id=31557[1] Destroyed Surface(name=a01af46 InputMethod)/@0x1dd2b1b - animation-leash#1
06-23 17:47:43.053  4811  4811 I Layer   : id=31553[1] Destroyed 27fc86c com.example.dogglers/androidx.test.core.app.InstrumentationActivityInvoker$EmptyActivity#0
06-23 17:47:43.053  4811  4811 I Layer   : id=31554[1] Destroyed com.example.dogglers/androidx.test.core.app.InstrumentationActivityInvoker$EmptyActivity$_4218#0
06-23 17:47:43.053  5176  7842 I SurfaceControl: nativeRelease nativeObject s[497270569248]
06-23 17:47:43.053  5176  7842 I SurfaceControl: nativeRelease nativeObject e[497270569248]
06-23 17:47:43.059  4811  5230 I Layer   : id=31552 removeFromCurrentState ActivityRecord{f33772 u0 com.example.dogglers/androidx.test.core.app.InstrumentationActivityInvoker$EmptyActivity t5122}#0 (157)
06-23 17:47:43.059  4811  5230 I SurfaceFlinger: id=31552 Removed ActivityRecord{f33772 u0 com.example.dogglers/androidx.test.core.app.InstrumentationActivityInvoker$EmptyActivity t5122}#0 (157)
06-23 17:47:43.061  4218  4218 D LifecycleMonitor: Lifecycle status change: androidx.test.core.app.InstrumentationActivityInvoker$EmptyActivity@7d55cb5 in: PAUSED
06-23 17:47:43.062  4218  4218 V ActivityScenario: Activity lifecycle changed event received but ignored because the intent does not match. startActivityIntent=Intent { act=android.intent.action.MAIN cat=[android.intent.category.LAUNCHER] cmp=com.example.dogglers/.HorizontalListActivity }, activity.getIntent()=Intent { act=android.intent.action.MAIN cat=[android.intent.category.LAUNCHER] flg=0x10000000 cmp=com.example.dogglers/androidx.test.core.app.InstrumentationActivityInvoker$EmptyActivity }, activity=androidx.test.core.app.InstrumentationActivityInvoker$EmptyActivity@7d55cb5
06-23 17:47:43.063  5176  7542 I SemDvfsHyPerManager: acquire hyper - AMS_APP_HOME/5176@30, type = -999
06-23 17:47:43.064  4769  4844 I HYPER-HAL: [RequestManager.cpp]acquire(): Acquired ID : 13553851  [5176 / 30]    HINT : AMS_APP_HOME    list :
06-23 17:47:43.064  4769  4844 I HYPER-HAL: [ResourceManager.cpp]updateResource(): [CPUMinFreq] UpdateResource Request ID : 13553851    Value : 2002000
06-23 17:47:43.064  7326  7326 I SemDvfsHyPerManager: acquire hyper - com.sec.android.sdhms/7326@12, type = -999
06-23 17:47:43.064  4769  4844 I HYPER-HAL: [RequestManager.cpp]acquire(): Acquired ID : 26926803  [7326 / 12]    HINT : APP_START    list :
06-23 17:47:43.065  4769  4844 I HYPER-HAL: [ResourceManager.cpp]updateResource(): [CPUMaxFreq] UpdateResource Request ID : 26926803    Value : 2002000
06-23 17:47:43.066  5176  7542 V WindowOrientationListener: getProposedRotation: -1
06-23 17:47:43.069  4811  4811 I Layer   : id=31552[1] Destroyed ActivityRecord{f33772 u0 com.example.dogglers/androidx.test.core.app.InstrumentationActivityInvoker$EmptyActivity t5122}#0
06-23 17:47:43.076  5176  7842 V WindowManager: Relayout Window{2f736bc u0 com.sec.android.app.launcher/com.sec.android.app.launcher.activities.LauncherActivity}: viewVisibility=4 req=720x1600
06-23 17:47:43.078  5176  7542 D SamsungIMMSHWKeyboard: isConnectedDexOnPC false
06-23 17:47:43.079  4218  4218 I SurfaceControl: nativeRelease nativeObject s[499533423936]
06-23 17:47:43.079  4218  4218 I SurfaceControl: nativeRelease nativeObject e[499533423936]
06-23 17:47:43.079  4218  4218 I SurfaceControl: nativeRelease nativeObject s[497833945920]
06-23 17:47:43.079  4218  4218 I SurfaceControl: nativeRelease nativeObject e[497833945920]
06-23 17:47:43.080  4218  4218 I ViewRootImpl@2699616[InstrumentationActivityInvoker$EmptyActivity]: MSG_WINDOW_FOCUS_CHANGED 0 1
06-23 17:47:43.082  4218  4264 I TestRunner: finished: horizontal_scrolling(com.example.dogglers.HorizontalListTests)
