06-23 17:47:39.436  4218  4264 I TestRunner: started: recycler_view_item_count(com.example.dogglers.HorizontalListTests)
06-23 17:47:39.462  4218  4264 W Settings: Setting always_finish_activities has moved from android.provider.Settings.System to android.provider.Settings.Global, returning read-only value.
06-23 17:47:39.498  5176  6424 I SemDvfsHyPerManager: acquire hyper - AMS_APP_SWITCH/5176@24, type = -999
06-23 17:47:39.498  4769  4844 I HYPER-HAL: [RequestManager.cpp]acquire(): Acquired ID : 13522624  [5176 / 24]    HINT : AMS_APP_SWITCH    list :
06-23 17:47:39.499  4769  4844 I HYPER-HAL: [ResourceManager.cpp]updateResource(): [CPUMinFreq] UpdateResource Request ID : 13522624    Value : 2002000
06-23 17:47:39.500  7326  7326 I SemDvfsHyPerManager: acquire hyper - com.sec.android.sdhms/7326@12, type = -999
06-23 17:47:39.500  4811  6436 I SurfaceFlinger: id=31499 createSurf (0x0),-1 flag=24004, Task=5121#0
06-23 17:47:39.500  4769  4844 I HYPER-HAL: [RequestManager.cpp]acquire(): Acquired ID : 26926803  [7326 / 12]    HINT : APP_START    list :
06-23 17:47:39.501  4769  4844 I HYPER-HAL: [ResourceManager.cpp]updateResource(): [CPUMaxFreq] UpdateResource Request ID : 26926803    Value : 2002000
06-23 17:47:39.502  4769  4844 I HYPER-HAL: [ResourceManager.cpp]removeResource(): [CPUMaxFreq] RemoveResource Request ID : 26853458
06-23 17:47:39.502  4769  4844 I HYPER-HAL: [RequestManager.cpp]releaseLocked(): Released ID : 26853458
06-23 17:47:39.503  4811  6436 I SurfaceFlinger: id=31500 createSurf (0x0),-1 flag=80004, ActivityRecord{4746217 u0 com.example.dogglers/androidx.test.core.app.InstrumentationActivityInvoker$BootstrapActivity t5121}#0
06-23 17:47:39.507  5176  5942 V WindowOrientationListener: getProposedRotation: -1
06-23 17:47:39.514  5176  5942 I SemDvfsHyPerManager: acquire hyper - AMS_APP_LAUNCH/5176@17, type = -999
06-23 17:47:39.514  4769  4844 I HYPER-HAL: [RequestManager.cpp]acquire(): Acquired ID : 13486238  [5176 / 17]    HINT : AMS_APP_LAUNCH    list :
06-23 17:47:39.514  4769  4844 I HYPER-HAL: [ResourceManager.cpp]updateResource(): [CPUMinFreq] UpdateResource Request ID : 13486238    Value : 2002000
06-23 17:47:39.516  5878  5878 I DragController: endDrag
06-23 17:47:39.517  5878  5878 I SPayUpdater: updateSpayHandler launcher activity is paused false
06-23 17:47:39.518  5488  5488 D Bubbles : collapse stack cause : onTaskMovedToFront
06-23 17:47:39.518  5488  5488 D Bubbles : setExpanded: false
06-23 17:47:39.518  5488  5488 D Bubbles : setExpandedInternal: shouldExpand=false
06-23 17:47:39.521  5176  7832 V WindowOrientationListener: getProposedRotation: -1
06-23 17:47:39.522  5176  7832 V WindowOrientationListener: getProposedRotation: -1
06-23 17:47:39.523  5176  7832 V WindowOrientationListener: getProposedRotation: -1
06-23 17:47:39.526  5176  7832 D InputDispatcher: Focused application set to (0): 4746217
06-23 17:47:39.539  5488  5488 D Bubbles : collapse stack cause : onTaskMovedToFront
06-23 17:47:39.539  5488  5488 D Bubbles : setExpanded: false
06-23 17:47:39.539  5488  5488 D Bubbles : setExpandedInternal: shouldExpand=false
06-23 17:47:39.540  5176  7832 V WindowManager: Relayout Window{2f736bc u0 com.sec.android.app.launcher/com.sec.android.app.launcher.activities.LauncherActivity}: viewVisibility=0 req=720x1600
06-23 17:47:39.540  5176  5198 E system_server: Invalid ID 0x00000000.
06-23 17:47:39.546  5176  7832 V WindowManager: Relayout hash=2f736bc, pid=5878: mAttrs={(0,0)(fillxfill) sim={adjust=nothing} layoutInDisplayCutoutMode=shortEdges ty=BASE_APPLICATION fmt=TRANSPARENT wanim=0x10302f2
06-23 17:47:39.546  5176  7832 V WindowManager:   fl=81910100
06-23 17:47:39.546  5176  7832 V WindowManager:   pfl=16020000
06-23 17:47:39.546  5176  7832 V WindowManager:   vsysui=1700
06-23 17:47:39.546  5176  7832 V WindowManager:   bhv=SHOW_TRANSIENT_BARS_BY_SWIPE
06-23 17:47:39.546  5176  7832 V WindowManager:   fitSides= naviIconColor=0}
06-23 17:47:39.546  5176  7832 I SurfaceControl: nativeRelease nativeObject s[497401913184]
06-23 17:47:39.546  5176  7832 I SurfaceControl: nativeRelease nativeObject e[497401913184]
06-23 17:47:39.546  5176  5198 D InputTransport: Input channel constructed: '2ab67a5', fd=911
06-23 17:47:39.546  5176  5198 D InputTransport: Input channel constructed: '2ab67a5', fd=912
06-23 17:47:39.547  5878  5878 I SurfaceControl: nativeRelease nativeObject s[499543769088]
06-23 17:47:39.547  5878  5878 I SurfaceControl: nativeRelease nativeObject e[499543769088]
06-23 17:47:39.547  5176  5392 I WifiService: getConnectionInfo uid=1000
06-23 17:47:39.547  4811  5230 I SurfaceFlinger: id=31501 createSurf (0x0),-1 flag=80004, 2ab67a5 Splash Screen com.example.dogglers#0
06-23 17:47:39.547  5878  5878 I SurfaceControl: assignNativeObject: nativeObject = 0 Surface(name=null)/@0x15e5e7b / android.view.SurfaceControl.readFromParcel:1117 android.view.IWindowSession$Stub$Proxy.relayout:1820 android.view.ViewRootImpl.relayoutWindow:9005 android.view.ViewRootImpl.performTraversals:3360 android.view.ViewRootImpl.doTraversal:2618 android.view.ViewRootImpl$TraversalRunnable.run:9971 android.view.Choreographer$CallbackRecord.run:1010 android.view.Choreographer.doCallbacks:809 android.view.Choreographer.doFrame:744 android.view.Choreographer$FrameDisplayEventReceiver.run:995
06-23 17:47:39.548  5878  5878 I SurfaceControl: nativeRelease nativeObject s[499455600928]
06-23 17:47:39.548  5878  5878 I SurfaceControl: nativeRelease nativeObject e[499455600928]
06-23 17:47:39.548  5878  5878 I SurfaceControl: nativeRelease nativeObject s[499455600832]
06-23 17:47:39.548  5878  5878 I SurfaceControl: nativeRelease nativeObject e[499455600832]
06-23 17:47:39.548  5878  5878 I SurfaceControl: nativeRelease nativeObject s[499455600544]
06-23 17:47:39.548  5878  5878 I SurfaceControl: nativeRelease nativeObject e[499455600544]
06-23 17:47:39.548  5878  5878 I ViewRootImpl@6cc0f31[LauncherActivity]: Relayout returned: old=(0,0,720,1600) new=(0,0,720,1600) req=(720,1600)0 dur=8 res=0x1 s={true 496350310400} ch=false fn=36
06-23 17:47:39.549  5176  5198 I ViewRootImpl@e79019c[dogglers]: setView = com.android.internal.policy.DecorView@8ecdb2b TM=true
06-23 17:47:39.553  5176  5195 D SehCodecSolutionService: Update top [com.example.dogglers]
06-23 17:47:39.553  5176  5395 I System.out: (HTTPLog)-Static: isSBSettingEnabled false
06-23 17:47:39.553  5176  5395 I System.out: (HTTPLog)-Static: isSBSettingEnabled false
06-23 17:47:39.553  5176  5405 D PkgPredictorService: com.example.dogglers go to foreground!
06-23 17:47:39.554  5176  5405 E PkgPredictorService-Collector: record changed bt=0  wifi=1 screen=0
06-23 17:47:39.554  5176  5405 D PkgPredictorService: previous pkgs: com.example.dogglers,com.example.dogglers,com.example.dogglers running pkg: com.example.dogglers, uid: 0 is system: false
06-23 17:47:39.554  5176  5405 D PkgPredictorService-Collector: save record...
06-23 17:47:39.554  5176  5405 D PkgPredictorService-Collector:  (hour:17 day:5 previous:[com.example.dogglers, com.example.dogglers, com.example.dogglers] activityName:unknown running:com.example.dogglers userId:0 screenOrientation:0 wifi:1 bt:0 predictTime:1 apkVersion:1.0 consumeTime:-1 preloaded:false>)
06-23 17:47:39.554  5176  5405 D PkgPredictorService-NapPreloadController: User using: com.example.dogglers
06-23 17:47:39.554  5176  5405 I PkgPredictorService-NapClassifier: RF predict version:1655924464472
06-23 17:47:39.555  4735  4790 E Netd    : getNetworkForDns: getNetId from enterpriseCtrl is netid 0
06-23 17:47:39.555  5176  5405 D PkgPredictorService-NapClassifier: Predict result: 50.0,9.0,-1.0, - [0_&_com.facebook.orca, 0_&_com.facebook.katana]
06-23 17:47:39.555  5176  5198 V WindowManager: Relayout Window{2ab67a5 u0 Splash Screen com.example.dogglers}: viewVisibility=0 req=720x1600
06-23 17:47:39.559  5176  7832 D NetdEventListenerService: DNS Requested by : 627, 1000
06-23 17:47:39.561  4735  4800 E Netd    : getNetworkForDns: getNetId from enterpriseCtrl is netid 0
06-23 17:47:39.562  5176  5198 D WindowManager: isScreenshotDisabledLocked - win: Window{2ab67a5 u0 Splash Screen com.example.dogglers}
06-23 17:47:39.562  5176  5198 D WindowManager: isScreenshotDisabledLocked: userId = 0, disabled =false
06-23 17:47:39.563  4811  6436 I SurfaceFlinger: id=31502 createSurf (720x1600),1 flag=404, Splash Screen com.example.dogglers#0
06-23 17:47:39.565  5176  5198 V WindowManager: Relayout hash=2ab67a5, pid=5176: mAttrs={(0,0)(fillxfill) sim={adjust=pan} layoutInDisplayCutoutMode=shortEdges ty=APPLICATION_STARTING wanim=0x1030001
06-23 17:47:39.565  5176  5198 V WindowManager:   fl=1830118
06-23 17:47:39.565  5176  5198 V WindowManager:   pfl=12020011
06-23 17:47:39.565  5176  5198 V WindowManager:   fitSides= naviIconColor=0}
06-23 17:47:39.566  5176  5198 I ViewRootImpl@e79019c[dogglers]: Relayout returned: old=(0,0,720,1600) new=(0,0,720,1600) req=(720,1600)0 dur=10 res=0x7 s={true 497268789248} ch=true fn=-1
06-23 17:47:39.567  4752 28121 D gralloc : [mali_gralloc_allocate] begin
06-23 17:47:39.567  4752 28121 D gralloc : buffer_descriptor: wh(720 1600) usage_pc(0x966 0x906) hal_format(0x1) layer_count(1) sizes(0 0 0) strde(0) byte_stride(0) alloc_wh(0 0) internal_format(0x0) alloc_format(0x0) fd_count(1) plane_count(0)
06-23 17:47:39.567  5176  5942 I InputDispatcher: Focus left window (5878): 2f736bc in display 0 0
06-23 17:47:39.567  4752 28121 D gralloc : [mali_gralloc_allocate] allocation successful
06-23 17:47:39.568  1665  1890 I Rubin   : [37396] LoggingEventHelper.notifyUpdatedWithValue(LoggingEventHelper.java:58) : Notify AppUsageLogger's database is updated.
06-23 17:47:39.569  5878  5878 I ViewRootImpl@6cc0f31[LauncherActivity]: MSG_WINDOW_FOCUS_CHANGED 0 1
06-23 17:47:39.578  1665  1890 I Rubin   : [37396] ExercisingWithCmhMonitor.isSatisfiedByCmh(ExercisingWithCmhMonitor.java:119) : isSatisfiedByCmh is false
06-23 17:47:39.582  5878  5878 I BadgeRenderer: Invalid count : 0
06-23 17:47:39.583  4811  6436 I SurfaceFlinger: id=31503 createSurf (0x0),-1 flag=24000, Surface(name=Task=1)/@0x58795ce - animation-leash#0
06-23 17:47:39.586  4811  4854 I SurfaceFlinger: id=31504 createSurf (0x0),-1 flag=24004, Surface(name=Task=5121)/@0x71ba31e - animation-leash#0
06-23 17:47:39.591  5176  5198 I SurfaceControl: nativeRelease nativeObject s[499535274816]
06-23 17:47:39.591  5176  5198 I SurfaceControl: nativeRelease nativeObject e[499535274816]
06-23 17:47:39.592  4811  4854 I SurfaceFlinger: id=31505 createSurf (0x0),-1 flag=24000, Surface(name=3833be5 StatusBar)/@0xff1ccfc - animation-leash#1
06-23 17:47:39.593  5176  5198 I SurfaceControl: nativeRelease nativeObject s[499419870624]
06-23 17:47:39.593  5176  5198 I SurfaceControl: nativeRelease nativeObject e[499419870624]
06-23 17:47:39.593  4811  4854 I SurfaceFlinger: id=31506 createSurf (0x0),-1 flag=24000, Surface(name=31a4e78 NavigationBar0)/@0x2b9a7fb - animation-leash#1
06-23 17:47:39.596  4811  4854 I Layer   : id=31492 removeFromCurrentState Surface(name=3833be5 StatusBar)/@0xff1ccfc - animation-leash#0 (152)
06-23 17:47:39.596  4811  4854 I Layer   : id=31493 removeFromCurrentState Surface(name=31a4e78 NavigationBar0)/@0x2b9a7fb - animation-leash#0 (152)
06-23 17:47:39.597  5878  5878 I SurfaceControl: nativeRelease nativeObject s[496601779936]
06-23 17:47:39.597  5878  5878 I SurfaceControl: nativeRelease nativeObject e[496601779936]
06-23 17:47:39.597  5878  5878 I SurfaceControl: nativeRelease nativeObject s[496601777056]
06-23 17:47:39.597  5878  5878 I SurfaceControl: nativeRelease nativeObject e[496601777056]
06-23 17:47:39.597  5878  5878 I SurfaceControl: nativeRelease nativeObject s[499543769088]
06-23 17:47:39.597  5878  5878 I SurfaceControl: nativeRelease nativeObject e[499543769088]
06-23 17:47:39.625  4811  4811 D SurfaceFlinger: Display 0 HWC layers:
06-23 17:47:39.625  4811  4811 D SurfaceFlinger:      DEVICE | 0x6fb2243b00 | 0002 | RGBx_8888    |  142.0    0.0  862.0 1600.0 |    0    0  720 1600 | com.android.systemui.ImageWallpaper$_5488#0
06-23 17:47:39.625  4811  4811 D SurfaceFlinger:      DEVICE | 0x70361be9c0 | 0000 | RGBA_8888    |    0.0    0.0  720.0 1600.0 |    0    0  720 1600 | com.sec.android.app.launcher/com.sec[...].activities.LauncherActivity$_5878#0
06-23 17:47:39.625  4811  4811 D SurfaceFlinger:      CLIENT | 0x6fb2242c00 | 0002 | RGBA_8888    |    0.0    0.0  720.0 1600.0 |   50  112  670 1488 | Splash Screen com.example.dogglers#0
06-23 17:47:39.625  4811  4811 D SurfaceFlinger:      CLIENT | 0x70361bde80 | 0000 | RGBA_8888    |    0.0    0.0  111.0  137.0 |    0   68  111  205 | $_3609#1
06-23 17:47:39.625  4811  4811 D SurfaceFlinger:      CLIENT | 0x6fb22425c0 | 0000 | RGBA_8888    |    0.0    0.0  720.0 1600.0 |    0    0  720 1600 | Bubbles!$_5488#0
06-23 17:47:39.625  4811  4811 D SurfaceFlinger:      CLIENT | 0x6fb2241f80 | 0000 | RGBA_8888    |    0.0    0.0  720.0   68.0 |    0    0  720   68 | StatusBar$_5488#0
06-23 17:47:39.625  4811  4811 D SurfaceFlinger:      CLIENT | 0x6fb2242200 | 0000 | RGBA_8888    |    0.0    0.0  259.0   26.0 |  461 1574  720 1600 | SGestureOverlayWindow$_5878#0
06-23 17:47:39.625  4811  4811 D SurfaceFlinger:      CLIENT | 0x70361bed80 | 0000 | RGBA_8888
06-23 17:47:39.625  4811  4811 D SurfaceFlinger:   |    0.0    0.0  259.0   26.0 |  461 1574  720 1600 | SGestureOverlayWindow$_5878#1
06-23 17:47:39.625  4811  4811 D SurfaceFlinger:      CLIENT | 0x6f91c16dc0 | 0000 | RGBA_8888    |    0.0    0.0  105.0  105.0 |    0   68  105  173 | cornertabUI$_11263#0
06-23 17:47:39.625  4811  4811 D SurfaceFlinger:      DEVICE | 0x6fb2240a40 | 0000 | RGBA_8888    |    0.0    0.0  720.0   84.0 |    0 1516  720 1600 | NavigationBar0$_5488#0
06-23 17:47:39.625  4811  4811 D SurfaceFlinger:
06-23 17:47:39.640  4218  4218 D LifecycleMonitor: Lifecycle status change: androidx.test.core.app.InstrumentationActivityInvoker$BootstrapActivity@91e7831 in: PRE_ON_CREATE
06-23 17:47:39.641  4218  4218 V ActivityScenario: Activity lifecycle changed event received but ignored because the intent does not match. startActivityIntent=Intent { act=android.intent.action.MAIN cat=[android.intent.category.LAUNCHER] cmp=com.example.dogglers/.HorizontalListActivity }, activity.getIntent()=Intent { act=android.intent.action.MAIN cat=[android.intent.category.LAUNCHER] flg=0x10008000 cmp=com.example.dogglers/androidx.test.core.app.InstrumentationActivityInvoker$BootstrapActivity (has extras) }, activity=androidx.test.core.app.InstrumentationActivityInvoker$BootstrapActivity@91e7831
06-23 17:47:39.655  4218  4218 E xample.doggler: Invalid ID 0x00000000.
06-23 17:47:39.668  4218  4218 I DecorView: [INFO] isPopOver=false, config=true
06-23 17:47:39.668  4218  4218 I DecorView: updateCaptionType >> DecorView@e31666d[], isFloating=false, isApplication=true, hasWindowDecorCaption=false, hasWindowControllerCallback=true
06-23 17:47:39.668  4218  4218 D DecorView: setCaptionType = 0, this = DecorView@e31666d[]
06-23 17:47:39.684 22908 22908 D wpa_supplicant: nl80211: Drv Event 103 (NL80211_CMD_VENDOR) received for p2p0
06-23 17:47:39.684 22908 22908 D wpa_supplicant: nl80211: Vendor event: wiphy=0 vendor_id=0x1a11 subcmd=11
06-23 17:47:39.684 22908 22908 D wpa_supplicant: nl80211: Ignore unsupported vendor event
06-23 17:47:39.684 22908 22908 D wpa_supplicant: nl80211: Drv Event 103 (NL80211_CMD_VENDOR) received for p2p0
06-23 17:47:39.684 22908 22908 D wpa_supplicant: nl80211: Vendor event: wiphy=0 vendor_id=0x1a11 subcmd=11
06-23 17:47:39.684 22908 22908 D wpa_supplicant: nl80211: Ignore unsupported vendor event
06-23 17:47:39.685 22908 22908 D wpa_supplicant: nl80211: Drv Event 103 (NL80211_CMD_VENDOR) received for p2p0
06-23 17:47:39.685 22908 22908 D wpa_supplicant: nl80211: Vendor event: wiphy=0 vendor_id=0x1a11 subcmd=11
06-23 17:47:39.685 22908 22908 D wpa_supplicant: nl80211: Ignore unsupported vendor event
06-23 17:47:39.685 22908 22908 D wpa_supplicant: nl80211: Drv Event 103 (NL80211_CMD_VENDOR) received for p2p0
06-23 17:47:39.685 22908 22908 D wpa_supplicant: nl80211: Vendor event: wiphy=0 vendor_id=0x1a11 subcmd=11
06-23 17:47:39.685 22908 22908 D wpa_supplicant: nl80211: Ignore unsupported vendor event
06-23 17:47:39.685 22908 22908 D wpa_supplicant: nl80211: Drv Event 103 (NL80211_CMD_VENDOR) received for p2p0
06-23 17:47:39.685 22908 22908 D wpa_supplicant: nl80211: Vendor event: wiphy=0 vendor_id=0x1a11 subcmd=11
06-23 17:47:39.685 22908 22908 D wpa_supplicant: nl80211: Ignore unsupported vendor event
06-23 17:47:39.690  4218  4218 D LifecycleMonitor: Lifecycle status change: androidx.test.core.app.InstrumentationActivityInvoker$BootstrapActivity@91e7831 in: CREATED
06-23 17:47:39.691  4218  4218 V ActivityScenario: Activity lifecycle changed event received but ignored because the intent does not match. startActivityIntent=Intent { act=android.intent.action.MAIN cat=[android.intent.category.LAUNCHER] cmp=com.example.dogglers/.HorizontalListActivity }, activity.getIntent()=Intent { act=android.intent.action.MAIN cat=[android.intent.category.LAUNCHER] flg=0x10008000 cmp=com.example.dogglers/androidx.test.core.app.InstrumentationActivityInvoker$BootstrapActivity (has extras) }, activity=androidx.test.core.app.InstrumentationActivityInvoker$BootstrapActivity@91e7831
06-23 17:47:39.697  4218  4218 D LifecycleMonitor: Lifecycle status change: androidx.test.core.app.InstrumentationActivityInvoker$BootstrapActivity@91e7831 in: STARTED
06-23 17:47:39.698  4218  4218 V ActivityScenario: Activity lifecycle changed event received but ignored because the intent does not match. startActivityIntent=Intent { act=android.intent.action.MAIN cat=[android.intent.category.LAUNCHER] cmp=com.example.dogglers/.HorizontalListActivity }, activity.getIntent()=Intent { act=android.intent.action.MAIN cat=[android.intent.category.LAUNCHER] flg=0x10008000 cmp=com.example.dogglers/androidx.test.core.app.InstrumentationActivityInvoker$BootstrapActivity (has extras) }, activity=androidx.test.core.app.InstrumentationActivityInvoker$BootstrapActivity@91e7831
06-23 17:47:39.709  4811  4854 I SurfaceFlinger: id=31507 createSurf (0x0),-1 flag=80004, ActivityRecord{956fcc9 u0 com.example.dogglers/.HorizontalListActivity t5121}#0
06-23 17:47:39.712  5176  5392 I WifiService: getConnectionInfo uid=1000
06-23 17:47:39.712  5176  5392 I WifiService: getConnectionInfo uid=1000
06-23 17:47:39.713  5176  5392 I WifiService: getConnectionInfo uid=1000
06-23 17:47:39.714  5176  5399 I WifiService: getConnectionInfo uid=1000
06-23 17:47:39.719  4218  4218 D LifecycleMonitor: Lifecycle status change: androidx.test.core.app.InstrumentationActivityInvoker$BootstrapActivity@91e7831 in: RESUMED
06-23 17:47:39.720  4218  4218 V ActivityScenario: Activity lifecycle changed event received but ignored because the intent does not match. startActivityIntent=Intent { act=android.intent.action.MAIN cat=[android.intent.category.LAUNCHER] cmp=com.example.dogglers/.HorizontalListActivity }, activity.getIntent()=Intent { act=android.intent.action.MAIN cat=[android.intent.category.LAUNCHER] flg=0x10008000 cmp=com.example.dogglers/androidx.test.core.app.InstrumentationActivityInvoker$BootstrapActivity (has extras) }, activity=androidx.test.core.app.InstrumentationActivityInvoker$BootstrapActivity@91e7831
06-23 17:47:39.724  5176  5198 I ViewRootImpl@e79019c[dogglers]: MSG_RESIZED_REPORT: frame=(0,0,720,1600) ci=(0,68,0,26) vi=(0,68,0,26) or=1
06-23 17:47:39.725  5488  5488 D Bubbles : collapse stack cause : onTaskMovedToFront
06-23 17:47:39.725  5488  5488 D Bubbles : setExpanded: false
06-23 17:47:39.725  5488  5488 D Bubbles : setExpandedInternal: shouldExpand=false
06-23 17:47:39.729  4218  4218 D LifecycleMonitor: Lifecycle status change: androidx.test.core.app.InstrumentationActivityInvoker$BootstrapActivity@91e7831 in: PAUSED
06-23 17:47:39.730  4218  4218 V ActivityScenario: Activity lifecycle changed event received but ignored because the intent does not match. startActivityIntent=Intent { act=android.intent.action.MAIN cat=[android.intent.category.LAUNCHER] cmp=com.example.dogglers/.HorizontalListActivity }, activity.getIntent()=Intent { act=android.intent.action.MAIN cat=[android.intent.category.LAUNCHER] flg=0x10008000 cmp=com.example.dogglers/androidx.test.core.app.InstrumentationActivityInvoker$BootstrapActivity (has extras) }, activity=androidx.test.core.app.InstrumentationActivityInvoker$BootstrapActivity@91e7831
06-23 17:47:39.733  5176  7832 V WindowOrientationListener: getProposedRotation: -1
06-23 17:47:39.736  5176  7832 D InputDispatcher: Focused application set to (0): 956fcc9
06-23 17:47:39.750  5176  5198 V WindowManager: Relayout Window{2ab67a5 u0 Splash Screen com.example.dogglers}: viewVisibility=0 req=720x1600
06-23 17:47:39.755  5176  5198 I SurfaceControl: nativeRelease nativeObject s[497401912800]
06-23 17:47:39.755  5176  5198 I SurfaceControl: nativeRelease nativeObject e[497401912800]
06-23 17:47:39.757  5176  5198 V WindowManager: Relayout hash=2ab67a5, pid=5176: mAttrs={(0,0)(fillxfill) sim={adjust=pan} layoutInDisplayCutoutMode=shortEdges ty=APPLICATION_STARTING wanim=0x1030001
06-23 17:47:39.757  5176  5198 V WindowManager:   fl=1830118
06-23 17:47:39.757  5176  5198 V WindowManager:   pfl=12020011
06-23 17:47:39.757  5176  5198 V WindowManager:   fitSides= naviIconColor=0}
06-23 17:47:39.758  5176  5198 I SurfaceControl: nativeRelease nativeObject s[499419870624]
06-23 17:47:39.758  5176  5198 I SurfaceControl: nativeRelease nativeObject e[499419870624]
06-23 17:47:39.758  5176  5198 I SurfaceControl: nativeRelease nativeObject s[499535274816]
06-23 17:47:39.758  5176  5198 I SurfaceControl: nativeRelease nativeObject e[499535274816]
06-23 17:47:39.758  5176  5198 I ViewRootImpl@e79019c[dogglers]: Relayout returned: old=(0,0,720,1600) new=(0,0,720,1600) req=(720,1600)0 dur=7 res=0x1 s={true 497268789248} ch=false fn=2
06-23 17:47:39.758  4752 28121 D gralloc : [mali_gralloc_allocate] begin
06-23 17:47:39.758  4752 28121 D gralloc : buffer_descriptor: wh(720 1600) usage_pc(0x966 0x906) hal_format(0x1) layer_count(1) sizes(0 0 0) strde(0) byte_stride(0) alloc_wh(0 0) internal_format(0x0) alloc_format(0x0) fd_count(1) plane_count(0)
06-23 17:47:39.759  4752 28121 D gralloc : [mali_gralloc_allocate] allocation successful
06-23 17:47:39.871  4218  4218 D LifecycleMonitor: Lifecycle status change: com.example.dogglers.HorizontalListActivity@1775c08 in: PRE_ON_CREATE
06-23 17:47:39.873  4218  4218 V ActivityScenario: Activity lifecycle changed event received but ignored because the reported transition was not ON_CREATE while the last known transition was PRE_ON_CREATE
06-23 17:47:39.916  4218  4218 E xample.doggler: Invalid ID 0x00000000.
06-23 17:47:39.932  5176  5198 I SurfaceControl: nativeRelease nativeObject s[497278270464]
06-23 17:47:39.932  5176  5198 I SurfaceControl: nativeRelease nativeObject e[497278270464]
06-23 17:47:39.935  5488  6406 D WallpaperService: dispatchAppVisibility onVisibilityChanged(): false
06-23 17:47:39.935  5488  5488 D WallpaperService: reportVisibility onVisibilityChanged visible: false
06-23 17:47:39.935  5488  5742 I ImageWallpaper:  onVisibilityChanged false , 0
06-23 17:47:39.938  4811  6436 I Layer   : id=31503 removeFromCurrentState Surface(name=Task=1)/@0x58795ce - animation-leash#0 (153)
06-23 17:47:39.940  4811  5230 I SurfaceFlinger: id=31503 Removed Surface(name=Task=1)/@0x58795ce - animation-leash#0 (153)
06-23 17:47:39.941  5176  5198 I SurfaceControl: nativeRelease nativeObject s[497401911840]
06-23 17:47:39.941  5176  5198 I SurfaceControl: nativeRelease nativeObject e[497401911840]
06-23 17:47:39.942  4811  4811 D SurfaceFlinger: Display 0 HWC layers:
06-23 17:47:39.942  4811  4811 D SurfaceFlinger:      DEVICE | 0x6fb2240b80 | 0002 | RGBA_8888    |    0.0    0.0  720.0 1600.0 |    0    0  720 1600 | Splash Screen com.example.dogglers#0
06-23 17:47:39.942  4811  4811 D SurfaceFlinger:      DEVICE | 0x70361bde80 | 0000 | RGBA_8888    |    0.0    0.0  111.0  137.0 |    0   68  111  205 | $_3609#1
06-23 17:47:39.942  4811  4811 D SurfaceFlinger:      CLIENT | 0x6f91c17a40 | 0000 | RGBA_8888    |    0.0    0.0  720.0 1600.0 |    0    0  720 1600 | Bubbles!$_5488#0
06-23 17:47:39.942  4811  4811 D SurfaceFlinger:      CLIENT | 0x6fb2241f80 | 0000 | RGBA_8888    |    0.0    0.0  720.0   68.0 |    0    0  720   68 | StatusBar$_5488#0
06-23 17:47:39.942  4811  4811 D SurfaceFlinger:      CLIENT | 0x6fb2242200 | 0000 | RGBA_8888    |    0.0    0.0  259.0   26.0 |  461 1574  720 1600 | SGestureOverlayWindow$_5878#0
06-23 17:47:39.942  4811  4811 D SurfaceFlinger:      CLIENT | 0x70361bed80 | 0000 | RGBA_8888    |    0.0    0.0  259.0   26.0 |  461 1574  720 1600 | SGestureOverlayWindow$_5878#1
06-23 17:47:39.942  4811  4811 D SurfaceFlinger:      CLIENT | 0x6f91c16dc0 | 0000 | RGBA_8888    |    0.0    0.0  105.0  105.0 |    0   68  105  173 | cornertabUI$_11263#0
06-23 17:47:39.942  4811  4811 D SurfaceFlinger:      DEVICE | 0x6fb2240a40 | 0000 | RGBA_8888    |    0.0    0.0  720.0   84.0 |    0 1516  720 1600 | NavigationBar0$
06-23 17:47:39.942  4811  4811 D SurfaceFlinger: _5488#0
06-23 17:47:39.942  4811  4811 D SurfaceFlinger:
06-23 17:47:39.946  4811  5230 I Layer   : id=31504 removeFromCurrentState Surface(name=Task=5121)/@0x71ba31e - animation-leash#0 (153)
06-23 17:47:39.947  4811  6436 I SurfaceFlinger: id=31504 Removed Surface(name=Task=5121)/@0x71ba31e - animation-leash#0 (153)
06-23 17:47:39.949  4811  4811 I Layer   : id=31503[1] Destroyed Surface(name=Task=1)/@0x58795ce - animation-leash#0
06-23 17:47:39.949  4811  4811 I Layer   : id=31504[1] Destroyed Surface(name=Task=5121)/@0x71ba31e - animation-leash#0
06-23 17:47:39.954  4811  6436 E BufferQueueProducer: [com.sec.android.app.launcher/com.sec.android.app.launcher.activities.LauncherActivity$_5878#0](id:12cb00001514,api:0,p:-1,c:4811) disconnect: not connected (req=1)
06-23 17:47:39.954  5878  5963 W libEGL  : EGLNativeWindowType 0x7390c8b010 disconnect failed
06-23 17:47:39.958  5176  7832 V WindowManager: Relayout Window{2f736bc u0 com.sec.android.app.launcher/com.sec.android.app.launcher.activities.LauncherActivity}: viewVisibility=8 req=720x1600
06-23 17:47:39.965  5176  7832 V WindowManager: Relayout hash=2f736bc, pid=5878: mAttrs={(0,0)(fillxfill) sim={adjust=nothing} layoutInDisplayCutoutMode=shortEdges ty=BASE_APPLICATION fmt=TRANSPARENT wanim=0x10302f2
06-23 17:47:39.965  5176  7832 V WindowManager:   fl=81910100
06-23 17:47:39.965  5176  7832 V WindowManager:   pfl=16020000
06-23 17:47:39.965  5176  7832 V WindowManager:   vsysui=1700
06-23 17:47:39.965  5176  7832 V WindowManager:   bhv=SHOW_TRANSIENT_BARS_BY_SWIPE
06-23 17:47:39.965  5176  7832 V WindowManager:   fitSides= naviIconColor=0}
06-23 17:47:39.966  5878  5878 I SurfaceControl: nativeRelease nativeObject s[499543769280]
06-23 17:47:39.966  5878  5878 I SurfaceControl: nativeRelease nativeObject e[499543769280]
06-23 17:47:39.966  5878  5878 I SurfaceControl: assignNativeObject: nativeObject = 0 Surface(name=null)/@0xc46d7f3 / android.view.SurfaceControl.readFromParcel:1117 android.view.IWindowSession$Stub$Proxy.relayout:1810 android.view.ViewRootImpl.relayoutWindow:9005 android.view.ViewRootImpl.performTraversals:3360 android.view.ViewRootImpl.doTraversal:2618 android.view.ViewRootImpl$TraversalRunnable.run:9971 android.view.Choreographer$CallbackRecord.run:1010 android.view.Choreographer.doCallbacks:809 android.view.Choreographer.doFrame:744 android.view.Choreographer$FrameDisplayEventReceiver.run:995
06-23 17:47:39.968  5176  5339 I WifiService: getConnectionInfo uid=1000
06-23 17:47:39.969  5878  5878 I SurfaceControl: assignNativeObject: nativeObject = 0 Surface(name=null)/@0x15e5e7b / android.view.SurfaceControl.readFromParcel:1117 android.view.IWindowSession$Stub$Proxy.relayout:1820 android.view.ViewRootImpl.relayoutWindow:9005 android.view.ViewRootImpl.performTraversals:3360 android.view.ViewRootImpl.doTraversal:2618 android.view.ViewRootImpl$TraversalRunnable.run:9971 android.view.Choreographer$CallbackRecord.run:1010 android.view.Choreographer.doCallbacks:809 android.view.Choreographer.doFrame:744 android.view.Choreographer$FrameDisplayEventReceiver.run:995
06-23 17:47:39.971  5878  5878 I SurfaceControl: nativeRelease nativeObject s[497698058432]
06-23 17:47:39.971  5878  5878 I SurfaceControl: nativeRelease nativeObject e[497698058432]
06-23 17:47:39.971  5878  5878 I ViewRootImpl@6cc0f31[LauncherActivity]: Relayout returned: old=(0,0,720,1600) new=(0,0,720,1600) req=(720,1600)8 dur=14 res=0x5 s={false 0} ch=true fn=37
06-23 17:47:40.020  4218  4218 I DecorView: [INFO] isPopOver=false, config=true
06-23 17:47:40.020  4218  4218 I DecorView: updateCaptionType >> DecorView@48eb27f[], isFloating=false, isApplication=true, hasWindowDecorCaption=false, hasWindowControllerCallback=true
06-23 17:47:40.020  4218  4218 D DecorView: setCaptionType = 0, this = DecorView@48eb27f[]
06-23 17:47:40.020  5176  5392 I WifiService: getConnectionInfo uid=1000
06-23 17:47:40.036  5176  5339 I WifiService: getConnectionInfo uid=1000
06-23 17:47:40.042  5176  5392 I WifiService: getConnectionInfo uid=1000
06-23 17:47:40.124  4218  4218 W xample.doggler: Accessing hidden method Landroid/view/View;->computeFitSystemWindows(Landroid/graphics/Rect;Landroid/graphics/Rect;)Z (greylist, reflection, allowed)
06-23 17:47:40.125  4218  4218 W xample.doggler: Accessing hidden method Landroid/view/ViewGroup;->makeOptionalFitsSystemWindows()V (greylist, reflection, allowed)
06-23 17:47:40.164  4218  4218 D LifecycleMonitor: Lifecycle status change: com.example.dogglers.HorizontalListActivity@1775c08 in: CREATED
06-23 17:47:40.165  4218  4218 V ActivityScenario: Update currentActivityStage to CREATED, currentActivity=com.example.dogglers.HorizontalListActivity@1775c08
06-23 17:47:40.170  4218  4218 D LifecycleMonitor: Lifecycle status change: com.example.dogglers.HorizontalListActivity@1775c08 in: STARTED
06-23 17:47:40.171  4218  4218 V ActivityScenario: Update currentActivityStage to STARTED, currentActivity=com.example.dogglers.HorizontalListActivity@1775c08
06-23 17:47:40.174  4218  4218 D LifecycleMonitor: Lifecycle status change: com.example.dogglers.HorizontalListActivity@1775c08 in: RESUMED
06-23 17:47:40.175  4218  4218 V ActivityScenario: Update currentActivityStage to RESUMED, currentActivity=com.example.dogglers.HorizontalListActivity@1775c08
06-23 17:47:40.196  5176  7832 D InputTransport: Input channel constructed: '42d31df', fd=920
06-23 17:47:40.196  5176  7832 D InputTransport: Input channel constructed: '42d31df', fd=921
06-23 17:47:40.197  4811  5230 I SurfaceFlinger: id=31508 createSurf (0x0),-1 flag=80004, 42d31df com.example.dogglers/com.example.dogglers.HorizontalListActivity#0
06-23 17:47:40.198  5176  7832 D WindowManager: isScreenshotDisabledLocked - win: Window{42d31df u0 com.example.dogglers/com.example.dogglers.HorizontalListActivity}
06-23 17:47:40.198  5176  7832 D WindowManager: isScreenshotDisabledLocked: userId = 0, disabled =false
06-23 17:47:40.199  5176  7832 D InputTransport: Input channel destroyed: '42d31df', fd=921
06-23 17:47:40.200  4218  4218 D InputTransport: Input channel constructed: '42d31df', fd=84
06-23 17:47:40.204  4218  4218 I ViewRootImpl@c5ee767[HorizontalListActivity]: setView = com.android.internal.policy.DecorView@48eb27f TM=true
06-23 17:47:40.218  4218  4264 D EventInjectionStrategy: Creating injection strategy with input manager.
06-23 17:47:40.219  4218  4264 W xample.doggler: Accessing hidden method Landroid/hardware/input/InputManager;->getInstance()Landroid/hardware/input/InputManager; (greylist, reflection, allowed)
06-23 17:47:40.219  4218  4264 W xample.doggler: Accessing hidden method Landroid/hardware/input/InputManager;->injectInputEvent(Landroid/view/InputEvent;I)Z (greylist, reflection, allowed)
06-23 17:47:40.219  4218  4264 W xample.doggler: Accessing hidden field Landroid/hardware/input/InputManager;->INJECT_INPUT_EVENT_MODE_WAIT_FOR_FINISH:I (greylist, reflection, allowed)
06-23 17:47:40.385  5176  5394 I WifiService: getConnectionInfo uid=1000
06-23 17:47:40.386  5176  5392 I WifiService: getConnectionInfo uid=1000
06-23 17:47:40.411  5176  7842 V WindowManager: Relayout Window{42d31df u0 com.example.dogglers/com.example.dogglers.HorizontalListActivity}: viewVisibility=0 req=720x1600
06-23 17:47:40.414  5176  7832 I WifiService: getConnectionInfo uid=10302
06-23 17:47:40.414  5176  7832 V WifiService: getConnectionInfo: hideBssidSsidAndNetworkId=true, hideDefaultMacAddress=true
06-23 17:47:40.415  5176  7842 D WindowManager: isScreenshotDisabledLocked - win: Window{42d31df u0 com.example.dogglers/com.example.dogglers.HorizontalListActivity}
06-23 17:47:40.415  5176  7842 D WindowManager: isScreenshotDisabledLocked: userId = 0, disabled =false
06-23 17:47:40.415  4811  5230 I SurfaceFlinger: id=31509 createSurf (720x1600),1 flag=404, com.example.dogglers/com.example.dogglers.HorizontalListActivity$_4218#0
06-23 17:47:40.418  5176  7842 I SurfaceControl: nativeRelease nativeObject s[497277297376]
06-23 17:47:40.418  5176  7842 I SurfaceControl: nativeRelease nativeObject e[497277297376]
06-23 17:47:40.419  4811  5230 I SurfaceFlinger: id=31510 createSurf (0x0),-1 flag=24000, Surface(name=3833be5 StatusBar)/@0xff1ccfc - animation-leash#0
06-23 17:47:40.420  5176  7842 I SurfaceControl: nativeRelease nativeObject s[497277297760]
06-23 17:47:40.420  5176  7842 I SurfaceControl: nativeRelease nativeObject e[497277297760]
06-23 17:47:40.420  4811  5230 I SurfaceFlinger: id=31511 createSurf (0x0),-1 flag=24000, Surface(name=31a4e78 NavigationBar0)/@0x2b9a7fb - animation-leash#0
06-23 17:47:40.423  5176  7842 V WindowManager: Relayout hash=42d31df, pid=4218: mAttrs={(0,0)(fillxfill) sim={adjust=resize forwardNavigation} ty=BASE_APPLICATION wanim=0x1030304
06-23 17:47:40.423  5176  7842 V WindowManager:   fl=81810100
06-23 17:47:40.423  5176  7842 V WindowManager:   pfl=12020000
06-23 17:47:40.423  5176  7842 V WindowManager:   fitSides= naviIconColor=0}
06-23 17:47:40.423  5176  7842 I SurfaceControl: nativeRelease nativeObject s[497278272768]
06-23 17:47:40.423  5176  7842 I SurfaceControl: nativeRelease nativeObject e[497278272768]
06-23 17:47:40.428  4218  4218 I SurfaceControl: assignNativeObject: nativeObject = 0 Surface(name=null)/@0x55b225e / android.view.SurfaceControl.readFromParcel:1117 android.view.IWindowSession$Stub$Proxy.relayout:1820 android.view.ViewRootImpl.relayoutWindow:9005 android.view.ViewRootImpl.performTraversals:3360 android.view.ViewRootImpl.doTraversal:2618 android.view.ViewRootImpl$TraversalRunnable.run:9971 android.view.Choreographer$CallbackRecord.run:1010 android.view.Choreographer.doCallbacks:809 android.view.Choreographer.doFrame:744 android.view.Choreographer$FrameDisplayEventReceiver.run:995
06-23 17:47:40.430  4218  4218 I ViewRootImpl@c5ee767[HorizontalListActivity]: Relayout returned: old=(0,0,720,1600) new=(0,0,720,1600) req=(720,1600)0 dur=18 res=0x7 s={true 499456000000} ch=true fn=-1
06-23 17:47:40.435  4752 28121 D gralloc : [mali_gralloc_allocate] begin
06-23 17:47:40.435  4752 28121 D gralloc : buffer_descriptor: wh(720 1600) usage_pc(0x40000000000b00 0x40000000000b00) hal_format(0x1) layer_count(1) sizes(0 0 0) strde(0) byte_stride(0) alloc_wh(0 0) internal_format(0x0) alloc_format(0x0) fd_count(1) plane_count(0)
06-23 17:47:40.435  4811  6436 I Layer   : id=31505 removeFromCurrentState Surface(name=3833be5 StatusBar)/@0xff1ccfc - animation-leash#1 (155)
06-23 17:47:40.435  4811  6436 I Layer   : id=31506 removeFromCurrentState Surface(name=31a4e78 NavigationBar0)/@0x2b9a7fb - animation-leash#1 (155)
06-23 17:47:40.436  5176  5198 I SurfaceControl: nativeRelease nativeObject s[497278271808]
06-23 17:47:40.436  4752 28121 D gralloc : [mali_gralloc_allocate] allocation successful
06-23 17:47:40.437  5176  5198 I SurfaceControl: nativeRelease nativeObject e[497278271808]
06-23 17:47:40.437  4811  6436 I SurfaceFlinger: id=31506 Removed Surface(name=31a4e78 NavigationBar0)/@0x2b9a7fb - animation-leash#1 (155)
06-23 17:47:40.437  4752 28121 D gralloc : [mali_gralloc_allocate] begin
06-23 17:47:40.437  4752 28121 D gralloc : buffer_descriptor: wh(720 1600) usage_pc(0x40000000000b00 0x40000000000b00) hal_format(0x1) layer_count(1) sizes(0 0 0) strde(0) byte_stride(0) alloc_wh(0 0) internal_format(0x0) alloc_format(0x0) fd_count(1) plane_count(0)
06-23 17:47:40.437  5176  5198 I SurfaceControl: nativeRelease nativeObject s[497401912800]
06-23 17:47:40.437  5176  5198 I SurfaceControl: nativeRelease nativeObject e[497401912800]
06-23 17:47:40.437  4811  6436 I SurfaceFlinger: id=31505 Removed Surface(name=3833be5 StatusBar)/@0xff1ccfc - animation-leash#1 (155)
06-23 17:47:40.438  4752 28121 D gralloc : [mali_gralloc_allocate] allocation successful
06-23 17:47:40.439  4752 28121 D gralloc : [mali_gralloc_allocate] begin
06-23 17:47:40.439  4752 28121 D gralloc : buffer_descriptor: wh(720 1600) usage_pc(0x40000000000b00 0x40000000000b00) hal_format(0x1) layer_count(1) sizes(0 0 0) strde(0) byte_stride(0) alloc_wh(0 0) internal_format(0x0) alloc_format(0x0) fd_count(1) plane_count(0)
06-23 17:47:40.441  4752 28121 D gralloc : [mali_gralloc_allocate] allocation successful
06-23 17:47:40.450  4811  4811 I Layer   : id=31505[1] Destroyed Surface(name=3833be5 StatusBar)/@0xff1ccfc - animation-leash#1
06-23 17:47:40.450  4811  4811 I Layer   : id=31506[1] Destroyed Surface(name=31a4e78 NavigationBar0)/@0x2b9a7fb - animation-leash#1
06-23 17:47:40.465  4436  4436 I hwservicemanager: getTransport: Cannot find entry android.hardware.graphics.mapper@4.0::IMapper/default in either framework or device manifest.
06-23 17:47:40.466  4218  4273 I Gralloc4: mapper 4.x is not supported
06-23 17:47:40.466  4436  4436 I hwservicemanager: getTransport: Cannot find entry android.hardware.graphics.mapper@3.0::IMapper/default in either framework or device manifest.
06-23 17:47:40.466  4218  4273 W Gralloc3: mapper 3.x is not supported
06-23 17:47:40.469  4218  4273 I gralloc : Arm Module v1.0
06-23 17:47:40.544  5176  5392 I WifiService: getConnectionInfo uid=1000
06-23 17:47:40.634  5176  5198 D PkgPredictorService: pkg:com.example.dogglers activity:com.example.dogglers.HorizontalListActivity thisTime:1149
06-23 17:47:40.634  5176  5198 D PkgPredictorService-Collector: update activity launch time: HorizontalListActivity : 1149
06-23 17:47:40.634  5176  5198 I SemDvfsHyPerManager: acquire hyper - AMS_RESUME_TAIL/5176@18, type = -999
06-23 17:47:40.634  5176  5198 I SemDvfsHyPerManager: acquire hyper - AMS_ACT_LAZY/5176@19, type = -999
06-23 17:47:40.634  4769  4844 I HYPER-HAL: [RequestManager.cpp]acquire(): Acquired ID : 13491433  [5176 / 18]    HINT : AMS_RESUME_TAIL    list :
06-23 17:47:40.635  4769  4844 I HYPER-HAL: [ResourceManager.cpp]updateResource(): [CPUMinFreq] UpdateResource Request ID : 13491433    Value : 1456000
06-23 17:47:40.635  4769  4844 I HYPER-HAL: [RequestManager.cpp]acquire(): Acquired ID : 13496629  [5176 / 19]    HINT :      list :
06-23 17:47:40.635  4769  4844 E HYPER-HAL: [Request.cpp]acquire(): Request:: id : 13496629, No Resource to set
06-23 17:47:40.635  4769  4844 I HYPER-HAL: [ResourceManager.cpp]removeResource(): [CPUMinFreq] RemoveResource Request ID : 13522624
06-23 17:47:40.636  4769  4844 I HYPER-HAL: [RequestManager.cpp]releaseLocked(): Released ID : 13522624
06-23 17:47:40.636  5176  5202 D ArtManagerInternalImpl: /data/misc/iorapd/com.example.dogglers/1/com.example.dogglers.HorizontalListActivity/compiled_traces/compiled_trace.pb doesn't exist
06-23 17:47:40.640  5176  5202 I ActivityTaskManager: Displayed com.example.dogglers/.HorizontalListActivity: +1s149ms
06-23 17:47:40.640  6542  6542 E pageboostd: Received HALT command code 2
06-23 17:47:40.646  5176  5198 I ViewRootImpl@e79019c[dogglers]: dispatchDetachedFromWindow
06-23 17:47:40.647  5176  5198 I SurfaceControl: nativeRelease nativeObject s[497278274496]
06-23 17:47:40.647  5176  5198 I SurfaceControl: nativeRelease nativeObject e[497278274496]
06-23 17:47:40.647  5176  5198 D InputTransport: Input channel destroyed: '2ab67a5', fd=911
06-23 17:47:40.648  4811  6436 I SurfaceFlinger: id=31512 createSurf (0x0),-1 flag=24000, Surface(name=2ab67a5 Splash Screen com.example.dogglers)/@0x7850fce - animation-leash#0
06-23 17:47:40.651  5176  7842 I InputDispatcher: Focus entered window (4218): 42d31df in display 0 0
06-23 17:47:40.653  5176  5198 D InputTransport: Input channel destroyed: '2ab67a5', fd=912
06-23 17:47:40.687  4218  4218 I ViewRootImpl@c5ee767[HorizontalListActivity]: MSG_WINDOW_FOCUS_CHANGED 1 1
06-23 17:47:40.688  4218  4218 D InputMethodManager: prepareNavigationBarInfo() DecorView@48eb27f[HorizontalListActivity]
06-23 17:47:40.688  4218  4218 D InputMethodManager: getNavigationBarColor() -16711423
06-23 17:47:40.690  4218  4218 D InputMethodManager: prepareNavigationBarInfo() DecorView@48eb27f[HorizontalListActivity]
06-23 17:47:40.690  4218  4218 D InputMethodManager: getNavigationBarColor() -16711423
06-23 17:47:40.691  4218  4218 V InputMethodManager: Starting input: tba=com.example.dogglers ic=null mNaviBarColor -16711423 mIsGetNaviBarColorSuccess true , NavVisible : true , NavTrans : false
06-23 17:47:40.691  4218  4218 D InputMethodManager: startInputInner - Id : 0
06-23 17:47:40.691  4218  4218 I InputMethodManager: startInputInner - mService.startInputOrWindowGainedFocus
06-23 17:47:40.692  5176  7832 D InputMethodManagerService: mSecureKeypadEnabled = false
06-23 17:47:40.692  5176  7832 V InputMethodManagerService: hideCurrentInputLocked : shouldHideSoftInput is false
06-23 17:47:40.692 30948  9538 I FontLog : Received query Noto Color Emoji Compat, URI content://com.google.android.gms.fonts [CONTEXT service_id=132 ]
06-23 17:47:40.693  5176  7832 D InputMethodManagerService: mDesktopModeManager null!
06-23 17:47:40.693  5176  7832 V InputMethodManagerService: getDisplayIdOfInputMethodWindowToBeAdded : 0
06-23 17:47:40.693 30948  9538 I FontLog : Query [emojicompat-emoji-font] resolved to {Noto Color Emoji Compat, wdth 100.0, wght 400, ital 0.0, bestEffort false} [CONTEXT service_id=132 ]
06-23 17:47:40.693  5176  7832 D SamsungIMMSHWKeyboard: isConnectedDexOnPC false
06-23 17:47:40.693  5176  7832 D InputMethodManagerService: isImeSwitcherDisabledPackage : false
06-23 17:47:40.693  5176  7832 D InputTransport: Input channel constructed: 'ClientS', fd=911
06-23 17:47:40.693  5176  7832 D InputTransport: Input channel constructed: 'ClientS', fd=912
06-23 17:47:40.694  5176  7832 D InputTransport: Input channel destroyed: 'ClientS', fd=912
06-23 17:47:40.695 30948  9538 I FontLog : Fetch {Noto Color Emoji Compat, wdth 100.0, wght 400, ital 0.0, bestEffort false} end status Status{statusCode=SUCCESS, resolution=null} [CONTEXT service_id=132 ]
06-23 17:47:40.696  5176  7842 D InputMethodManagerService: checkDisplayOfStartInputAndUpdateKeyboard display Id 0last 0
06-23 17:47:40.696  5176  7842 D InputTransport: Input channel constructed: 'ClientS', fd=912
06-23 17:47:40.696  5176  7842 D InputTransport: Input channel destroyed: 'ClientS', fd=912
06-23 17:47:40.697  4218  4238 D InputTransport: Input channel constructed: 'ClientS', fd=88
06-23 17:47:40.697  5176  7832 I SurfaceControl: nativeRelease nativeObject s[497401911744]
06-23 17:47:40.698  5176  7832 I SurfaceControl: nativeRelease nativeObject e[497401911744]
06-23 17:47:40.698  4811  4854 I SurfaceFlinger: id=31513 createSurf (0x0),-1 flag=24004, Surface(name=a01af46 InputMethod)/@0x1dd2b1b - animation-leash#1
06-23 17:47:40.699  7990  7990 I HBD     : HoneyBoardService onFinishInput
06-23 17:47:40.700  7990  7990 I HBD     : a IC have been unbinded,  InputConnectionWrapper{idHash=#b999d4d mMissingMethods=}
06-23 17:47:40.700  7990  7990 I HBD     : HoneyBoardService [PF_CL][onFinishInput]  427500 ns
06-23 17:47:40.700  7990  7990 I HBD     : HoneyBoardService [IMI] onStartInput - caller pid : 4218 , caller uid : 10622
06-23 17:47:40.700  7990  7990 I HBD     : i updateConfigs
06-23 17:47:40.700  7990  7990 I HBD     : i isEnabledNightMode : true
06-23 17:47:40.701  7990  7990 I HBD     : a IC have been binded, InputConnectionWrapper{idHash=#337ed13 mMissingMethods=}
06-23 17:47:40.701  7990  7990 I HBD     : h [EditorInputType]setPrivateImeOptionsToTable privateImeOptions ( null )
06-23 17:47:40.701  7990  7990 I HBD     : b incognitoMode : false
06-23 17:47:40.701  7990  7990 I HBD     : a needOff = true , isForceOff = false, isNullInputClass : true
06-23 17:47:40.701  7990  7990 I HBD     : h getDefaultInputRange : UNKNOWN
06-23 17:47:40.701  7990  7990 I HBD     : h getDefaultInputRange : UNKNOWN
06-23 17:47:40.701  7990  7990 I HBD     : h getDefaultInputRange : UNKNOWN
06-23 17:47:40.702  5176  7832 D SdpManagerService: Not an enterprise user : 0
06-23 17:47:40.702  4218  4218 D InputMethodManager: prepareNavigationBarInfo() DecorView@48eb27f[HorizontalListActivity]
06-23 17:47:40.702  5176  7832 D SdpManagerService: Not an enterprise user : 0
06-23 17:47:40.702  4218  4218 D InputMethodManager: getNavigationBarColor() -16711423
06-23 17:47:40.702  4218  4218 V InputMethodManager: Starting input: tba=com.example.dogglers ic=null mNaviBarColor -16711423 mIsGetNaviBarColorSuccess true , NavVisible : true , NavTrans : false
06-23 17:47:40.702  4218  4218 D InputMethodManager: startInputInner - Id : 0
06-23 17:47:40.703  7990  7990 I HBD     : h getDefaultInputRange : UNKNOWN
06-23 17:47:40.703  7990  7990 I HBD     : a currentState : 0
06-23 17:47:40.704  7990  7990 I HBD     : h load selected json info : {"version":"1.0","currentLanguageOrder":0,"selected":[{"activeOptionList":["auto_replace","auto_spacing"],"engName":"Vietnamese","id":4390912,"inputType":"vietnamese_telex","isUsed":true},{"activeOptionList":["auto_replace","auto_spacing"],"engName":"English","id":65537,"inputType":"qwerty","isUsed":true}]}
06-23 17:47:40.705  7990  7990 I HBD     : a [UpdatePolicy] [post] a: 0 cl: 4390912 kit: [0/0] vt: 0 ir: 1
06-23 17:47:40.705  7990  7990 I HBD     : HoneyBoardService [PF_OP][onStartInput]  5069884 ns
06-23 17:47:40.706  4811  6436 I Layer   : id=31498 removeFromCurrentState Surface(name=a01af46 InputMethod)/@0x1dd2b1b - animation-leash#0 (155)
06-23 17:47:40.706 30948  9538 I FontLog : Pulling font file for id = 183, cache size = 4 [CONTEXT service_id=132 ]
06-23 17:47:40.708  5878  5878 I SurfaceControl: nativeRelease nativeObject s[499543769280]
06-23 17:47:40.708  5878  5878 I SurfaceControl: nativeRelease nativeObject e[499543769280]
06-23 17:47:40.711  4811  4811 D SurfaceFlinger: Display 0 HWC layers:
06-23 17:47:40.711  4811  4811 D SurfaceFlinger:      DEVICE | 0x6fb2242480 | 0002 | RGBA_8888    |    0.0    0.0  720.0 1600.0 |    0    0  720 1600 | com.example.dogglers/com.example.dogglers.HorizontalListActivity$_4218#0
06-23 17:47:40.711  4811  4811 D SurfaceFlinger:      DEVICE | 0x6fb2240b80 | 0002 | RGBA_8888    |    0.0    0.0  720.0 1600.0 |    0    0  720 1600 | Splash Screen com.example.dogglers#0
06-23 17:47:40.711  4811  4811 D SurfaceFlinger:      CLIENT | 0x70361bde80 | 0000 | RGBA_8888    |    0.0    0.0  111.0  137.0 |    0   68  111  205 | $_3609#1
06-23 17:47:40.711  4811  4811 D SurfaceFlinger:      CLIENT | 0x6f91c17a40 | 0000 | RGBA_8888    |    0.0    0.0  720.0 1600.0 |    0    0  720 1600 | Bubbles!$_5488#0
06-23 17:47:40.711  4811  4811 D SurfaceFlinger:      CLIENT | 0x6fb2241f80 | 0000 | RGBA_8888    |    0.0    0.0  720.0   68.0 |    0    0  720   68 | StatusBar$_5488#0
06-23 17:47:40.711  4811  4811 D SurfaceFlinger:      CLIENT | 0x6fb2242200 | 0000 | RGBA_8888    |    0.0    0.0  259.0   26.0 |  461 1574  720 1600 | SGestureOverlayWindow$_5878#0
06-23 17:47:40.711  4811  4811 D SurfaceFlinger:      CLIENT | 0x70361bed80 | 0000 | RGBA_8888    |    0.0    0.0  259.0   26.0 |  461 1574  720 1600 | SGestureOverlayWindow$_5878#1
06-23 17:47:40.711  4811  4811 D SurfaceFlinger:      CLIENT | 0x6f91c16dc0 | 0000 | RGBA_8888    |    0.0    0.0
06-23 17:47:40.711  4811  4811 D SurfaceFlinger: 105.0  105.0 |    0   68  105  173 | cornertabUI$_11263#0
06-23 17:47:40.711  4811  4811 D SurfaceFlinger:      DEVICE | 0x6fb2240a40 | 0000 | RGBA_8888    |    0.0    0.0  720.0   84.0 |    0 1516  720 1600 | NavigationBar0$_5488#0
06-23 17:47:40.711  4811  4811 D SurfaceFlinger:
06-23 17:47:40.711  5176  8501 D SamsungIMMSHWKeyboard: isConnectedDexOnPC false
06-23 17:47:40.712  5176  8501 D InputMethodManagerService: isImeSwitcherDisabledPackage : false
06-23 17:47:40.712  5878  5878 I ViewRootImpl@6cc0f31[LauncherActivity]: stopped(true) old=false
06-23 17:47:40.712  4218  4218 I SurfaceControl: nativeRelease nativeObject s[499533424608]
06-23 17:47:40.712  4218  4218 I SurfaceControl: nativeRelease nativeObject e[499533424608]
06-23 17:47:40.712  4218  4218 I SurfaceControl: nativeRelease nativeObject s[499533424032]
06-23 17:47:40.712  4218  4218 I SurfaceControl: nativeRelease nativeObject e[499533424032]
06-23 17:47:40.713  5878  5878 I StateManager: goToState isInState Normal
06-23 17:47:40.714  5176  5392 I WifiService: getConnectionInfo uid=1000
06-23 17:47:40.714  5176  5392 I WifiService: getConnectionInfo uid=1000
06-23 17:47:40.714  4218  4218 D LifecycleMonitor: Lifecycle status change: androidx.test.core.app.InstrumentationActivityInvoker$BootstrapActivity@91e7831 in: STOPPED
