06-23 17:47:41.720  4218  4264 I TestRunner: started: horizontal_scrolling(com.example.dogglers.HorizontalListTests)
06-23 17:47:41.721  4218  4218 I ViewRootImpl@e1e7f3b[InstrumentationActivityInvoker$EmptyActivity]: dispatchDetachedFromWindow
06-23 17:47:41.721  5176  8501 D InputTransport: Input channel destroyed: 'd7559f ', fd=912
06-23 17:47:41.722  5176  5392 I WifiService: getConnectionInfo uid=1000
06-23 17:47:41.722  5176  8501 I SurfaceControl: nativeRelease nativeObject s[497277294592]
06-23 17:47:41.722  5176  8501 I SurfaceControl: nativeRelease nativeObject e[497277294592]
06-23 17:47:41.722  5176  5392 I WifiService: getConnectionInfo uid=1000
06-23 17:47:41.722  5176  8501 D WindowManager: isScreenshotDisabledLocked - win: Window{d7559f u0 com.example.dogglers/androidx.test.core.app.InstrumentationActivityInvoker$EmptyActivity}
06-23 17:47:41.722  5176  8501 D WindowManager: isScreenshotDisabledLocked: userId = 0, disabled =false
06-23 17:47:41.722  5488  5504 W System  : A resource failed to call release.
06-23 17:47:41.722  5488  5504 I SurfaceControl: nativeRelease nativeObject s[497676685056]
06-23 17:47:41.722  5488  5504 I SurfaceControl: nativeRelease nativeObject e[497676685056]
06-23 17:47:41.722  4811  5230 I SurfaceFlinger: id=31452 Removed Surface(name=a01af46 InputMethod)/@0x1dd2b1b - animation-leash#0 (158)
06-23 17:47:41.722  5176  8501 I SurfaceControl: nativeRelease nativeObject s[497277291520]
06-23 17:47:41.723  5176  8501 I SurfaceControl: nativeRelease nativeObject e[497277291520]
06-23 17:47:41.723  4811  5230 I Layer   : id=31523 removeFromCurrentState com.example.dogglers/androidx.test.core.app.InstrumentationActivityInvoker$EmptyActivity$_4218#1 (158)
06-23 17:47:41.723  5176  5392 I WifiService: getConnectionInfo uid=1000
06-23 17:47:41.723  4811  5230 I SurfaceFlinger: id=31523 Removed com.example.dogglers/androidx.test.core.app.InstrumentationActivityInvoker$EmptyActivity$_4218#1 (158)
06-23 17:47:41.723  5488  5504 W System  : A resource failed to call release.
06-23 17:47:41.723  5488  5504 I SurfaceControl: nativeRelease nativeObject s[497676686880]
06-23 17:47:41.723  5488  5504 I SurfaceControl: nativeRelease nativeObject e[497676686880]
06-23 17:47:41.723  5176  5399 I WifiService: getConnectionInfo uid=1000
06-23 17:47:41.723  4811  5230 I SurfaceFlinger: id=31520 Removed Surface(name=a01af46 InputMethod)/@0x1dd2b1b - animation-leash#0 (158)
06-23 17:47:41.724  5488  5504 W System  : A resource failed to call release.
06-23 17:47:41.724  5488  5504 I SurfaceControl: nativeRelease nativeObject s[497676686496]
06-23 17:47:41.724  5488  5504 I SurfaceControl: nativeRelease nativeObject e[497676686496]
06-23 17:47:41.724  5488  5504 W System  : A resource failed to call release.
06-23 17:47:41.724  4811  5230 I SurfaceFlinger: id=31490 Removed Surface(name=a01af46 InputMethod)/@0x1dd2b1b - animation-leash#1 (158)
06-23 17:47:41.724  5488  5504 I SurfaceControl: nativeRelease nativeObject s[497448329696]
06-23 17:47:41.724  5488  5504 I SurfaceControl: nativeRelease nativeObject e[497448329696]
06-23 17:47:41.724  4811  5230 I SurfaceFlinger: id=31484 Removed Surface(name=a01af46 InputMethod)/@0x1dd2b1b - animation-leash#1 (158)
06-23 17:47:41.728  4811  4855 I Layer   : id=31522 removeFromCurrentState d7559f com.example.dogglers/androidx.test.core.app.InstrumentationActivityInvoker$EmptyActivity#0 (158)
06-23 17:47:41.730  4811  4855 I SurfaceFlinger: id=31522 Removed d7559f com.example.dogglers/androidx.test.core.app.InstrumentationActivityInvoker$EmptyActivity#0 (158)
06-23 17:47:41.730  4218  4218 D InputTransport: Input channel destroyed: 'd7559f ', fd=88
06-23 17:47:41.731  5176  7832 I SurfaceControl: nativeRelease nativeObject s[497401917312]
06-23 17:47:41.731  5176  7832 I SurfaceControl: nativeRelease nativeObject e[497401917312]
06-23 17:47:41.732  5176  7832 I SurfaceControl: nativeRelease nativeObject s[497277290176]
06-23 17:47:41.732  5176  7832 I SurfaceControl: nativeRelease nativeObject e[497277290176]
06-23 17:47:41.734  4811  4811 I Layer   : id=31490[1] Destroyed Surface(name=a01af46 InputMethod)/@0x1dd2b1b - animation-leash#1
06-23 17:47:41.734  4811  4811 I Layer   : id=31520[1] Destroyed Surface(name=a01af46 InputMethod)/@0x1dd2b1b - animation-leash#0
06-23 17:47:41.735  4811  4811 I Layer   : id=31484[1] Destroyed Surface(name=a01af46 InputMethod)/@0x1dd2b1b - animation-leash#1
06-23 17:47:41.735  4811  4811 I Layer   : id=31452[1] Destroyed Surface(name=a01af46 InputMethod)/@0x1dd2b1b - animation-leash#0
06-23 17:47:41.735  4811  4811 I Layer   : id=31522[1] Destroyed d7559f com.example.dogglers/androidx.test.core.app.InstrumentationActivityInvoker$EmptyActivity#0
06-23 17:47:41.735  4811  4811 I Layer   : id=31523[1] Destroyed com.example.dogglers/androidx.test.core.app.InstrumentationActivityInvoker$EmptyActivity$_4218#1
06-23 17:47:41.737  4811  4855 I Layer   : id=31519 removeFromCurrentState ActivityRecord{b2f86bc u0 com.example.dogglers/androidx.test.core.app.InstrumentationActivityInvoker$EmptyActivity t5121}#0 (152)
06-23 17:47:41.737  4811  4855 I Layer   : id=31499 removeFromCurrentState Task=5121#0 (152)
06-23 17:47:41.738  4811  5230 I SurfaceFlinger: id=31519 Removed ActivityRecord{b2f86bc u0 com.example.dogglers/androidx.test.core.app.InstrumentationActivityInvoker$EmptyActivity t5121}#0 (152)
06-23 17:47:41.738  4811  5230 I SurfaceFlinger: id=31499 Removed Task=5121#0 (152)
06-23 17:47:41.742  4218  4264 W Settings: Setting always_finish_activities has moved from android.provider.Settings.System to android.provider.Settings.Global, returning read-only value.
06-23 17:47:41.751  4811  4811 I Layer   : id=31499[1] Destroyed Task=5121#0
06-23 17:47:41.751  4811  4811 I Layer   : id=31519[1] Destroyed ActivityRecord{b2f86bc u0 com.example.dogglers/androidx.test.core.app.InstrumentationActivityInvoker$EmptyActivity t5121}#0
06-23 17:47:41.759  5176  6424 I SemDvfsHyPerManager: acquire hyper - AMS_APP_SWITCH/5176@24, type = -999
06-23 17:47:41.759  4769  4844 I HYPER-HAL: [RequestManager.cpp]acquire(): Acquired ID : 13522624  [5176 / 24]    HINT : AMS_APP_SWITCH    list :
06-23 17:47:41.759  4769  4844 I HYPER-HAL: [ResourceManager.cpp]updateResource(): [CPUMinFreq] UpdateResource Request ID : 13522624    Value : 2002000
06-23 17:47:41.760  4811  4855 I SurfaceFlinger: id=31535 createSurf (0x0),-1 flag=24004, Task=5122#0
06-23 17:47:41.760  7326  7326 I SemDvfsHyPerManager: acquire hyper - com.sec.android.sdhms/7326@12, type = -999
06-23 17:47:41.760  4769  4844 I HYPER-HAL: [RequestManager.cpp]acquire(): Acquired ID : 26926803  [7326 / 12]    HINT : APP_START    list :
06-23 17:47:41.760  4769  4844 I HYPER-HAL: [ResourceManager.cpp]updateResource(): [CPUMaxFreq] UpdateResource Request ID : 26926803    Value : 2002000
06-23 17:47:41.763  4811  4855 I SurfaceFlinger: id=31536 createSurf (0x0),-1 flag=80004, ActivityRecord{fe8e768 u0 com.example.dogglers/androidx.test.core.app.InstrumentationActivityInvoker$BootstrapActivity t5122}#0
06-23 17:47:41.767  5176  8501 V WindowOrientationListener: getProposedRotation: -1
06-23 17:47:41.774  5176  8501 I SemDvfsHyPerManager: acquire hyper - AMS_APP_LAUNCH/5176@17, type = -999
06-23 17:47:41.774  4769  4844 I HYPER-HAL: [RequestManager.cpp]acquire(): Acquired ID : 13486238  [5176 / 17]    HINT : AMS_APP_LAUNCH    list :
06-23 17:47:41.774  4769  4844 I HYPER-HAL: [ResourceManager.cpp]updateResource(): [CPUMinFreq] UpdateResource Request ID : 13486238    Value : 2002000
06-23 17:47:41.776  5878  5878 I DragController: endDrag
06-23 17:47:41.777  5878  5878 I SPayUpdater: updateSpayHandler launcher activity is paused false
06-23 17:47:41.778  5488  5488 D Bubbles : collapse stack cause : onTaskMovedToFront
06-23 17:47:41.778  5488  5488 D Bubbles : setExpanded: false
06-23 17:47:41.778  5488  5488 D Bubbles : setExpandedInternal: shouldExpand=false
06-23 17:47:41.779  5488  5488 D Bubbles : collapse stack cause : onTaskMovedToFront
06-23 17:47:41.779  5488  5488 D Bubbles : setExpanded: false
06-23 17:47:41.779  5488  5488 D Bubbles : setExpandedInternal: shouldExpand=false
06-23 17:47:41.782  5176  7832 V WindowOrientationListener: getProposedRotation: -1
06-23 17:47:41.782  5176  7832 V WindowOrientationListener: getProposedRotation: -1
06-23 17:47:41.783  5176  7832 V WindowOrientationListener: getProposedRotation: -1
06-23 17:47:41.785  5176  7832 D InputDispatcher: Focused application set to (0): fe8e768
06-23 17:47:41.787  4769  4311 I HYPER-HAL: [ResourceManager.cpp]removeResource(): [CPUMinFreq] RemoveResource Request ID : 13553851
06-23 17:47:41.787  4769  4311 I HYPER-HAL: [RequestManager.cpp]releaseLocked(): Released ID : 13553851
06-23 17:47:41.798  5176  7832 V WindowManager: Relayout Window{2f736bc u0 com.sec.android.app.launcher/com.sec.android.app.launcher.activities.LauncherActivity}: viewVisibility=0 req=720x1600
06-23 17:47:41.804  5176  5195 D SehCodecSolutionService: Update top [com.example.dogglers]
06-23 17:47:41.804  5176  7832 V WindowManager: Relayout hash=2f736bc, pid=5878: mAttrs={(0,0)(fillxfill) sim={adjust=nothing} layoutInDisplayCutoutMode=shortEdges ty=BASE_APPLICATION fmt=TRANSPARENT wanim=0x10302f2
06-23 17:47:41.804  5176  7832 V WindowManager:   fl=81910100
06-23 17:47:41.804  5176  7832 V WindowManager:   pfl=16020000
06-23 17:47:41.804  5176  7832 V WindowManager:   vsysui=1700
06-23 17:47:41.804  5176  7832 V WindowManager:   bhv=SHOW_TRANSIENT_BARS_BY_SWIPE
06-23 17:47:41.804  5176  7832 V WindowManager:   fitSides= naviIconColor=0}
06-23 17:47:41.805  5176  7832 I SurfaceControl: nativeRelease nativeObject s[497401916640]
06-23 17:47:41.805  5176  7832 I SurfaceControl: nativeRelease nativeObject e[497401916640]
06-23 17:47:41.805  5176  5395 I System.out: (HTTPLog)-Static: isSBSettingEnabled false
06-23 17:47:41.805  5176  5395 I System.out: (HTTPLog)-Static: isSBSettingEnabled false
06-23 17:47:41.806  5878  5878 I SurfaceControl: nativeRelease nativeObject s[499543769280]
06-23 17:47:41.806  5878  5878 I SurfaceControl: nativeRelease nativeObject e[499543769280]
06-23 17:47:41.806  4218  4218 D LifecycleMonitor: Lifecycle status change: androidx.test.core.app.InstrumentationActivityInvoker$BootstrapActivity@2b9e9ed in: PRE_ON_CREATE
06-23 17:47:41.806  5176  5405 D PkgPredictorService: com.example.dogglers go to foreground!
06-23 17:47:41.806  5176  5405 E PkgPredictorService-Collector: record changed bt=0  wifi=1 screen=0
06-23 17:47:41.806  5176  5405 D PkgPredictorService: previous pkgs: com.example.dogglers,com.example.dogglers,com.example.dogglers running pkg: com.example.dogglers, uid: 0 is system: false
06-23 17:47:41.806  5878  5878 I SurfaceControl: assignNativeObject: nativeObject = 0 Surface(name=null)/@0x15e5e7b / android.view.SurfaceControl.readFromParcel:1117 android.view.IWindowSession$Stub$Proxy.relayout:1820 android.view.ViewRootImpl.relayoutWindow:9005 android.view.ViewRootImpl.performTraversals:3360 android.view.ViewRootImpl.doTraversal:2618 android.view.ViewRootImpl$TraversalRunnable.run:9971 android.view.Choreographer$CallbackRecord.run:1010 android.view.Choreographer.doCallbacks:809 android.view.Choreographer.doFrame:744 android.view.Choreographer$FrameDisplayEventReceiver.run:995
06-23 17:47:41.806  5176  5405 D PkgPredictorService-Collector: save record...
06-23 17:47:41.806  5176  5405 D PkgPredictorService-Collector:  (hour:17 day:5 previous:[com.example.dogglers, com.example.dogglers, com.example.dogglers] activityName:unknown running:com.example.dogglers userId:0 screenOrientation:0 wifi:1 bt:0 predictTime:1 apkVersion:1.0 consumeTime:-1 preloaded:false>)
06-23 17:47:41.806  5176  5405 D PkgPredictorService-NapPreloadController: User using: com.example.dogglers
06-23 17:47:41.806  5176  5405 I PkgPredictorService-NapClassifier: RF predict version:1655924464472
06-23 17:47:41.807  4735  4790 E Netd    : getNetworkForDns: getNetId from enterpriseCtrl is netid 0
06-23 17:47:41.807  4218  4218 V ActivityScenario: Activity lifecycle changed event received but ignored because the intent does not match. startActivityIntent=Intent { act=android.intent.action.MAIN cat=[android.intent.category.LAUNCHER] cmp=com.example.dogglers/.HorizontalListActivity }, activity.getIntent()=Intent { act=android.intent.action.MAIN cat=[android.intent.category.LAUNCHER] flg=0x10008000 cmp=com.example.dogglers/androidx.test.core.app.InstrumentationActivityInvoker$BootstrapActivity (has extras) }, activity=androidx.test.core.app.InstrumentationActivityInvoker$BootstrapActivity@2b9e9ed
06-23 17:47:41.807  5176  5405 D PkgPredictorService-NapClassifier: Predict result: 50.0,9.0,-1.0, - [0_&_com.facebook.orca, 0_&_com.facebook.katana]
06-23 17:47:41.807  5878  5878 I SurfaceControl: nativeRelease nativeObject s[499533432672]
06-23 17:47:41.808  5878  5878 I SurfaceControl: nativeRelease nativeObject e[499533432672]
06-23 17:47:41.808  5878  5878 I SurfaceControl: nativeRelease nativeObject s[499533432096]
06-23 17:47:41.808  5878  5878 I SurfaceControl: nativeRelease nativeObject e[499533432096]
06-23 17:47:41.808  5878  5878 I SurfaceControl: nativeRelease nativeObject s[499533432576]
06-23 17:47:41.808  5878  5878 I SurfaceControl: nativeRelease nativeObject e[499533432576]
06-23 17:47:41.808  5878  5878 I ViewRootImpl@6cc0f31[LauncherActivity]: Relayout returned: old=(0,0,720,1600) new=(0,0,720,1600) req=(720,1600)0 dur=9 res=0x1 s={true 496350310400} ch=false fn=18
06-23 17:47:41.808  5176  5198 D InputTransport: Input channel constructed: '7ac88b2', fd=669
06-23 17:47:41.808  5176  5198 D InputTransport: Input channel constructed: '7ac88b2', fd=683
06-23 17:47:41.809  4811  4855 I SurfaceFlinger: id=31537 createSurf (0x0),-1 flag=80004, 7ac88b2 Splash Screen com.example.dogglers#0
06-23 17:47:41.810  5176  7832 D NetdEventListenerService: DNS Requested by : 627, 1000
06-23 17:47:41.811  4735  4800 E Netd    : getNetworkForDns: getNetId from enterpriseCtrl is netid 0
06-23 17:47:41.812  5176  5198 I ViewRootImpl@9a6fabd[dogglers]: setView = com.android.internal.policy.DecorView@74d85b9 TM=true
06-23 17:47:41.812  1665  1890 I Rubin   : [37396] LoggingEventHelper.notifyUpdatedWithValue(LoggingEventHelper.java:58) : Notify AppUsageLogger's database is updated.
06-23 17:47:41.817  1665  1890 I Rubin   : [37396] ExercisingWithCmhMonitor.isSatisfiedByCmh(ExercisingWithCmhMonitor.java:119) : isSatisfiedByCmh is false
06-23 17:47:41.818  5176  5198 V WindowManager: Relayout Window{7ac88b2 u0 Splash Screen com.example.dogglers}: viewVisibility=0 req=720x1600
06-23 17:47:41.823  5176  5198 D WindowManager: isScreenshotDisabledLocked - win: Window{7ac88b2 u0 Splash Screen com.example.dogglers}
06-23 17:47:41.823  5176  5198 D WindowManager: isScreenshotDisabledLocked: userId = 0, disabled =false
06-23 17:47:41.825  4811  4855 I SurfaceFlinger: id=31538 createSurf (720x1600),1 flag=404, Splash Screen com.example.dogglers#0
06-23 17:47:41.828  5176  5198 V WindowManager: Relayout hash=7ac88b2, pid=5176: mAttrs={(0,0)(fillxfill) sim={adjust=pan} layoutInDisplayCutoutMode=shortEdges ty=APPLICATION_STARTING wanim=0x1030001
06-23 17:47:41.828  5176  5198 V WindowManager:   fl=1830118
06-23 17:47:41.828  5176  5198 V WindowManager:   pfl=12020011
06-23 17:47:41.828  5176  5198 V WindowManager:   fitSides= naviIconColor=0}
06-23 17:47:41.828  5176  5198 I ViewRootImpl@9a6fabd[dogglers]: Relayout returned: old=(0,0,720,1600) new=(0,0,720,1600) req=(720,1600)0 dur=10 res=0x7 s={true 497268789248} ch=true fn=-1
06-23 17:47:41.830  4752 28121 D gralloc : [mali_gralloc_allocate] begin
06-23 17:47:41.830  4752 28121 D gralloc : buffer_descriptor: wh(720 1600) usage_pc(0x966 0x906) hal_format(0x1) layer_count(1) sizes(0 0 0) strde(0) byte_stride(0) alloc_wh(0 0) internal_format(0x0) alloc_format(0x0) fd_count(1) plane_count(0)
06-23 17:47:41.830  4752 28121 D gralloc : [mali_gralloc_allocate] allocation successful
06-23 17:47:41.837  5176  7832 I InputDispatcher: Focus left window (5878): 2f736bc in display 0 0
06-23 17:47:41.838  4218  4218 I DecorView: [INFO] isPopOver=false, config=true
06-23 17:47:41.839  4218  4218 I DecorView: updateCaptionType >> DecorView@acf9ab3[], isFloating=false, isApplication=true, hasWindowDecorCaption=false, hasWindowControllerCallback=true
06-23 17:47:41.839  4218  4218 D DecorView: setCaptionType = 0, this = DecorView@acf9ab3[]
06-23 17:47:41.839  5878  5878 I ViewRootImpl@6cc0f31[LauncherActivity]: MSG_WINDOW_FOCUS_CHANGED 0 1
06-23 17:47:41.849  4218  4218 D LifecycleMonitor: Lifecycle status change: androidx.test.core.app.InstrumentationActivityInvoker$BootstrapActivity@2b9e9ed in: CREATED
06-23 17:47:41.849  5488 28143 D WallpaperService: dispatchAppVisibility onVisibilityChanged(): false
06-23 17:47:41.850  4218  4218 V ActivityScenario: Activity lifecycle changed event received but ignored because the intent does not match. startActivityIntent=Intent { act=android.intent.action.MAIN cat=[android.intent.category.LAUNCHER] cmp=com.example.dogglers/.HorizontalListActivity }, activity.getIntent()=Intent { act=android.intent.action.MAIN cat=[android.intent.category.LAUNCHER] flg=0x10008000 cmp=com.example.dogglers/androidx.test.core.app.InstrumentationActivityInvoker$BootstrapActivity (has extras) }, activity=androidx.test.core.app.InstrumentationActivityInvoker$BootstrapActivity@2b9e9ed
06-23 17:47:41.850  5488  5488 D WallpaperService: reportVisibility onVisibilityChanged visible: false
06-23 17:47:41.850  5488  5742 I ImageWallpaper:  onVisibilityChanged false , 0
06-23 17:47:41.851  5176  5198 I SurfaceControl: nativeRelease nativeObject s[497401911744]
06-23 17:47:41.851  5176  5198 I SurfaceControl: nativeRelease nativeObject e[497401911744]
06-23 17:47:41.852  4811  4855 I SurfaceFlinger: id=31539 createSurf (0x0),-1 flag=24000, Surface(name=3833be5 StatusBar)/@0xff1ccfc - animation-leash#0
06-23 17:47:41.853  5878  5878 I BadgeRenderer: Invalid count : 0
06-23 17:47:41.853  5176  5198 I SurfaceControl: nativeRelease nativeObject s[497401912800]
06-23 17:47:41.853  5176  5198 I SurfaceControl: nativeRelease nativeObject e[497401912800]
06-23 17:47:41.854  4811  4855 I SurfaceFlinger: id=31540 createSurf (0x0),-1 flag=24000, Surface(name=31a4e78 NavigationBar0)/@0x2b9a7fb - animation-leash#0
06-23 17:47:41.857  4811  5230 I Layer   : id=31529 removeFromCurrentState Surface(name=31a4e78 NavigationBar0)/@0x2b9a7fb - animation-leash#1 (156)
06-23 17:47:41.857  4811  5230 I Layer   : id=28 removeFromCurrentState 31a4e78 NavigationBar0#0 (156)
06-23 17:47:41.857  4811  5230 I Layer   : id=38 removeFromCurrentState NavigationBar0$_5488#0 (156)
06-23 17:47:41.857  4811  5230 I Layer   : id=31528 removeFromCurrentState Surface(name=3833be5 StatusBar)/@0xff1ccfc - animation-leash#1 (156)
06-23 17:47:41.857  4811  5230 I Layer   : id=28 addToCurrentState 31a4e78 NavigationBar0#0 (156)
06-23 17:47:41.857  4811  5230 I Layer   : id=38 addToCurrentState NavigationBar0$_5488#0 (156)
06-23 17:47:41.862  4218  4218 D LifecycleMonitor: Lifecycle status change: androidx.test.core.app.InstrumentationActivityInvoker$BootstrapActivity@2b9e9ed in: STARTED
06-23 17:47:41.863  4218  4218 V ActivityScenario: Activity lifecycle changed event received but ignored because the intent does not match. startActivityIntent=Intent { act=android.intent.action.MAIN cat=[android.intent.category.LAUNCHER] cmp=com.example.dogglers/.HorizontalListActivity }, activity.getIntent()=Intent { act=android.intent.action.MAIN cat=[android.intent.category.LAUNCHER] flg=0x10008000 cmp=com.example.dogglers/androidx.test.core.app.InstrumentationActivityInvoker$BootstrapActivity (has extras) }, activity=androidx.test.core.app.InstrumentationActivityInvoker$BootstrapActivity@2b9e9ed
06-23 17:47:41.871  4811  4854 E BufferQueueProducer: [com.sec.android.app.launcher/com.sec.android.app.launcher.activities.LauncherActivity$_5878#0](id:12cb00001519,api:0,p:-1,c:4811) disconnect: not connected (req=1)
06-23 17:47:41.872  5878  5963 W libEGL  : EGLNativeWindowType 0x7390c8b010 disconnect failed
06-23 17:47:41.873  5176  7832 V WindowManager: Relayout Window{2f736bc u0 com.sec.android.app.launcher/com.sec.android.app.launcher.activities.LauncherActivity}: viewVisibility=8 req=720x1600
06-23 17:47:41.878  4811  4811 D SurfaceFlinger: Display 0 HWC layers:
06-23 17:47:41.878  4811  4811 D SurfaceFlinger:      DEVICE | 0x70361be100 | 0002 | RGBA_8888    |    0.0    0.0  720.0 1600.0 |    0    0  720 1600 | Splash Screen com.example.dogglers#0
06-23 17:47:41.878  4811  4811 D SurfaceFlinger:      DEVICE | 0x70361bde80 | 0000 | RGBA_8888    |    0.0    0.0  111.0  137.0 |    0   68  111  205 | $_3609#1
06-23 17:47:41.878  4811  4811 D SurfaceFlinger:      CLIENT | 0x6f91c17a40 | 0000 | RGBA_8888    |    0.0    0.0  720.0 1600.0 |    0    0  720 1600 | Bubbles!$_5488#0
06-23 17:47:41.878  4811  4811 D SurfaceFlinger:      CLIENT | 0x6fb2241f80 | 0000 | RGBA_8888    |    0.0    0.0  720.0   68.0 |    0    0  720   68 | StatusBar$_5488#0
06-23 17:47:41.878  4811  4811 D SurfaceFlinger:      CLIENT | 0x6fb2242200 | 0000 | RGBA_8888    |    0.0    0.0  259.0   26.0 |  461 1574  720 1600 | SGestureOverlayWindow$_5878#0
06-23 17:47:41.878  4811  4811 D SurfaceFlinger:      CLIENT | 0x70361bed80 | 0000 | RGBA_8888    |    0.0    0.0  259.0   26.0 |  461 1574  720 1600 | SGestureOverlayWindow$_5878#1
06-23 17:47:41.878  4811  4811 D SurfaceFlinger:      CLIENT | 0x6f91c177c0 | 0000 | RGBA_8888    |    0.0    0.0  105.0  105.0 |    0   68  105  173 | cornertabUI$_11263#0
06-23 17:47:41.878  4811  4811 D SurfaceFlinger:      DEVICE | 0x6fb2240a40 | 0000 | RGBA_8888    |    0.0    0.0  720.0   84.0 |    0 1516  720 1600 | NavigationBar0$
06-23 17:47:41.878  4811  4811 D SurfaceFlinger: _5488#0
06-23 17:47:41.878  4811  4811 D SurfaceFlinger:
06-23 17:47:41.880  5176  7832 V WindowManager: Relayout hash=2f736bc, pid=5878: mAttrs={(0,0)(fillxfill) sim={adjust=nothing} layoutInDisplayCutoutMode=shortEdges ty=BASE_APPLICATION fmt=TRANSPARENT wanim=0x10302f2
06-23 17:47:41.880  5176  7832 V WindowManager:   fl=81910100
06-23 17:47:41.880  5176  7832 V WindowManager:   pfl=16020000
06-23 17:47:41.880  5176  7832 V WindowManager:   vsysui=1700
06-23 17:47:41.880  5176  7832 V WindowManager:   bhv=SHOW_TRANSIENT_BARS_BY_SWIPE
06-23 17:47:41.880  5176  7832 V WindowManager:   fitSides= naviIconColor=0}
06-23 17:47:41.881  5878  5878 I SurfaceControl: nativeRelease nativeObject s[497698059488]
06-23 17:47:41.881  5878  5878 I SurfaceControl: nativeRelease nativeObject e[497698059488]
06-23 17:47:41.881  4811  4854 I SurfaceFlinger: id=31541 createSurf (0x0),-1 flag=80004, ActivityRecord{faf2844 u0 com.example.dogglers/.HorizontalListActivity t5122}#0
06-23 17:47:41.881  5878  5878 I SurfaceControl: assignNativeObject: nativeObject = 0 Surface(name=null)/@0xc46d7f3 / android.view.SurfaceControl.readFromParcel:1117 android.view.IWindowSession$Stub$Proxy.relayout:1810 android.view.ViewRootImpl.relayoutWindow:9005 android.view.ViewRootImpl.performTraversals:3360 android.view.ViewRootImpl.doTraversal:2618 android.view.ViewRootImpl$TraversalRunnable.run:9971 android.view.Choreographer$CallbackRecord.run:1010 android.view.Choreographer.doCallbacks:809 android.view.Choreographer.doFrame:744 android.view.Choreographer$FrameDisplayEventReceiver.run:995
06-23 17:47:41.882  5878  5878 I SurfaceControl: assignNativeObject: nativeObject = 0 Surface(name=null)/@0x15e5e7b / android.view.SurfaceControl.readFromParcel:1117 android.view.IWindowSession$Stub$Proxy.relayout:1820 android.view.ViewRootImpl.relayoutWindow:9005 android.view.ViewRootImpl.performTraversals:3360 android.view.ViewRootImpl.doTraversal:2618 android.view.ViewRootImpl$TraversalRunnable.run:9971 android.view.Choreographer$CallbackRecord.run:1010 android.view.Choreographer.doCallbacks:809 android.view.Choreographer.doFrame:744 android.view.Choreographer$FrameDisplayEventReceiver.run:995
06-23 17:47:41.882  5878  5878 I SurfaceControl: nativeRelease nativeObject s[497698058432]
06-23 17:47:41.882  5878  5878 I SurfaceControl: nativeRelease nativeObject e[497698058432]
06-23 17:47:41.882  5878  5878 I SurfaceControl: nativeRelease nativeObject s[497698063232]
06-23 17:47:41.882  5878  5878 I SurfaceControl: nativeRelease nativeObject e[497698063232]
06-23 17:47:41.882  5878  5878 I SurfaceControl: nativeRelease nativeObject s[499543769280]
06-23 17:47:41.882  5878  5878 I SurfaceControl: nativeRelease nativeObject e[499543769280]
06-23 17:47:41.882  5878  5878 I ViewRootImpl@6cc0f31[LauncherActivity]: Relayout returned: old=(0,0,720,1600) new=(0,0,720,1600) req=(720,1600)8 dur=10 res=0x5 s={false 0} ch=true fn=19
06-23 17:47:41.883  5878  5878 I SurfaceControl: nativeRelease nativeObject s[497698059488]
06-23 17:47:41.883  5878  5878 I SurfaceControl: nativeRelease nativeObject e[497698059488]
06-23 17:47:41.891  4218  4218 D LifecycleMonitor: Lifecycle status change: androidx.test.core.app.InstrumentationActivityInvoker$BootstrapActivity@2b9e9ed in: RESUMED
06-23 17:47:41.892  4218  4218 V ActivityScenario: Activity lifecycle changed event received but ignored because the intent does not match. startActivityIntent=Intent { act=android.intent.action.MAIN cat=[android.intent.category.LAUNCHER] cmp=com.example.dogglers/.HorizontalListActivity }, activity.getIntent()=Intent { act=android.intent.action.MAIN cat=[android.intent.category.LAUNCHER] flg=0x10008000 cmp=com.example.dogglers/androidx.test.core.app.InstrumentationActivityInvoker$BootstrapActivity (has extras) }, activity=androidx.test.core.app.InstrumentationActivityInvoker$BootstrapActivity@2b9e9ed
06-23 17:47:41.895  5176  5198 I ViewRootImpl@9a6fabd[dogglers]: MSG_RESIZED_REPORT: frame=(0,0,720,1600) ci=(0,68,0,26) vi=(0,68,0,26) or=1
06-23 17:47:41.897  4218  4218 D LifecycleMonitor: Lifecycle status change: androidx.test.core.app.InstrumentationActivityInvoker$BootstrapActivity@2b9e9ed in: PAUSED
06-23 17:47:41.898  4218  4218 V ActivityScenario: Activity lifecycle changed event received but ignored because the intent does not match. startActivityIntent=Intent { act=android.intent.action.MAIN cat=[android.intent.category.LAUNCHER] cmp=com.example.dogglers/.HorizontalListActivity }, activity.getIntent()=Intent { act=android.intent.action.MAIN cat=[android.intent.category.LAUNCHER] flg=0x10008000 cmp=com.example.dogglers/androidx.test.core.app.InstrumentationActivityInvoker$BootstrapActivity (has extras) }, activity=androidx.test.core.app.InstrumentationActivityInvoker$BootstrapActivity@2b9e9ed
06-23 17:47:41.902  5176  5942 V WindowOrientationListener: getProposedRotation: -1
06-23 17:47:41.906  5176  5942 D InputDispatcher: Focused application set to (0): faf2844
06-23 17:47:41.914  4811  5230 I SurfaceFlinger: id=31542 createSurf (0x0),-1 flag=24000, Surface(name=ActivityRecord{fe8e768 u0 com.example.dogglers/androidx.test.core.app.InstrumentationActivityInvoker$BootstrapActivity t5122})/@0x9c62ae - animation-leash#0
06-23 17:47:41.915  4811  5230 I SurfaceFlinger: id=31543 createSurf (0x0),-1 flag=20004, Dim Layer for - Task=5122 - animating-dim#0
06-23 17:47:41.916  4811  5230 I SurfaceFlinger: id=31544 createSurf (0x0),-1 flag=24000, Surface(name=Dim Layer for - Task=5122 - animating-dim)/@0xd03b4e5 - animation-leash#0
06-23 17:47:41.917  4811  5230 I SurfaceFlinger: id=31545 createSurf (0x0),-1 flag=80004, Surface(name=ActivityRecord{fe8e768 u0 com.example.dogglers/androidx.test.core.app.InstrumentationActivityInvoker$BootstrapActivity t5122})/@0x9c62ae - animation-bounds#0
06-23 17:47:41.918  5176  5942 I SurfaceControl: nativeRelease nativeObject s[497278271904]
06-23 17:47:41.918  5176  5942 I SurfaceControl: nativeRelease nativeObject e[497278271904]
06-23 17:47:41.923  4811  4854 I Layer   : id=31543 removeFromCurrentState Dim Layer for - Task=5122 - animating-dim#0 (161)
06-23 17:47:41.924  4811  4854 I SurfaceFlinger: id=31543 Removed Dim Layer for - Task=5122 - animating-dim#0 (161)
06-23 17:47:41.925  5176  5198 V WindowManager: Relayout Window{7ac88b2 u0 Splash Screen com.example.dogglers}: viewVisibility=0 req=720x1600
06-23 17:47:41.925  5488  5488 D Bubbles : collapse stack cause : onTaskMovedToFront
06-23 17:47:41.925  5488  5488 D Bubbles : setExpanded: false
06-23 17:47:41.925  5488  5488 D Bubbles : setExpandedInternal: shouldExpand=false
06-23 17:47:41.929  5176  5198 I SurfaceControl: nativeRelease nativeObject s[497401917120]
06-23 17:47:41.929  5176  5198 I SurfaceControl: nativeRelease nativeObject e[497401917120]
06-23 17:47:41.931  5176  5198 V WindowManager: Relayout hash=7ac88b2, pid=5176: mAttrs={(0,0)(fillxfill) sim={adjust=pan} layoutInDisplayCutoutMode=shortEdges ty=APPLICATION_STARTING wanim=0x1030001
06-23 17:47:41.931  5176  5198 V WindowManager:   fl=1830118
06-23 17:47:41.931  5176  5198 V WindowManager:   pfl=12020011
06-23 17:47:41.931  5176  5198 V WindowManager:   fitSides= naviIconColor=0}
06-23 17:47:41.931  5176  5198 I SurfaceControl: nativeRelease nativeObject s[497401911744]
06-23 17:47:41.931  5176  5198 I SurfaceControl: nativeRelease nativeObject e[497401911744]
06-23 17:47:41.931  5176  5198 I SurfaceControl: nativeRelease nativeObject s[497401912800]
06-23 17:47:41.931  5176  5198 I SurfaceControl: nativeRelease nativeObject e[497401912800]
06-23 17:47:41.931  5176  5198 I ViewRootImpl@9a6fabd[dogglers]: Relayout returned: old=(0,0,720,1600) new=(0,0,720,1600) req=(720,1600)0 dur=30 res=0x1 s={true 497268789248} ch=false fn=2
06-23 17:47:41.931  4752 28121 D gralloc : [mali_gralloc_allocate] begin
06-23 17:47:41.932  4752 28121 D gralloc : buffer_descriptor: wh(720 1600) usage_pc(0x966 0x906) hal_format(0x1) layer_count(1) sizes(0 0 0) strde(0) byte_stride(0) alloc_wh(0 0) internal_format(0x0) alloc_format(0x0) fd_count(1) plane_count(0)
06-23 17:47:41.932  4752 28121 D gralloc : [mali_gralloc_allocate] allocation successful
06-23 17:47:41.932  5878  5878 I ViewRootImpl@6cc0f31[LauncherActivity]: stopped(true) old=false
06-23 17:47:41.933  5878  5878 I StateManager: goToState isInState Normal
06-23 17:47:41.935  4811  4811 I Layer   : id=31543[1] Destroyed Dim Layer for - Task=5122 - animating-dim#0
06-23 17:47:41.940  5878  5878 W LauncherAppWidgetHost: setListenIfResumed, mFlags = 7
06-23 17:47:41.942  5176  5942 I AppWidgetServiceImpl: stopListening callbacks : null
06-23 17:47:41.943  5878  5878 W Launcher.NotificationListener: removeNotificationsChangedListener
06-23 17:47:41.943  5878  5878 I BadgeCountUpdaterImpl: onNotificationsChangedDisConnected
06-23 17:47:41.943  5878  5878 I Launcher.NotificationListener: unregisterObserver, this is not notificationService!!
06-23 17:47:41.944  5878  5878 I LiveIconUpdateEventHandler: cancelMinuteChangeAlarm
06-23 17:47:41.944  4218  4218 D LifecycleMonitor: Lifecycle status change: com.example.dogglers.HorizontalListActivity@37cb9c in: PRE_ON_CREATE
06-23 17:47:41.945  4218  4218 V ActivityScenario: Activity lifecycle changed event received but ignored because the reported transition was not ON_CREATE while the last known transition was PRE_ON_CREATE
06-23 17:47:41.947  5878  5878 I LiveIconUpdateEventHandler: cancelDateChangeAlarm
06-23 17:47:41.952  5878  5878 I LiveIconUpdateEventHandler: unregisterReceiver
06-23 17:47:41.969  4218  4218 I DecorView: [INFO] isPopOver=false, config=true
06-23 17:47:41.969  4218  4218 I DecorView: updateCaptionType >> DecorView@176285d[], isFloating=false, isApplication=true, hasWindowDecorCaption=false, hasWindowControllerCallback=true
06-23 17:47:41.969  4218  4218 D DecorView: setCaptionType = 0, this = DecorView@176285d[]
06-23 17:47:41.970  5176  8501 I SurfaceControl: nativeRelease nativeObject s[497278272768]
06-23 17:47:41.970  5176  8501 I SurfaceControl: nativeRelease nativeObject e[497278272768]
06-23 17:47:41.970  4811  4854 I Layer   : id=31527 removeFromCurrentState com.sec.android.app.launcher/com.sec.android.app.launcher.activities.LauncherActivity$_5878#0 (160)
06-23 17:47:41.975  4811  4854 I SurfaceFlinger: id=31527 Removed com.sec.android.app.launcher/com.sec.android.app.launcher.activities.LauncherActivity$_5878#0 (160)
06-23 17:47:41.975  5176  5195 D SehCodecSolutionService: Update top [com.example.dogglers]
06-23 17:47:41.985  4811  4811 I Layer   : id=31527[1] Destroyed com.sec.android.app.launcher/com.sec.android.app.launcher.activities.LauncherActivity$_5878#0
06-23 17:47:42.012  4218  4218 D LifecycleMonitor: Lifecycle status change: com.example.dogglers.HorizontalListActivity@37cb9c in: CREATED
06-23 17:47:42.012  4218  4218 V ActivityScenario: Update currentActivityStage to CREATED, currentActivity=com.example.dogglers.HorizontalListActivity@37cb9c
06-23 17:47:42.018  4218  4218 D LifecycleMonitor: Lifecycle status change: com.example.dogglers.HorizontalListActivity@37cb9c in: STARTED
06-23 17:47:42.019  4218  4218 V ActivityScenario: Update currentActivityStage to STARTED, currentActivity=com.example.dogglers.HorizontalListActivity@37cb9c
06-23 17:47:42.022  4218  4218 D LifecycleMonitor: Lifecycle status change: com.example.dogglers.HorizontalListActivity@37cb9c in: RESUMED
06-23 17:47:42.023  4218  4218 V ActivityScenario: Update currentActivityStage to RESUMED, currentActivity=com.example.dogglers.HorizontalListActivity@37cb9c
06-23 17:47:42.031  5176  8501 D InputTransport: Input channel constructed: '84e5be3', fd=912
06-23 17:47:42.032  5176  8501 D InputTransport: Input channel constructed: '84e5be3', fd=917
06-23 17:47:42.032  4811  4854 I SurfaceFlinger: id=31546 createSurf (0x0),-1 flag=80004, 84e5be3 com.example.dogglers/com.example.dogglers.HorizontalListActivity#0
06-23 17:47:42.033  5176  8501 D WindowManager: isScreenshotDisabledLocked - win: Window{84e5be3 u0 com.example.dogglers/com.example.dogglers.HorizontalListActivity}
06-23 17:47:42.033  5176  8501 D WindowManager: isScreenshotDisabledLocked: userId = 0, disabled =false
06-23 17:47:42.034  5176  8501 D InputTransport: Input channel destroyed: '84e5be3', fd=917
06-23 17:47:42.034  4218  4218 D InputTransport: Input channel constructed: '84e5be3', fd=84
06-23 17:47:42.037  4218  4218 I ViewRootImpl@9fa0ed0[HorizontalListActivity]: setView = com.android.internal.policy.DecorView@176285d TM=true
06-23 17:47:42.045  5176  5392 I WifiService: getConnectionInfo uid=1000
06-23 17:47:42.103  5176  8501 V WindowManager: Relayout Window{84e5be3 u0 com.example.dogglers/com.example.dogglers.HorizontalListActivity}: viewVisibility=0 req=720x1600
06-23 17:47:42.107  5176  8501 D WindowManager: isScreenshotDisabledLocked - win: Window{84e5be3 u0 com.example.dogglers/com.example.dogglers.HorizontalListActivity}
06-23 17:47:42.107  5176  8501 D WindowManager: isScreenshotDisabledLocked: userId = 0, disabled =false
06-23 17:47:42.107  4811  4854 I SurfaceFlinger: id=31547 createSurf (720x1600),1 flag=404, com.example.dogglers/com.example.dogglers.HorizontalListActivity$_4218#0
06-23 17:47:42.110  5176  8501 I SurfaceControl: nativeRelease nativeObject s[497401915296]
06-23 17:47:42.110  5176  8501 I SurfaceControl: nativeRelease nativeObject e[497401915296]
06-23 17:47:42.111  4811  4854 I SurfaceFlinger: id=31548 createSurf (0x0),-1 flag=24000, Surface(name=3833be5 StatusBar)/@0xff1ccfc - animation-leash#1
06-23 17:47:42.111  5176  8501 I SurfaceControl: nativeRelease nativeObject s[497270569536]
06-23 17:47:42.111  5176  8501 I SurfaceControl: nativeRelease nativeObject e[497270569536]
06-23 17:47:42.112  4811  4854 I SurfaceFlinger: id=31549 createSurf (0x0),-1 flag=24000, Surface(name=31a4e78 NavigationBar0)/@0x2b9a7fb - animation-leash#1
06-23 17:47:42.114  5176  8501 V WindowManager: Relayout hash=84e5be3, pid=4218: mAttrs={(0,0)(fillxfill) sim={adjust=resize forwardNavigation} ty=BASE_APPLICATION wanim=0x1030304
06-23 17:47:42.114  5176  8501 V WindowManager:   fl=81810100
06-23 17:47:42.114  5176  8501 V WindowManager:   pfl=12020000
06-23 17:47:42.114  5176  8501 V WindowManager:   fitSides= naviIconColor=0}
06-23 17:47:42.115  5176  8501 I SurfaceControl: nativeRelease nativeObject s[497270569920]
06-23 17:47:42.115  5176  8501 I SurfaceControl: nativeRelease nativeObject e[497270569920]
06-23 17:47:42.118  4218  4218 I SurfaceControl: assignNativeObject: nativeObject = 0 Surface(name=null)/@0xd2dc27e / android.view.SurfaceControl.readFromParcel:1117 android.view.IWindowSession$Stub$Proxy.relayout:1820 android.view.ViewRootImpl.relayoutWindow:9005 android.view.ViewRootImpl.performTraversals:3360 android.view.ViewRootImpl.doTraversal:2618 android.view.ViewRootImpl$TraversalRunnable.run:9971 android.view.Choreographer$CallbackRecord.run:1010 android.view.Choreographer.doCallbacks:809 android.view.Choreographer.doFrame:744 android.view.Choreographer$FrameDisplayEventReceiver.run:995
06-23 17:47:42.120  4811  5230 I Layer   : id=31539 removeFromCurrentState Surface(name=3833be5 StatusBar)/@0xff1ccfc - animation-leash#0 (163)
06-23 17:47:42.120  4218  4218 I ViewRootImpl@9fa0ed0[HorizontalListActivity]: Relayout returned: old=(0,0,720,1600) new=(0,0,720,1600) req=(720,1600)0 dur=16 res=0x7 s={true 499549073408} ch=true fn=-1
06-23 17:47:42.121  4811  5230 I Layer   : id=31540 removeFromCurrentState Surface(name=31a4e78 NavigationBar0)/@0x2b9a7fb - animation-leash#0 (163)
06-23 17:47:42.122  5176  5198 I SurfaceControl: nativeRelease nativeObject s[497278271904]
06-23 17:47:42.122  5176  5198 I SurfaceControl: nativeRelease nativeObject e[497278271904]
06-23 17:47:42.122  5176  5198 I SurfaceControl: nativeRelease nativeObject s[497401917120]
06-23 17:47:42.122  4811  5230 I SurfaceFlinger: id=31540 Removed Surface(name=31a4e78 NavigationBar0)/@0x2b9a7fb - animation-leash#0 (163)
06-23 17:47:42.122  5176  5198 I SurfaceControl: nativeRelease nativeObject e[497401917120]
06-23 17:47:42.122  4811  6436 I SurfaceFlinger: id=31539 Removed Surface(name=3833be5 StatusBar)/@0xff1ccfc - animation-leash#0 (163)
06-23 17:47:42.124  4752 28121 D gralloc : [mali_gralloc_allocate] begin
06-23 17:47:42.124  4752 28121 D gralloc : buffer_descriptor: wh(720 1600) usage_pc(0x40000000000b00 0x40000000000b00) hal_format(0x1) layer_count(1) sizes(0 0 0) strde(0) byte_stride(0) alloc_wh(0 0) internal_format(0x0) alloc_format(0x0) fd_count(1) plane_count(0)
06-23 17:47:42.125  4752 28121 D gralloc : [mali_gralloc_allocate] allocation successful
06-23 17:47:42.125  4752 28121 D gralloc : [mali_gralloc_allocate] begin
06-23 17:47:42.125  4752 28121 D gralloc : buffer_descriptor: wh(720 1600) usage_pc(0x40000000000b00 0x40000000000b00) hal_format(0x1) layer_count(1) sizes(0 0 0) strde(0) byte_stride(0) alloc_wh(0 0) internal_format(0x0) alloc_format(0x0) fd_count(1) plane_count(0)
06-23 17:47:42.126  4752 28121 D gralloc : [mali_gralloc_allocate] allocation successful
06-23 17:47:42.126  4752 28121 D gralloc : [mali_gralloc_allocate] begin
06-23 17:47:42.126  4752 28121 D gralloc : buffer_descriptor: wh(720 1600) usage_pc(0x40000000000b00 0x40000000000b00) hal_format(0x1) layer_count(1) sizes(0 0 0) strde(0) byte_stride(0) alloc_wh(0 0) internal_format(0x0) alloc_format(0x0) fd_count(1) plane_count(0)
06-23 17:47:42.127  4752 28121 D gralloc : [mali_gralloc_allocate] allocation successful
06-23 17:47:42.135  4811  4811 I Layer   : id=31539[1] Destroyed Surface(name=3833be5 StatusBar)/@0xff1ccfc - animation-leash#0
06-23 17:47:42.135  4811  4811 I Layer   : id=31540[1] Destroyed Surface(name=31a4e78 NavigationBar0)/@0x2b9a7fb - animation-leash#0
06-23 17:47:42.159  5176  5198 D PkgPredictorService: pkg:com.example.dogglers activity:com.example.dogglers.HorizontalListActivity thisTime:402
06-23 17:47:42.159  5176  5198 D PkgPredictorService-Collector: update activity launch time: HorizontalListActivity : 402
06-23 17:47:42.159  5176  5198 I SemDvfsHyPerManager: acquire hyper - AMS_RESUME_TAIL/5176@18, type = -999
06-23 17:47:42.159  5176  5202 D ArtManagerInternalImpl: /data/misc/iorapd/com.example.dogglers/1/com.example.dogglers.HorizontalListActivity/compiled_traces/compiled_trace.pb doesn't exist
06-23 17:47:42.159  5176  5198 I SemDvfsHyPerManager: acquire hyper - AMS_ACT_LAZY/5176@19, type = -999
06-23 17:47:42.160  4769  4844 I HYPER-HAL: [RequestManager.cpp]acquire(): Acquired ID : 13491433  [5176 / 18]    HINT : AMS_RESUME_TAIL    list :
06-23 17:47:42.160  4769  4844 I HYPER-HAL: [ResourceManager.cpp]updateResource(): [CPUMinFreq] UpdateResource Request ID : 13491433    Value : 1456000
06-23 17:47:42.160  4769  4844 I HYPER-HAL: [RequestManager.cpp]acquire(): Acquired ID : 13496629  [5176 / 19]    HINT :      list :
06-23 17:47:42.160  4769  4844 E HYPER-HAL: [Request.cpp]acquire(): Request:: id : 13496629, No Resource to set
06-23 17:47:42.161  4769  4844 I HYPER-HAL: [ResourceManager.cpp]removeResource(): [CPUMinFreq] RemoveResource Request ID : 13522624
06-23 17:47:42.161  4769  4844 I HYPER-HAL: [RequestManager.cpp]releaseLocked(): Released ID : 13522624
06-23 17:47:42.163  5176  5202 I ActivityTaskManager: Displayed com.example.dogglers/.HorizontalListActivity: +402ms
06-23 17:47:42.164  6542  6542 E pageboostd: Received HALT command code 2
06-23 17:47:42.165  5176  5198 I ViewRootImpl@9a6fabd[dogglers]: dispatchDetachedFromWindow
06-23 17:47:42.165  5176  5198 I SurfaceControl: nativeRelease nativeObject s[497401913760]
06-23 17:47:42.165  5176  5198 I SurfaceControl: nativeRelease nativeObject e[497401913760]
06-23 17:47:42.166  5176  5198 D InputTransport: Input channel destroyed: '7ac88b2', fd=669
06-23 17:47:42.167  4811  5230 I SurfaceFlinger: id=31550 createSurf (0x0),-1 flag=24000, Surface(name=7ac88b2 Splash Screen com.example.dogglers)/@0x4710d2d - animation-leash#0
06-23 17:47:42.170  5176  7832 I InputDispatcher: Focus entered window (4218): 84e5be3 in display 0 0
06-23 17:47:42.173  5176  5198 D InputTransport: Input channel destroyed: '7ac88b2', fd=683
06-23 17:47:42.181  4218  4218 I ViewRootImpl@9fa0ed0[HorizontalListActivity]: MSG_WINDOW_FOCUS_CHANGED 1 1
06-23 17:47:42.181  4218  4218 D InputMethodManager: prepareNavigationBarInfo() DecorView@176285d[HorizontalListActivity]
06-23 17:47:42.181  4218  4218 D InputMethodManager: getNavigationBarColor() -16711423
06-23 17:47:42.184  4218  4218 D InputMethodManager: prepareNavigationBarInfo() DecorView@176285d[HorizontalListActivity]
06-23 17:47:42.184  4218  4218 D InputMethodManager: getNavigationBarColor() -16711423
06-23 17:47:42.184  4218  4218 V InputMethodManager: Starting input: tba=com.example.dogglers ic=null mNaviBarColor -16711423 mIsGetNaviBarColorSuccess true , NavVisible : true , NavTrans : false
06-23 17:47:42.184  4218  4218 D InputMethodManager: startInputInner - Id : 0
06-23 17:47:42.184  4218  4218 I InputMethodManager: startInputInner - mService.startInputOrWindowGainedFocus
06-23 17:47:42.185  5176  7832 D InputMethodManagerService: mSecureKeypadEnabled = false
06-23 17:47:42.187  5176  7832 V InputMethodManagerService: hideCurrentInputLocked : shouldHideSoftInput is false
06-23 17:47:42.187  5176  7832 D InputMethodManagerService: mDesktopModeManager null!
06-23 17:47:42.188  5176  7832 V InputMethodManagerService: getDisplayIdOfInputMethodWindowToBeAdded : 0
06-23 17:47:42.188  5176  7832 D SamsungIMMSHWKeyboard: isConnectedDexOnPC false
06-23 17:47:42.188  5176  7832 D InputMethodManagerService: isImeSwitcherDisabledPackage : false
06-23 17:47:42.189  5176  7832 D InputMethodManagerService: checkDisplayOfStartInputAndUpdateKeyboard display Id 0last 0
06-23 17:47:42.189  5176  7832 D InputTransport: Input channel constructed: 'ClientS', fd=669
06-23 17:47:42.189  5176  7832 D InputTransport: Input channel destroyed: 'ClientS', fd=669
06-23 17:47:42.189  4218  4218 D InputTransport: Input channel constructed: 'ClientS', fd=90
06-23 17:47:42.190  5176  8501 I SurfaceControl: nativeRelease nativeObject s[499419869664]
06-23 17:47:42.190  5176  8501 I SurfaceControl: nativeRelease nativeObject e[499419869664]
06-23 17:47:42.191  4811  4855 I SurfaceFlinger: id=31551 createSurf (0x0),-1 flag=24004, Surface(name=a01af46 InputMethod)/@0x1dd2b1b - animation-leash#0
06-23 17:47:42.192  7990  7990 I HBD     : HoneyBoardService onFinishInput
06-23 17:47:42.192  7990  7990 I HBD     : a IC have been unbinded,  InputConnectionWrapper{idHash=#1efba4e mMissingMethods=}
06-23 17:47:42.192  7990  7990 I HBD     : HoneyBoardService [PF_CL][onFinishInput]  254231 ns
06-23 17:47:42.192  7990  7990 I HBD     : HoneyBoardService [IMI] onStartInput - caller pid : 4218 , caller uid : 10622
06-23 17:47:42.192  7990  7990 I HBD     : i updateConfigs
06-23 17:47:42.192  7990  7990 I HBD     : i isEnabledNightMode : true
06-23 17:47:42.192  7990  7990 I HBD     : a IC have been binded, InputConnectionWrapper{idHash=#69e6c7c mMissingMethods=}
06-23 17:47:42.192  7990  7990 I HBD     : h [EditorInputType]setPrivateImeOptionsToTable privateImeOptions ( null )
06-23 17:47:42.192  7990  7990 I HBD     : b incognitoMode : false
06-23 17:47:42.193  7990  7990 I HBD     : a needOff = true , isForceOff = false, isNullInputClass : true
06-23 17:47:42.193  7990  7990 I HBD     : h getDefaultInputRange : UNKNOWN
06-23 17:47:42.193  7990  7990 I HBD     : h getDefaultInputRange : UNKNOWN
06-23 17:47:42.193  7990  7990 I HBD     : h getDefaultInputRange : UNKNOWN
06-23 17:47:42.193  5176  8501 D SdpManagerService: Not an enterprise user : 0
06-23 17:47:42.193  5176  8501 D SdpManagerService: Not an enterprise user : 0
06-23 17:47:42.194  7990  7990 I HBD     : h getDefaultInputRange : UNKNOWN
06-23 17:47:42.194  7990  7990 I HBD     : a currentState : 0
06-23 17:47:42.195  7990  7990 I HBD     : h load selected json info : {"version":"1.0","currentLanguageOrder":0,"selected":[{"activeOptionList":["auto_replace","auto_spacing"],"engName":"Vietnamese","id":4390912,"inputType":"vietnamese_telex","isUsed":true},{"activeOptionList":["auto_replace","auto_spacing"],"engName":"English","id":65537,"inputType":"qwerty","isUsed":true}]}
06-23 17:47:42.196  7990  7990 I HBD     : a [UpdatePolicy] [post] a: 0 cl: 4390912 kit: [0/0] vt: 0 ir: 1
06-23 17:47:42.197  7990  7990 I HBD     : HoneyBoardService [PF_OP][onStartInput]  4565692 ns
06-23 17:47:42.197  4218  4218 I ViewInteraction: Performing 'fast swipe' action on view view.getId() is <2131230945/com.example.dogglers:id/horizontal_recycler_view>
06-23 17:47:42.203  4811  4855 I Layer   : id=31534 removeFromCurrentState Surface(name=a01af46 InputMethod)/@0x1dd2b1b - animation-leash#1 (163)
06-23 17:47:42.204  5878  5878 I SurfaceControl: nativeRelease nativeObject s[499533430656]
06-23 17:47:42.204  5878  5878 I SurfaceControl: nativeRelease nativeObject e[499533430656]
06-23 17:47:42.204  5176  7832 D InputDispatcher: Inject motion (4218): action=0x0, time=182228560000000, f=0x0, d=0
06-23 17:47:42.204  5176  5307 D InputDispatcher: pointer touchable region used!
06-23 17:47:42.205  5176  5307 D InputDispatcher: pointer touchable region used!
06-23 17:47:42.205  5176  5307 W InputDispatcher: obscured by Splash Screen
06-23 17:47:42.205  5176  5307 D InputDispatcher: pointer touchable region used!
06-23 17:47:42.205  5176  5307 I InputDispatcher: Delivering touch to (5488): action: 0x4, f=0x0, d=0, '31a4e78', t=0
06-23 17:47:42.205  5176  5307 I InputDispatcher: Delivering touch to (4218): action: 0x0, f=0x1, d=0, '84e5be3', t=0
06-23 17:47:42.205  5878  5878 W RecentsAnimationDeviceState: isInSwipeUpTouchRegion = false
06-23 17:47:42.205  5878  5878 W TouchInteractionService: onInputEvent, inputConsumer = com.android.quickstep.-$$Lambda$InputConsumer$pgTpBxbssXPLgozwhOXQifnNImE@b54b5b2
06-23 17:47:42.206  5176  8501 D SamsungIMMSHWKeyboard: isConnectedDexOnPC false
06-23 17:47:42.206  5176  8501 D InputMethodManagerService: isImeSwitcherDisabledPackage : false
06-23 17:47:42.207  4218  4218 I SurfaceControl: nativeRelease nativeObject s[502077225952]
06-23 17:47:42.207  4218  4218 I SurfaceControl: nativeRelease nativeObject e[502077225952]
06-23 17:47:42.207  4218  4218 I SurfaceControl: nativeRelease nativeObject s[502077222304]
06-23 17:47:42.207  4218  4218 I SurfaceControl: nativeRelease nativeObject e[502077222304]
06-23 17:47:42.208  4811  4811 D SurfaceFlinger: Display 0 HWC layers:
06-23 17:47:42.208  4811  4811 D SurfaceFlinger:      DEVICE | 0x6fb2240f40 | 0002 | RGBA_8888    |    0.0    0.0  720.0 1600.0 |    0    0  720 1600 | com.example.dogglers/com.example.dogglers.HorizontalListActivity$_4218#0
06-23 17:47:42.208  4811  4811 D SurfaceFlinger:      DEVICE | 0x6fb2243600 | 0002 | RGBA_8888    |    0.0    0.0  720.0 1600.0 |    0    0  720 1600 | Splash Screen com.example.dogglers#0
06-23 17:47:42.208  4811  4811 D SurfaceFlinger:      CLIENT | 0x70361bde80 | 0000 | RGBA_8888    |    0.0    0.0  111.0  137.0 |    0   68  111  205 | $_3609#1
06-23 17:47:42.208  4811  4811 D SurfaceFlinger:      CLIENT | 0x6f91c17a40 | 0000 | RGBA_8888    |    0.0    0.0  720.0 1600.0 |    0    0  720 1600 | Bubbles!$_5488#0
06-23 17:47:42.208  4811  4811 D SurfaceFlinger:      CLIENT | 0x6fb2241f80 | 0000 | RGBA_8888    |    0.0    0.0  720.0   68.0 |    0    0  720   68 | StatusBar$_5488#0
06-23 17:47:42.208  4811  4811 D SurfaceFlinger:      CLIENT | 0x6fb2242200 | 0000 | RGBA_8888    |    0.0    0.0  259.0   26.0 |  461 1574  720 1600 | SGestureOverlayWindow$_5878#0
06-23 17:47:42.208  4811  4811 D SurfaceFlinger:      CLIENT | 0x70361bed80 | 0000 | RGBA_8888    |    0.0    0.0  259.0   26.0 |  461 1574  720 1600 | SGestureOverlayWindow$_5878#1
06-23 17:47:42.208  4811  4811 D SurfaceFlinger:      CLIENT | 0x6f91c177c0 | 0000 | RGBA_8888    |    0.0    0.0
06-23 17:47:42.208  4811  4811 D SurfaceFlinger: 105.0  105.0 |    0   68  105  173 | cornertabUI$_11263#0
06-23 17:47:42.208  4811  4811 D SurfaceFlinger:      DEVICE | 0x6fb2240a40 | 0000 | RGBA_8888    |    0.0    0.0  720.0   84.0 |    0 1516  720 1600 | NavigationBar0$_5488#0
06-23 17:47:42.208  4811  4811 D SurfaceFlinger:
