06-23 17:47:40.716  4218  4218 V ActivityScenario: Activity lifecycle changed event received but ignored because the intent does not match. startActivityIntent=Intent { act=android.intent.action.MAIN cat=[android.intent.category.LAUNCHER] cmp=com.example.dogglers/.HorizontalListActivity }, activity.getIntent()=Intent { act=android.intent.action.MAIN cat=[android.intent.category.LAUNCHER] flg=0x10008000 cmp=com.example.dogglers/androidx.test.core.app.InstrumentationActivityInvoker$BootstrapActivity (has extras) }, activity=androidx.test.core.app.InstrumentationActivityInvoker$BootstrapActivity@91e7831
06-23 17:47:40.718  5878  5878 W LauncherAppWidgetHost: setListenIfResumed, mFlags = 7
06-23 17:47:40.718  5176  7832 I AppWidgetServiceImpl: stopListening callbacks : null
06-23 17:47:40.719  5878  5878 W Launcher.NotificationListener: removeNotificationsChangedListener
06-23 17:47:40.719  5878  5878 I BadgeCountUpdaterImpl: onNotificationsChangedDisConnected
06-23 17:47:40.719  5878  5878 I Launcher.NotificationListener: unregisterObserver, this is not notificationService!!
06-23 17:47:40.720  5878  5878 I LiveIconUpdateEventHandler: cancelMinuteChangeAlarm
06-23 17:47:40.720  5176  5198 I SurfaceControl: nativeRelease nativeObject s[499419931776]
06-23 17:47:40.720  5176  5198 I SurfaceControl: nativeRelease nativeObject e[499419931776]
06-23 17:47:40.721  5176  5392 I WifiService: getConnectionInfo uid=1000
06-23 17:47:40.721  5176  5399 I WifiService: getConnectionInfo uid=1000
06-23 17:47:40.721  5176  5198 I SurfaceControl: nativeRelease nativeObject s[499419932064]
06-23 17:47:40.721  5176  5198 I SurfaceControl: nativeRelease nativeObject e[499419932064]
06-23 17:47:40.722  4811  4854 I Layer   : id=31502 removeFromCurrentState Splash Screen com.example.dogglers#0 (155)
06-23 17:47:40.722  5176  5198 I SurfaceControl: nativeRelease nativeObject s[497278272864]
06-23 17:47:40.722  5176  5198 I SurfaceControl: nativeRelease nativeObject e[497278272864]
06-23 17:47:40.724  5878  5878 I LiveIconUpdateEventHandler: cancelDateChangeAlarm
06-23 17:47:40.727 30948  9538 I FontLog : Pulling font file for id = 183, cache size = 4 [CONTEXT service_id=132 ]
06-23 17:47:40.727  4811  6436 I Layer   : id=31501 removeFromCurrentState 2ab67a5 Splash Screen com.example.dogglers#0 (155)
06-23 17:47:40.727  4811  6436 I Layer   : id=31512 removeFromCurrentState Surface(name=2ab67a5 Splash Screen com.example.dogglers)/@0x7850fce - animation-leash#0 (155)
06-23 17:47:40.727  4811  6436 I SurfaceFlinger: id=31501 Removed 2ab67a5 Splash Screen com.example.dogglers#0 (155)
06-23 17:47:40.728  4811  4854 I SurfaceFlinger: id=31512 Removed Surface(name=2ab67a5 Splash Screen com.example.dogglers)/@0x7850fce - animation-leash#0 (155)
06-23 17:47:40.728  4811  4854 I SurfaceFlinger: id=31502 Removed Splash Screen com.example.dogglers#0 (155)
06-23 17:47:40.733  4811  4811 I Layer   : id=31512[1] Destroyed Surface(name=2ab67a5 Splash Screen com.example.dogglers)/@0x7850fce - animation-leash#0
06-23 17:47:40.733  4811  4811 I Layer   : id=31501[1] Destroyed 2ab67a5 Splash Screen com.example.dogglers#0
06-23 17:47:40.737  4811  4811 I Layer   : id=31502[1] Destroyed Splash Screen com.example.dogglers#0
06-23 17:47:40.742  5878  5878 I LiveIconUpdateEventHandler: unregisterReceiver
06-23 17:47:40.742  4811  4811 D SurfaceFlinger: Display 0 HWC layers:
06-23 17:47:40.742  4811  4811 D SurfaceFlinger:      DEVICE | 0x6fb223fa00 | 0002 | RGBA_8888    |    0.0    0.0  720.0 1600.0 |    0    0  720 1600 | com.example.dogglers/com.example.dogglers.HorizontalListActivity$_4218#0
06-23 17:47:40.742  4811  4811 D SurfaceFlinger:      DEVICE | 0x70361bde80 | 0000 | RGBA_8888    |    0.0    0.0  111.0  137.0 |    0   68  111  205 | $_3609#1
06-23 17:47:40.742  4811  4811 D SurfaceFlinger:      CLIENT | 0x6f91c17a40 | 0000 | RGBA_8888    |    0.0    0.0  720.0 1600.0 |    0    0  720 1600 | Bubbles!$_5488#0
06-23 17:47:40.742  4811  4811 D SurfaceFlinger:      CLIENT | 0x6fb2241f80 | 0000 | RGBA_8888    |    0.0    0.0  720.0   68.0 |    0    0  720   68 | StatusBar$_5488#0
06-23 17:47:40.742  4811  4811 D SurfaceFlinger:      CLIENT | 0x6fb2242200 | 0000 | RGBA_8888    |    0.0    0.0  259.0   26.0 |  461 1574  720 1600 | SGestureOverlayWindow$_5878#0
06-23 17:47:40.742  4811  4811 D SurfaceFlinger:      CLIENT | 0x70361bed80 | 0000 | RGBA_8888    |    0.0    0.0  259.0   26.0 |  461 1574  720 1600 | SGestureOverlayWindow$_5878#1
06-23 17:47:40.742  4811  4811 D SurfaceFlinger:      CLIENT | 0x6f91c16dc0 | 0000 | RGBA_8888    |    0.0    0.0  105.0  105.0 |    0   68  105  173 | cornertabUI$_11263#0
06-23 17:47:40.742  4811  4811 D SurfaceFlinger:      DEVICE | 0x6fb2240a40 | 0000 | RGBA_8888    |    0.0    0.0  720.0   84.0 |
06-23 17:47:40.742  4811  4811 D SurfaceFlinger:   0 1516  720 1600 | NavigationBar0$_5488#0
06-23 17:47:40.742  4811  4811 D SurfaceFlinger:
06-23 17:47:40.751  4218  4218 W xample.doggler: Accessing hidden method Landroid/os/MessageQueue;->next()Landroid/os/Message; (greylist, reflection, allowed)
06-23 17:47:40.751  4218  4218 W xample.doggler: Accessing hidden field Landroid/os/MessageQueue;->mMessages:Landroid/os/Message; (greylist, reflection, allowed)
06-23 17:47:40.751  4218  4218 W xample.doggler: Accessing hidden method Landroid/os/Message;->recycleUnchecked()V (greylist, reflection, allowed)
06-23 17:47:40.754  5176  7832 I WifiService: getConnectionInfo uid=1000
06-23 17:47:40.754  5176  5395 W SemWifiTransportLayerUtils: getApplicationCategory - IOException com.example.dogglers
06-23 17:47:40.754  5176  5395 W System.err: java.io.FileNotFoundException: https://play.google.com/store/apps/details?id=com.example.dogglers&hl=en
06-23 17:47:40.754  5176  5395 W System.err: 	at com.android.okhttp.internal.huc.HttpURLConnectionImpl.getInputStream(HttpURLConnectionImpl.java:255)
06-23 17:47:40.755  5176  5395 W System.err: 	at com.android.okhttp.internal.huc.DelegatingHttpsURLConnection.getInputStream(DelegatingHttpsURLConnection.java:211)
06-23 17:47:40.755  5176  5395 W System.err: 	at com.android.okhttp.internal.huc.HttpsURLConnectionImpl.getInputStream(HttpsURLConnectionImpl.java:30)
06-23 17:47:40.755  5176  5395 W System.err: 	at com.samsung.android.server.wifi.tcp.SemWifiTransportLayerUtils.getApplicationCategory(SemWifiTransportLayerUtils.java:103)
06-23 17:47:40.755  5176  5395 W System.err: 	at com.samsung.android.server.wifi.tcp.SemWifiTransportLayerMonitor$TcpMonitorHandler.handleMessage(SemWifiTransportLayerMonitor.java:242)
06-23 17:47:40.755  5176  5395 W System.err: 	at android.os.Handler.dispatchMessage(Handler.java:106)
06-23 17:47:40.755  5176  5395 W System.err: 	at android.os.Looper.loop(Looper.java:246)
06-23 17:47:40.755  5176  5395 W System.err: 	at android.os.HandlerThread.run(HandlerThread.java:67)
06-23 17:47:40.755  5176  8501 I SurfaceControl: nativeRelease nativeObject s[497276227776]
06-23 17:47:40.755  5176  8501 I SurfaceControl: nativeRelease nativeObject e[497276227776]
06-23 17:47:40.755  4811  4854 I Layer   : id=31491 removeFromCurrentState com.sec.android.app.launcher/com.sec.android.app.launcher.activities.LauncherActivity$_5878#0 (152)
06-23 17:47:40.755  5176  5395 D SemWifiTransportLayerMonitor.TcpMonitorHandler: MSG_SAVE_PACKAGE_INFO
06-23 17:47:40.755  5176  5395 D SemWifiTransportLayerFileManager: saveWifiPackageInfoToFile
06-23 17:47:40.756  5176  5395 D SemWifiTransportLayerFileManager: writeWifiPackageInfoList
06-23 17:47:40.761  4811  4854 I SurfaceFlinger: id=31491 Removed com.sec.android.app.launcher/com.sec.android.app.launcher.activities.LauncherActivity$_5878#0 (152)
06-23 17:47:40.761  5176  5195 D SehCodecSolutionService: Update top [com.example.dogglers]
06-23 17:47:40.762  4218  4218 W xample.doggler: Accessing hidden method Landroid/view/WindowManagerGlobal;->getInstance()Landroid/view/WindowManagerGlobal; (greylist, reflection, allowed)
06-23 17:47:40.762  4218  4218 W xample.doggler: Accessing hidden field Landroid/view/WindowManagerGlobal;->mViews:Ljava/util/ArrayList; (greylist, reflection, allowed)
06-23 17:47:40.762  4218  4218 W xample.doggler: Accessing hidden field Landroid/view/WindowManagerGlobal;->mParams:Ljava/util/ArrayList; (greylist, reflection, allowed)
06-23 17:47:40.767  4811  4811 I Layer   : id=31491[1] Destroyed com.sec.android.app.launcher/com.sec.android.app.launcher.activities.LauncherActivity$_5878#0
06-23 17:47:40.774  4218  4218 I ViewInteraction: Checking 'com.example.dogglers.BaseTest$DrawableMatcher$RecyclerViewAssertion@79bd210' assertion on view view.getId() is <2131230945/com.example.dogglers:id/horizontal_recycler_view>
06-23 17:47:40.784  5176  8501 I SemDvfsHyPerManager: acquire hyper - AMS_ACT_START/5176@16, type = -999
06-23 17:47:40.784  4769  4844 I HYPER-HAL: [RequestManager.cpp]acquire(): Acquired ID : 13481044  [5176 / 16]    HINT : AMS_ACT_START    list :
06-23 17:47:40.785  4769  4844 I HYPER-HAL: [ResourceManager.cpp]updateResource(): [CPUMinFreq] UpdateResource Request ID : 13481044    Value : 2002000
06-23 17:47:40.785  4811  4854 I SurfaceFlinger: id=31514 createSurf (0x0),-1 flag=80004, ActivityRecord{688628c u0 com.example.dogglers/androidx.test.core.app.InstrumentationActivityInvoker$EmptyActivity t5121}#0
06-23 17:47:40.797  5488  5488 D Bubbles : collapse stack cause : onTaskMovedToFront
06-23 17:47:40.797  5488  5488 D Bubbles : setExpanded: false
06-23 17:47:40.797  5488  5488 D Bubbles : setExpandedInternal: shouldExpand=false
06-23 17:47:40.799  4218  4218 D LifecycleMonitor: Lifecycle status change: com.example.dogglers.HorizontalListActivity@1775c08 in: PAUSED
06-23 17:47:40.800  4218  4218 V ActivityScenario: Update currentActivityStage to PAUSED, currentActivity=com.example.dogglers.HorizontalListActivity@1775c08
06-23 17:47:40.805  5176  7832 V WindowOrientationListener: getProposedRotation: -1
06-23 17:47:40.805  5176  7832 V WindowOrientationListener: getProposedRotation: -1
06-23 17:47:40.807  5176  7832 V WindowOrientationListener: getProposedRotation: -1
06-23 17:47:40.809  5176  7832 D InputDispatcher: Focused application set to (0): 688628c
06-23 17:47:40.830  4218  4218 D LifecycleMonitor: Lifecycle status change: androidx.test.core.app.InstrumentationActivityInvoker$EmptyActivity@2d1de1a in: PRE_ON_CREATE
06-23 17:47:40.832  4218  4218 V ActivityScenario: Activity lifecycle changed event received but ignored because the intent does not match. startActivityIntent=Intent { act=android.intent.action.MAIN cat=[android.intent.category.LAUNCHER] cmp=com.example.dogglers/.HorizontalListActivity }, activity.getIntent()=Intent { act=android.intent.action.MAIN cat=[android.intent.category.LAUNCHER] flg=0x10000000 cmp=com.example.dogglers/androidx.test.core.app.InstrumentationActivityInvoker$EmptyActivity }, activity=androidx.test.core.app.InstrumentationActivityInvoker$EmptyActivity@2d1de1a
06-23 17:47:40.835  5176  7832 I InputDispatcher: Focus left window (4218): 42d31df in display 0 0
06-23 17:47:40.844  4218  4218 I DecorView: [INFO] isPopOver=false, config=true
06-23 17:47:40.844  4218  4218 I DecorView: updateCaptionType >> DecorView@bffd328[], isFloating=false, isApplication=true, hasWindowDecorCaption=false, hasWindowControllerCallback=true
06-23 17:47:40.845  4218  4218 D DecorView: setCaptionType = 0, this = DecorView@bffd328[]
06-23 17:47:40.856  4218  4218 D LifecycleMonitor: Lifecycle status change: androidx.test.core.app.InstrumentationActivityInvoker$EmptyActivity@2d1de1a in: CREATED
06-23 17:47:40.857  4218  4218 V ActivityScenario: Activity lifecycle changed event received but ignored because the intent does not match. startActivityIntent=Intent { act=android.intent.action.MAIN cat=[android.intent.category.LAUNCHER] cmp=com.example.dogglers/.HorizontalListActivity }, activity.getIntent()=Intent { act=android.intent.action.MAIN cat=[android.intent.category.LAUNCHER] flg=0x10000000 cmp=com.example.dogglers/androidx.test.core.app.InstrumentationActivityInvoker$EmptyActivity }, activity=androidx.test.core.app.InstrumentationActivityInvoker$EmptyActivity@2d1de1a
06-23 17:47:40.862  4218  4218 D LifecycleMonitor: Lifecycle status change: androidx.test.core.app.InstrumentationActivityInvoker$EmptyActivity@2d1de1a in: STARTED
06-23 17:47:40.863  4218  4218 V ActivityScenario: Activity lifecycle changed event received but ignored because the intent does not match. startActivityIntent=Intent { act=android.intent.action.MAIN cat=[android.intent.category.LAUNCHER] cmp=com.example.dogglers/.HorizontalListActivity }, activity.getIntent()=Intent { act=android.intent.action.MAIN cat=[android.intent.category.LAUNCHER] flg=0x10000000 cmp=com.example.dogglers/androidx.test.core.app.InstrumentationActivityInvoker$EmptyActivity }, activity=androidx.test.core.app.InstrumentationActivityInvoker$EmptyActivity@2d1de1a
06-23 17:47:40.866  4218  4218 D LifecycleMonitor: Lifecycle status change: androidx.test.core.app.InstrumentationActivityInvoker$EmptyActivity@2d1de1a in: RESUMED
06-23 17:47:40.867  4218  4218 V ActivityScenario: Activity lifecycle changed event received but ignored because the intent does not match. startActivityIntent=Intent { act=android.intent.action.MAIN cat=[android.intent.category.LAUNCHER] cmp=com.example.dogglers/.HorizontalListActivity }, activity.getIntent()=Intent { act=android.intent.action.MAIN cat=[android.intent.category.LAUNCHER] flg=0x10000000 cmp=com.example.dogglers/androidx.test.core.app.InstrumentationActivityInvoker$EmptyActivity }, activity=androidx.test.core.app.InstrumentationActivityInvoker$EmptyActivity@2d1de1a
06-23 17:47:40.875  5176  8501 D InputTransport: Input channel constructed: 'a948ab6', fd=910
06-23 17:47:40.875  5176  8501 D InputTransport: Input channel constructed: 'a948ab6', fd=912
06-23 17:47:40.875  4811  6436 I SurfaceFlinger: id=31515 createSurf (0x0),-1 flag=80004, a948ab6 com.example.dogglers/androidx.test.core.app.InstrumentationActivityInvoker$EmptyActivity#0
06-23 17:47:40.876  5176  8501 D WindowManager: isScreenshotDisabledLocked - win: Window{a948ab6 u0 com.example.dogglers/androidx.test.core.app.InstrumentationActivityInvoker$EmptyActivity}
06-23 17:47:40.876  5176  8501 D WindowManager: isScreenshotDisabledLocked: userId = 0, disabled =false
06-23 17:47:40.877  5176  8501 D InputTransport: Input channel destroyed: 'a948ab6', fd=912
06-23 17:47:40.877  4218  4218 D InputTransport: Input channel constructed: 'a948ab6', fd=98
06-23 17:47:40.880  4218  4218 I ViewRootImpl@c7dd327[InstrumentationActivityInvoker$EmptyActivity]: setView = com.android.internal.policy.DecorView@bffd328 TM=true
06-23 17:47:40.897  5176  8501 V WindowManager: Relayout Window{a948ab6 u0 com.example.dogglers/androidx.test.core.app.InstrumentationActivityInvoker$EmptyActivity}: viewVisibility=0 req=720x1600
06-23 17:47:40.901  5176  8501 D WindowManager: isScreenshotDisabledLocked - win: Window{a948ab6 u0 com.example.dogglers/androidx.test.core.app.InstrumentationActivityInvoker$EmptyActivity}
06-23 17:47:40.902  5176  8501 D WindowManager: isScreenshotDisabledLocked: userId = 0, disabled =false
06-23 17:47:40.902  4811  6436 I SurfaceFlinger: id=31516 createSurf (720x1600),1 flag=404, com.example.dogglers/androidx.test.core.app.InstrumentationActivityInvoker$EmptyActivity$_4218#0
06-23 17:47:40.905  5176  8501 I SurfaceControl: nativeRelease nativeObject s[497401915008]
06-23 17:47:40.905  5176  8501 I SurfaceControl: nativeRelease nativeObject e[497401915008]
06-23 17:47:40.905  4811  6436 I SurfaceFlinger: id=31517 createSurf (0x0),-1 flag=24000, Surface(name=3833be5 StatusBar)/@0xff1ccfc - animation-leash#1
06-23 17:47:40.906  5176  8501 I SurfaceControl: nativeRelease nativeObject s[497401915296]
06-23 17:47:40.906  5176  8501 I SurfaceControl: nativeRelease nativeObject e[497401915296]
06-23 17:47:40.906  4811  6436 I SurfaceFlinger: id=31518 createSurf (0x0),-1 flag=24000, Surface(name=31a4e78 NavigationBar0)/@0x2b9a7fb - animation-leash#1
06-23 17:47:40.909  5176  8501 V WindowManager: Relayout hash=a948ab6, pid=4218: mAttrs={(0,0)(fillxfill) sim={adjust=pan forwardNavigation} ty=BASE_APPLICATION wanim=0x1030001
06-23 17:47:40.909  5176  8501 V WindowManager:   fl=1810100
06-23 17:47:40.909  5176  8501 V WindowManager:   pfl=12020000
06-23 17:47:40.909  5176  8501 V WindowManager:   fitSides= naviIconColor=0}
06-23 17:47:40.909  5176  8501 I SurfaceControl: nativeRelease nativeObject s[497277292384]
06-23 17:47:40.909  5176  8501 I SurfaceControl: nativeRelease nativeObject e[497277292384]
06-23 17:47:40.912  4218  4218 I SurfaceControl: assignNativeObject: nativeObject = 0 Surface(name=null)/@0xf12f9d4 / android.view.SurfaceControl.readFromParcel:1117 android.view.IWindowSession$Stub$Proxy.relayout:1820 android.view.ViewRootImpl.relayoutWindow:9005 android.view.ViewRootImpl.performTraversals:3360 android.view.ViewRootImpl.doTraversal:2618 android.view.ViewRootImpl$TraversalRunnable.run:9971 android.view.Choreographer$CallbackRecord.run:1010 android.view.Choreographer.doCallbacks:809 android.view.Choreographer.doFrame:744 android.view.Choreographer$FrameDisplayEventReceiver.run:995
06-23 17:47:40.914  4218  4218 I ViewRootImpl@c7dd327[InstrumentationActivityInvoker$EmptyActivity]: Relayout returned: old=(0,0,720,1600) new=(0,0,720,1600) req=(720,1600)0 dur=16 res=0x7 s={true 499549073408} ch=true fn=-1
06-23 17:47:40.918  4752 28121 D gralloc : [mali_gralloc_allocate] begin
06-23 17:47:40.918  4752 28121 D gralloc : buffer_descriptor: wh(720 1600) usage_pc(0x40000000000b00 0x40000000000b00) hal_format(0x1) layer_count(1) sizes(0 0 0) strde(0) byte_stride(0) alloc_wh(0 0) internal_format(0x0) alloc_format(0x0) fd_count(1) plane_count(0)
06-23 17:47:40.919  4752 28121 D gralloc : [mali_gralloc_allocate] allocation successful
06-23 17:47:40.919  4752 28121 D gralloc : [mali_gralloc_allocate] begin
06-23 17:47:40.919  4752 28121 D gralloc : buffer_descriptor: wh(720 1600) usage_pc(0x40000000000b00 0x40000000000b00) hal_format(0x1) layer_count(1) sizes(0 0 0) strde(0) byte_stride(0) alloc_wh(0 0) internal_format(0x0) alloc_format(0x0) fd_count(1) plane_count(0)
06-23 17:47:40.919  4811  6436 I Layer   : id=31510 removeFromCurrentState Surface(name=3833be5 StatusBar)/@0xff1ccfc - animation-leash#0 (156)
06-23 17:47:40.919  4811  6436 I Layer   : id=31511 removeFromCurrentState Surface(name=31a4e78 NavigationBar0)/@0x2b9a7fb - animation-leash#0 (156)
06-23 17:47:40.920  4752 28121 D gralloc : [mali_gralloc_allocate] allocation successful
06-23 17:47:40.920  4752 28121 D gralloc : [mali_gralloc_allocate] begin
06-23 17:47:40.920  4752 28121 D gralloc : buffer_descriptor: wh(720 1600) usage_pc(0x40000000000b00 0x40000000000b00) hal_format(0x1) layer_count(1) sizes(0 0 0) strde(0) byte_stride(0) alloc_wh(0 0) internal_format(0x0) alloc_format(0x0) fd_count(1) plane_count(0)
06-23 17:47:40.921  4752 28121 D gralloc : [mali_gralloc_allocate] allocation successful
06-23 17:47:40.984  4218  4218 I ViewRootImpl@c5ee767[HorizontalListActivity]: MSG_WINDOW_FOCUS_CHANGED 0 1
06-23 17:47:40.989  5176  5198 D PkgPredictorService: pkg:com.example.dogglers activity:androidx.test.core.app.InstrumentationActivityInvoker$EmptyActivity thisTime:206
06-23 17:47:40.990  5176  5202 I ActivityTaskManager: Displayed com.example.dogglers/androidx.test.core.app.InstrumentationActivityInvoker$EmptyActivity: +206ms
06-23 17:47:40.990  5176  5198 I SemDvfsHyPerManager: acquire hyper - AMS_RESUME_TAIL/5176@18, type = -999
06-23 17:47:40.990  5176  5198 I SemDvfsHyPerManager: acquire hyper - AMS_ACT_LAZY/5176@19, type = -999
06-23 17:47:40.991  6542  6542 E pageboostd: Received HALT command code 2
06-23 17:47:40.991  4769  4844 I HYPER-HAL: [RequestManager.cpp]acquire(): Acquired ID : 13491433  [5176 / 18]    HINT : AMS_RESUME_TAIL    list :
06-23 17:47:40.991  4769  4844 I HYPER-HAL: [ResourceManager.cpp]updateResource(): [CPUMinFreq] UpdateResource Request ID : 13491433    Value : 1456000
06-23 17:47:40.991  4769  4844 I HYPER-HAL: [RequestManager.cpp]acquire(): Acquired ID : 13496629  [5176 / 19]    HINT :      list :
06-23 17:47:40.991  4769  4844 E HYPER-HAL: [Request.cpp]acquire(): Request:: id : 13496629, No Resource to set
06-23 17:47:40.991  4769  4844 I HYPER-HAL: [ResourceManager.cpp]removeResource(): [CPUMinFreq] RemoveResource Request ID : 13481044
06-23 17:47:40.991  4769  4844 I HYPER-HAL: [RequestManager.cpp]releaseLocked(): Released ID : 13481044
06-23 17:47:41.000  4218  4218 I SurfaceControl: nativeRelease nativeObject s[497833946304]
06-23 17:47:41.000  4218  4218 I SurfaceControl: nativeRelease nativeObject e[497833946304]
06-23 17:47:41.000  4218  4218 I SurfaceControl: nativeRelease nativeObject s[499533424992]
06-23 17:47:41.000  4218  4218 I SurfaceControl: nativeRelease nativeObject e[499533424992]
06-23 17:47:41.000  4218  4218 I SurfaceControl: nativeRelease nativeObject s[499533424896]
06-23 17:47:41.000  4218  4218 I SurfaceControl: nativeRelease nativeObject e[499533424896]
06-23 17:47:41.001  4811  5230 I SurfaceFlinger: id=31511 Removed Surface(name=31a4e78 NavigationBar0)/@0x2b9a7fb - animation-leash#0 (156)
06-23 17:47:41.001  4811  6436 I SurfaceFlinger: id=31510 Removed Surface(name=3833be5 StatusBar)/@0xff1ccfc - animation-leash#0 (156)
06-23 17:47:41.002  5176  7842 I InputDispatcher: Focus entered window (4218): a948ab6 in display 0 0
06-23 17:47:41.006  4811  4811 D SurfaceFlinger: Display 0 HWC layers:
06-23 17:47:41.006  4811  4811 D SurfaceFlinger:      DEVICE | 0x6f91c168c0 | 0002 | RGBA_8888    |    0.0    0.0  720.0 1600.0 |    0    0  720 1600 | com.example.dogglers/androidx.test.c[...]ctivityInvoker$EmptyActivity$_4218#0
06-23 17:47:41.006  4811  4811 D SurfaceFlinger:      DEVICE | 0x70361bde80 | 0000 | RGBA_8888    |    0.0    0.0  111.0  137.0 |    0   68  111  205 | $_3609#1
06-23 17:47:41.006  4811  4811 D SurfaceFlinger:      DEVICE | 0x6f91c17a40 | 0000 | RGBA_8888    |    0.0    0.0  720.0 1600.0 |    0    0  720 1600 | Bubbles!$_5488#0
06-23 17:47:41.006  4811  4811 D SurfaceFlinger:      DEVICE | 0x6fb2241f80 | 0000 | RGBA_8888    |    0.0    0.0  720.0   68.0 |    0    0  720   68 | StatusBar$_5488#0
06-23 17:47:41.006  4811  4811 D SurfaceFlinger:      DEVICE | 0x6fb2242200 | 0000 | RGBA_8888    |    0.0    0.0  259.0   26.0 |  461 1574  720 1600 | SGestureOverlayWindow$_5878#0
06-23 17:47:41.006  4811  4811 D SurfaceFlinger:      DEVICE | 0x70361bed80 | 0000 | RGBA_8888    |    0.0    0.0  259.0   26.0 |  461 1574  720 1600 | SGestureOverlayWindow$_5878#1
06-23 17:47:41.006  4811  4811 D SurfaceFlinger:      DEVICE | 0x6f91c16dc0 | 0000 | RGBA_8888    |    0.0    0.0  105.0  105.0 |    0   68  105  173 | cornertabUI$_11263#0
06-23 17:47:41.006  4811  4811 D SurfaceFlinger:      DEVICE | 0x6fb2240a40 | 0000 | RGBA_8888    |    0.0    0.0  720.0   84.
06-23 17:47:41.006  4811  4811 D SurfaceFlinger: 0 |    0 1516  720 1600 | NavigationBar0$_5488#0
06-23 17:47:41.006  4811  4811 D SurfaceFlinger:
06-23 17:47:41.008  4218  4218 I ViewRootImpl@c5ee767[HorizontalListActivity]: stopped(true) old=false
06-23 17:47:41.009  4218  4218 I SurfaceControl: nativeRelease nativeObject s[499455600640]
06-23 17:47:41.009  4218  4218 I SurfaceControl: nativeRelease nativeObject e[499455600640]
06-23 17:47:41.010  4218  4218 D LifecycleMonitor: Lifecycle status change: com.example.dogglers.HorizontalListActivity@1775c08 in: STOPPED
06-23 17:47:41.011  4218  4218 V ActivityScenario: Update currentActivityStage to STOPPED, currentActivity=com.example.dogglers.HorizontalListActivity@1775c08
06-23 17:47:41.012  5176  7832 I SemDvfsHyPerManager: acquire hyper - AMS_ACT_START/5176@16, type = -999
06-23 17:47:41.012  4769  4844 I HYPER-HAL: [RequestManager.cpp]acquire(): Acquired ID : 13481044  [5176 / 16]    HINT : AMS_ACT_START    list :
06-23 17:47:41.012  4769  4844 I HYPER-HAL: [ResourceManager.cpp]updateResource(): [CPUMinFreq] UpdateResource Request ID : 13481044    Value : 2002000
06-23 17:47:41.013  4811  6436 I SurfaceFlinger: id=31519 createSurf (0x0),-1 flag=80004, ActivityRecord{b2f86bc u0 com.example.dogglers/androidx.test.core.app.InstrumentationActivityInvoker$EmptyActivity t5121}#0
06-23 17:47:41.016  4218  4218 D LifecycleMonitor: Lifecycle status change: com.example.dogglers.HorizontalListActivity@1775c08 in: DESTROYED
06-23 17:47:41.016  4218  4218 V ActivityScenario: Update currentActivityStage to DESTROYED, currentActivity=null
06-23 17:47:41.017  4811  4811 I Layer   : id=31511[1] Destroyed Surface(name=31a4e78 NavigationBar0)/@0x2b9a7fb - animation-leash#0
06-23 17:47:41.017  4811  4811 I Layer   : id=31510[1] Destroyed Surface(name=3833be5 StatusBar)/@0xff1ccfc - animation-leash#0
06-23 17:47:41.024  4811  6436 E BufferQueueProducer: [com.example.dogglers/com.example.dogglers.HorizontalListActivity$_4218#0](id:12cb00001516,api:0,p:-1,c:4811) disconnect: not connected (req=1)
06-23 17:47:41.024  4218  4273 W libEGL  : EGLNativeWindowType 0x7449e5c010 disconnect failed
06-23 17:47:41.024  4218  4218 I ViewRootImpl@c5ee767[HorizontalListActivity]: dispatchDetachedFromWindow
06-23 17:47:41.027  5176  7832 D InputTransport: Input channel destroyed: '42d31df', fd=920
06-23 17:47:41.028  5176  7832 I SurfaceControl: nativeRelease nativeObject s[499419870624]
06-23 17:47:41.028  5176  7832 I SurfaceControl: nativeRelease nativeObject e[499419870624]
06-23 17:47:41.028  5176  7832 D WindowManager: isScreenshotDisabledLocked - win: Window{42d31df u0 com.example.dogglers/com.example.dogglers.HorizontalListActivity}
06-23 17:47:41.028  5176  7832 D WindowManager: isScreenshotDisabledLocked: userId = 0, disabled =false
06-23 17:47:41.028  5176  7832 I SurfaceControl: nativeRelease nativeObject s[497401916640]
06-23 17:47:41.028  5176  7832 I SurfaceControl: nativeRelease nativeObject e[497401916640]
06-23 17:47:41.028  4811  6436 I SurfaceFlinger: id=31520 createSurf (0x0),-1 flag=24004, Surface(name=a01af46 InputMethod)/@0x1dd2b1b - animation-leash#0
06-23 17:47:41.029  5176  7832 I SurfaceControl: nativeRelease nativeObject s[497278271520]
06-23 17:47:41.029  5176  7832 I SurfaceControl: nativeRelease nativeObject e[497278271520]
06-23 17:47:41.030  4811  5230 I Layer   : id=31509 removeFromCurrentState com.example.dogglers/com.example.dogglers.HorizontalListActivity$_4218#0 (156)
06-23 17:47:41.030  4811  5230 I SurfaceFlinger: id=31509 Removed com.example.dogglers/com.example.dogglers.HorizontalListActivity$_4218#0 (156)
06-23 17:47:41.033  4811  5230 I Layer   : id=31508 removeFromCurrentState 42d31df com.example.dogglers/com.example.dogglers.HorizontalListActivity#0 (156)
06-23 17:47:41.033  4811  5230 I Layer   : id=31513 removeFromCurrentState Surface(name=a01af46 InputMethod)/@0x1dd2b1b - animation-leash#1 (156)
06-23 17:47:41.034  4811  4811 I Layer   : id=31509[1] Destroyed com.example.dogglers/com.example.dogglers.HorizontalListActivity$_4218#0
06-23 17:47:41.034  4811  5230 I SurfaceFlinger: id=31508 Removed 42d31df com.example.dogglers/com.example.dogglers.HorizontalListActivity#0 (155)
06-23 17:47:41.035  4218  4218 D InputTransport: Input channel destroyed: '42d31df', fd=84
06-23 17:47:41.035  5488  5488 D Bubbles : collapse stack cause : onTaskMovedToFront
06-23 17:47:41.036  5488  5488 D Bubbles : setExpanded: false
06-23 17:47:41.036  5488  5488 D Bubbles : setExpandedInternal: shouldExpand=false
06-23 17:47:41.040  5176  7842 I SurfaceControl: nativeRelease nativeObject s[497401913184]
06-23 17:47:41.040  5176  7842 I SurfaceControl: nativeRelease nativeObject e[497401913184]
06-23 17:47:41.043  5176  5392 I WifiService: getConnectionInfo uid=1000
06-23 17:47:41.047  4218  4218 D LifecycleMonitor: Lifecycle status change: androidx.test.core.app.InstrumentationActivityInvoker$EmptyActivity@2d1de1a in: PAUSED
06-23 17:47:41.047  4218  4218 V ActivityScenario: Activity lifecycle changed event received but ignored because the intent does not match. startActivityIntent=Intent { act=android.intent.action.MAIN cat=[android.intent.category.LAUNCHER] cmp=com.example.dogglers/.HorizontalListActivity }, activity.getIntent()=Intent { act=android.intent.action.MAIN cat=[android.intent.category.LAUNCHER] flg=0x10000000 cmp=com.example.dogglers/androidx.test.core.app.InstrumentationActivityInvoker$EmptyActivity }, activity=androidx.test.core.app.InstrumentationActivityInvoker$EmptyActivity@2d1de1a
06-23 17:47:41.050  4811  4811 I Layer   : id=31508[1] Destroyed 42d31df com.example.dogglers/com.example.dogglers.HorizontalListActivity#0
06-23 17:47:41.050  5176  7832 V WindowOrientationListener: getProposedRotation: -1
06-23 17:47:41.051  5176  7832 V WindowOrientationListener: getProposedRotation: -1
06-23 17:47:41.052  5176  7832 V WindowOrientationListener: getProposedRotation: -1
06-23 17:47:41.054  5176  7832 D InputDispatcher: Focused application set to (0): b2f86bc
06-23 17:47:41.062  4811  6436 I Layer   : id=31507 removeFromCurrentState ActivityRecord{956fcc9 u0 com.example.dogglers/.HorizontalListActivity t5121}#0 (154)
06-23 17:47:41.064  4811  6436 I SurfaceFlinger: id=31507 Removed ActivityRecord{956fcc9 u0 com.example.dogglers/.HorizontalListActivity t5121}#0 (154)
06-23 17:47:41.064  4218  4218 I ViewRootImpl@c7dd327[InstrumentationActivityInvoker$EmptyActivity]: MSG_WINDOW_FOCUS_CHANGED 1 1
06-23 17:47:41.065  4218  4218 D InputMethodManager: prepareNavigationBarInfo() DecorView@bffd328[InstrumentationActivityInvoker$EmptyActivity]
06-23 17:47:41.065  4218  4218 D InputMethodManager: getNavigationBarColor() -16711423
06-23 17:47:41.066  4218  4218 D InputMethodManager: prepareNavigationBarInfo() DecorView@bffd328[InstrumentationActivityInvoker$EmptyActivity]
06-23 17:47:41.066  4218  4218 D InputMethodManager: getNavigationBarColor() -16711423
06-23 17:47:41.066  4218  4218 V InputMethodManager: Starting input: tba=com.example.dogglers ic=null mNaviBarColor -16711423 mIsGetNaviBarColorSuccess true , NavVisible : true , NavTrans : false
06-23 17:47:41.066  4218  4218 D InputMethodManager: startInputInner - Id : 0
06-23 17:47:41.066  4218  4218 I InputMethodManager: startInputInner - mService.startInputOrWindowGainedFocus
06-23 17:47:41.067  4811  4811 I Layer   : id=31507[1] Destroyed ActivityRecord{956fcc9 u0 com.example.dogglers/.HorizontalListActivity t5121}#0
06-23 17:47:41.067  5176  7832 D InputMethodManagerService: mSecureKeypadEnabled = false
06-23 17:47:41.068  5176  7832 V InputMethodManagerService: hideCurrentInputLocked : shouldHideSoftInput is false
06-23 17:47:41.068  5176  7832 D InputMethodManagerService: mDesktopModeManager null!
06-23 17:47:41.068  5176  7832 V InputMethodManagerService: getDisplayIdOfInputMethodWindowToBeAdded : 0
06-23 17:47:41.068  5176  7832 D InputMethodManagerService: checkDisplayOfStartInputAndUpdateKeyboard display Id 0last 0
06-23 17:47:41.069  5176  7832 D InputTransport: Input channel constructed: 'ClientS', fd=912
06-23 17:47:41.069  5176  7832 D InputTransport: Input channel destroyed: 'ClientS', fd=912
06-23 17:47:41.069  4218  4218 D InputTransport: Input channel constructed: 'ClientS', fd=84
06-23 17:47:41.069  4218  4218 D InputTransport: Input channel destroyed: 'ClientS', fd=88
06-23 17:47:41.071  5176  7842 I SurfaceControl: nativeRelease nativeObject s[497401915296]
06-23 17:47:41.071  5176  7842 I SurfaceControl: nativeRelease nativeObject e[497401915296]
06-23 17:47:41.073  4811  6436 I SurfaceFlinger: id=31521 createSurf (0x0),-1 flag=24004, Surface(name=a01af46 InputMethod)/@0x1dd2b1b - animation-leash#1
06-23 17:47:41.074  7990  7990 I HBD     : HoneyBoardService onFinishInput
06-23 17:47:41.074  7990  7990 I HBD     : a IC have been unbinded,  InputConnectionWrapper{idHash=#337ed13 mMissingMethods=}
06-23 17:47:41.075  7990  7990 I HBD     : HoneyBoardService [PF_CL][onFinishInput]  211231 ns
06-23 17:47:41.075  7990  7990 I HBD     : HoneyBoardService [IMI] onStartInput - caller pid : 4218 , caller uid : 10622
06-23 17:47:41.075  7990  7990 I HBD     : i updateConfigs
06-23 17:47:41.075  7990  7990 I HBD     : i isEnabledNightMode : true
06-23 17:47:41.075  7990  7990 I HBD     : a IC have been binded, InputConnectionWrapper{idHash=#337ed13 mMissingMethods=}
06-23 17:47:41.075  7990  7990 I HBD     : h [EditorInputType]setPrivateImeOptionsToTable privateImeOptions ( null )
06-23 17:47:41.075  7990  7990 I HBD     : b incognitoMode : false
06-23 17:47:41.075  7990  7990 I HBD     : a needOff = true , isForceOff = false, isNullInputClass : true
06-23 17:47:41.075  7990  7990 I HBD     : h getDefaultInputRange : UNKNOWN
06-23 17:47:41.075  7990  7990 I HBD     : h getDefaultInputRange : UNKNOWN
06-23 17:47:41.075  7990  7990 I HBD     : h getDefaultInputRange : UNKNOWN
06-23 17:47:41.075  4218  4218 D LifecycleMonitor: Lifecycle status change: androidx.test.core.app.InstrumentationActivityInvoker$BootstrapActivity@91e7831 in: DESTROYED
06-23 17:47:41.075  5176  8501 D SdpManagerService: Not an enterprise user : 0
06-23 17:47:41.076  5176  8501 D SdpManagerService: Not an enterprise user : 0
06-23 17:47:41.076  4218  4218 V ActivityScenario: Activity lifecycle changed event received but ignored because the intent does not match. startActivityIntent=Intent { act=android.intent.action.MAIN cat=[android.intent.category.LAUNCHER] cmp=com.example.dogglers/.HorizontalListActivity }, activity.getIntent()=Intent { act=android.intent.action.MAIN cat=[android.intent.category.LAUNCHER] flg=0x10008000 cmp=com.example.dogglers/androidx.test.core.app.InstrumentationActivityInvoker$BootstrapActivity (has extras) }, activity=androidx.test.core.app.InstrumentationActivityInvoker$BootstrapActivity@91e7831
06-23 17:47:41.076  7990  7990 I HBD     : h getDefaultInputRange : UNKNOWN
06-23 17:47:41.076  7990  7990 I HBD     : a currentState : 0
06-23 17:47:41.077  7990  7990 I HBD     : h load selected json info : {"version":"1.0","currentLanguageOrder":0,"selected":[{"activeOptionList":["auto_replace","auto_spacing"],"engName":"Vietnamese","id":4390912,"inputType":"vietnamese_telex","isUsed":true},{"activeOptionList":["auto_replace","auto_spacing"],"engName":"English","id":65537,"inputType":"qwerty","isUsed":true}]}
06-23 17:47:41.077  5176  8501 I SurfaceControl: nativeRelease nativeObject s[497277291520]
06-23 17:47:41.077  5176  8501 I SurfaceControl: nativeRelease nativeObject e[497277291520]
06-23 17:47:41.078  7990  7990 I HBD     : a [UpdatePolicy] [post] a: 0 cl: 4390912 kit: [0/0] vt: 0 ir: 1
06-23 17:47:41.078  7990  7990 I HBD     : HoneyBoardService [PF_OP][onStartInput]  3744154 ns
06-23 17:47:41.083  4811  6436 I Layer   : id=31520 removeFromCurrentState Surface(name=a01af46 InputMethod)/@0x1dd2b1b - animation-leash#0 (154)
06-23 17:47:41.083  4811  6436 I Layer   : id=31500 removeFromCurrentState ActivityRecord{4746217 u0 com.example.dogglers/androidx.test.core.app.InstrumentationActivityInvoker$BootstrapActivity t5121}#0 (154)
06-23 17:47:41.083  4811  6436 I SurfaceFlinger: id=31500 Removed ActivityRecord{4746217 u0 com.example.dogglers/androidx.test.core.app.InstrumentationActivityInvoker$BootstrapActivity t5121}#0 (154)
06-23 17:47:41.084  4811  4811 I Layer   : id=31500[1] Destroyed ActivityRecord{4746217 u0 com.example.dogglers/androidx.test.core.app.InstrumentationActivityInvoker$BootstrapActivity t5121}#0
06-23 17:47:41.086  5176  7842 I InputDispatcher: Focus left window (4218): a948ab6 in display 0 0
06-23 17:47:41.089  4218  4218 D LifecycleMonitor: Lifecycle status change: androidx.test.core.app.InstrumentationActivityInvoker$EmptyActivity@cab27be in: PRE_ON_CREATE
06-23 17:47:41.090  4218  4218 V ActivityScenario: Activity lifecycle changed event received but ignored because the intent does not match. startActivityIntent=Intent { act=android.intent.action.MAIN cat=[android.intent.category.LAUNCHER] cmp=com.example.dogglers/.HorizontalListActivity }, activity.getIntent()=Intent { act=android.intent.action.MAIN cat=[android.intent.category.LAUNCHER] flg=0x10000000 cmp=com.example.dogglers/androidx.test.core.app.InstrumentationActivityInvoker$EmptyActivity }, activity=androidx.test.core.app.InstrumentationActivityInvoker$EmptyActivity@cab27be
06-23 17:47:41.103  5176  5342 D WifiClientModeImpl: fetchRssiLinkSpeedAndFrequencyNative rssi=-71 TxLinkspeed=5 freq=2452 RxLinkSpeed=5
06-23 17:47:41.103  5176  5342 V WifiConfigManager: Updating scan detail cache freq=2452 BSSID=48:00:33:fb:3a:bf RSSI=-71 for "MINA"WPA_PSK
06-23 17:47:41.104  5176  5342 D WifiDataStall:  ccaLevel = 80
06-23 17:47:41.106  4218  4218 I DecorView: [INFO] isPopOver=false, config=true
06-23 17:47:41.106  4218  4218 I DecorView: updateCaptionType >> DecorView@e33af6c[], isFloating=false, isApplication=true, hasWindowDecorCaption=false, hasWindowControllerCallback=true
06-23 17:47:41.106  4218  4218 D DecorView: setCaptionType = 0, this = DecorView@e33af6c[]
06-23 17:47:41.106  5176  5342 D WifiDataStall: L2 txTputKbps: 2131, rxTputKbps: 3437, L3 txTputKbps: 1201, rxTputKbps: 1207, TxTrafficHigh: true, RxTrafficHigh: true, Throughput Sufficient: true
06-23 17:47:41.107  5176  5342 D WifiScoreCard: BSSID update SIGNAL_POLL ID: 603350798 SSID: MINA, BSSID: 48:00:33:fb:3a:bf, MAC: ba:d1:57:6d:94:6a, Supplicant state: COMPLETED, Wi-Fi standard: 4, RSSI: -71, Link speed: 5Mbps, Tx Link speed: 5Mbps, Max Supported Tx Link speed: 72Mbps, Rx Link speed: 5Mbps, Max Supported Rx Link speed: 72Mbps, Frequency: 2452MHz, Net ID: 89, Metered hint: false, score: 60
06-23 17:47:41.107  5176  5342 D WifiScoreCard: txRate: 75 txSpeed: 5
06-23 17:47:41.107  5176  5342 D WifiScoreCard: network update SIGNAL_POLL "MINA" ID: 562357513 RSSI -71 txSpeed 5
06-23 17:47:41.107  5176  5342 D WifiScoreCard: SSID: "MINA"
06-23 17:47:41.107  5176  5342 D WifiScoreCard:  LastRssiPollTime: 348423366 LastRssiPoll: -71 LastTxSpeedPoll: 5
06-23 17:47:41.107  5176  5342 D WifiScoreCard:  StatsRecent:  ConnectAttempt: 4 ConnectFailure: 0 ConnectDurSec: 5324792 AssocRej: 0 AssocTimeout: 0 AuthFailure: 0 ShortDiscNonlocal: 0 DisconnectNonlocal: 0 Disconnect: 261 ConsecutiveConnectFailure: 0
06-23 17:47:41.107  5176  5342 D WifiScoreCard:  StatsCurr:  ConnectAttempt: 15 ConnectFailure: 0 ConnectDurSec: 949528 AssocRej: 0 AssocTimeout: 0 AuthFailure: 0 ShortDiscNonlocal: 0 DisconnectNonlocal: 0 Disconnect: 241 ConsecutiveConnectFailure: 0
06-23 17:47:41.107  5176  5342 D WifiScoreCard:  StatsPrev:  ConnectAttempt: 0 ConnectFailure: 0 ConnectDurSec: 0 AssocRej: 0 AssocTimeout: 0 AuthFailure: 0 ShortDiscNonlocal: 0 DisconnectNonlocal: 0 Disconnect: 0 ConsecutiveConnectFailure: 0
06-23 17:47:41.109  5176  5342 D WifiClientModeImpl:  L2ConnectedState screen=on 211 0 "MINA" 48:00:33:fb:3a:bf rssi=-71 f=2452 sc=60 link=5 tx=44,6, 30,0, 0,0  rx=91,1 bcn=82088 [on:2362 tx:639 rx:692 period:3007] from screen [on:3662327 period:9370915] score=60
06-23 17:47:41.116  4218  4218 D LifecycleMonitor: Lifecycle status change: androidx.test.core.app.InstrumentationActivityInvoker$EmptyActivity@cab27be in: CREATED
06-23 17:47:41.117  4218  4218 V ActivityScenario: Activity lifecycle changed event received but ignored because the intent does not match. startActivityIntent=Intent { act=android.intent.action.MAIN cat=[android.intent.category.LAUNCHER] cmp=com.example.dogglers/.HorizontalListActivity }, activity.getIntent()=Intent { act=android.intent.action.MAIN cat=[android.intent.category.LAUNCHER] flg=0x10000000 cmp=com.example.dogglers/androidx.test.core.app.InstrumentationActivityInvoker$EmptyActivity }, activity=androidx.test.core.app.InstrumentationActivityInvoker$EmptyActivity@cab27be
06-23 17:47:41.122  4218  4218 D LifecycleMonitor: Lifecycle status change: androidx.test.core.app.InstrumentationActivityInvoker$EmptyActivity@cab27be in: STARTED
06-23 17:47:41.123  4218  4218 V ActivityScenario: Activity lifecycle changed event received but ignored because the intent does not match. startActivityIntent=Intent { act=android.intent.action.MAIN cat=[android.intent.category.LAUNCHER] cmp=com.example.dogglers/.HorizontalListActivity }, activity.getIntent()=Intent { act=android.intent.action.MAIN cat=[android.intent.category.LAUNCHER] flg=0x10000000 cmp=com.example.dogglers/androidx.test.core.app.InstrumentationActivityInvoker$EmptyActivity }, activity=androidx.test.core.app.InstrumentationActivityInvoker$EmptyActivity@cab27be
06-23 17:47:41.126  4218  4218 D LifecycleMonitor: Lifecycle status change: androidx.test.core.app.InstrumentationActivityInvoker$EmptyActivity@cab27be in: RESUMED
06-23 17:47:41.128  4218  4218 V ActivityScenario: Activity lifecycle changed event received but ignored because the intent does not match. startActivityIntent=Intent { act=android.intent.action.MAIN cat=[android.intent.category.LAUNCHER] cmp=com.example.dogglers/.HorizontalListActivity }, activity.getIntent()=Intent { act=android.intent.action.MAIN cat=[android.intent.category.LAUNCHER] flg=0x10000000 cmp=com.example.dogglers/androidx.test.core.app.InstrumentationActivityInvoker$EmptyActivity }, activity=androidx.test.core.app.InstrumentationActivityInvoker$EmptyActivity@cab27be
06-23 17:47:41.135  5176  8501 D InputTransport: Input channel constructed: 'd7559f ', fd=912
06-23 17:47:41.135  5176  8501 D InputTransport: Input channel constructed: 'd7559f ', fd=918
06-23 17:47:41.135  4811  5230 I SurfaceFlinger: id=31522 createSurf (0x0),-1 flag=80004, d7559f com.example.dogglers/androidx.test.core.app.InstrumentationActivityInvoker$EmptyActivity#0
06-23 17:47:41.136  5176  8501 D WindowManager: isScreenshotDisabledLocked - win: Window{d7559f u0 com.example.dogglers/androidx.test.core.app.InstrumentationActivityInvoker$EmptyActivity}
06-23 17:47:41.136  5176  8501 D WindowManager: isScreenshotDisabledLocked: userId = 0, disabled =false
06-23 17:47:41.137  5176  8501 D InputTransport: Input channel destroyed: 'd7559f ', fd=918
06-23 17:47:41.137  4218  4218 D InputTransport: Input channel constructed: 'd7559f ', fd=88
06-23 17:47:41.140  4218  4218 I ViewRootImpl@e1e7f3b[InstrumentationActivityInvoker$EmptyActivity]: setView = com.android.internal.policy.DecorView@e33af6c TM=true
06-23 17:47:41.143  5176  8501 D SamsungIMMSHWKeyboard: isConnectedDexOnPC false
06-23 17:47:41.144  5176  8501 D InputMethodManagerService: isImeSwitcherDisabledPackage : false
06-23 17:47:41.144  4218  4218 I SurfaceControl: nativeRelease nativeObject s[497833946688]
06-23 17:47:41.144  4218  4218 I SurfaceControl: nativeRelease nativeObject e[497833946688]
06-23 17:47:41.144  4218  4218 I SurfaceControl: nativeRelease nativeObject s[497833946400]
06-23 17:47:41.144  4218  4218 I SurfaceControl: nativeRelease nativeObject e[497833946400]
06-23 17:47:41.159  5176  7842 V WindowManager: Relayout Window{d7559f u0 com.example.dogglers/androidx.test.core.app.InstrumentationActivityInvoker$EmptyActivity}: viewVisibility=0 req=720x1600
06-23 17:47:41.164  5176  7842 D WindowManager: isScreenshotDisabledLocked - win: Window{d7559f u0 com.example.dogglers/androidx.test.core.app.InstrumentationActivityInvoker$EmptyActivity}
06-23 17:47:41.164  5176  7842 D WindowManager: isScreenshotDisabledLocked: userId = 0, disabled =false
06-23 17:47:41.165  4811  5230 I SurfaceFlinger: id=31523 createSurf (720x1600),1 flag=404, com.example.dogglers/androidx.test.core.app.InstrumentationActivityInvoker$EmptyActivity$_4218#1
06-23 17:47:41.168  5176  7842 I SurfaceControl: nativeRelease nativeObject s[497278271904]
06-23 17:47:41.168  5176  7842 I SurfaceControl: nativeRelease nativeObject e[497278271904]
06-23 17:47:41.169  4811  5230 I SurfaceFlinger: id=31524 createSurf (0x0),-1 flag=24000, Surface(name=3833be5 StatusBar)/@0xff1ccfc - animation-leash#0
06-23 17:47:41.170  5176  7842 I SurfaceControl: nativeRelease nativeObject s[497278276032]
06-23 17:47:41.170  5176  7842 I SurfaceControl: nativeRelease nativeObject e[497278276032]
06-23 17:47:41.170  4811  5230 I SurfaceFlinger: id=31525 createSurf (0x0),-1 flag=24000, Surface(name=31a4e78 NavigationBar0)/@0x2b9a7fb - animation-leash#0
06-23 17:47:41.173  5176  7842 V WindowManager: Relayout hash=d7559f, pid=4218: mAttrs={(0,0)(fillxfill) sim={adjust=pan forwardNavigation} ty=BASE_APPLICATION wanim=0x1030001
06-23 17:47:41.173  5176  7842 V WindowManager:   fl=1810100
06-23 17:47:41.173  5176  7842 V WindowManager:   pfl=12020000
06-23 17:47:41.173  5176  7842 V WindowManager:   fitSides= naviIconColor=0}
06-23 17:47:41.173  5176  7842 I SurfaceControl: nativeRelease nativeObject s[497401915296]
06-23 17:47:41.173  5176  7842 I SurfaceControl: nativeRelease nativeObject e[497401915296]
06-23 17:47:41.175  4811  5230 I Layer   : id=31517 removeFromCurrentState Surface(name=3833be5 StatusBar)/@0xff1ccfc - animation-leash#1 (157)
06-23 17:47:41.175  4811  5230 I Layer   : id=31518 removeFromCurrentState Surface(name=31a4e78 NavigationBar0)/@0x2b9a7fb - animation-leash#1 (157)
06-23 17:47:41.177  4218  4218 I SurfaceControl: assignNativeObject: nativeObject = 0 Surface(name=null)/@0x625658 / android.view.SurfaceControl.readFromParcel:1117 android.view.IWindowSession$Stub$Proxy.relayout:1820 android.view.ViewRootImpl.relayoutWindow:9005 android.view.ViewRootImpl.performTraversals:3360 android.view.ViewRootImpl.doTraversal:2618 android.view.ViewRootImpl$TraversalRunnable.run:9971 android.view.Choreographer$CallbackRecord.run:1010 android.view.Choreographer.doCallbacks:809 android.view.Choreographer.doFrame:744 android.view.Choreographer$FrameDisplayEventReceiver.run:995
06-23 17:47:41.179  4218  4218 I ViewRootImpl@e1e7f3b[InstrumentationActivityInvoker$EmptyActivity]: Relayout returned: old=(0,0,720,1600) new=(0,0,720,1600) req=(720,1600)0 dur=19 res=0x7 s={true 499549081600} ch=true fn=-1
06-23 17:47:41.183  4752 28121 D gralloc : [mali_gralloc_allocate] begin
06-23 17:47:41.183  4752 28121 D gralloc : buffer_descriptor: wh(720 1600) usage_pc(0x40000000000b00 0x40000000000b00) hal_format(0x1) layer_count(1) sizes(0 0 0) strde(0) byte_stride(0) alloc_wh(0 0) internal_format(0x0) alloc_format(0x0) fd_count(1) plane_count(0)
06-23 17:47:41.184  4752 28121 D gralloc : [mali_gralloc_allocate] allocation successful
06-23 17:47:41.185  4752 28121 D gralloc : [mali_gralloc_allocate] begin
06-23 17:47:41.185  4752 28121 D gralloc : buffer_descriptor: wh(720 1600) usage_pc(0x40000000000b00 0x40000000000b00) hal_format(0x1) layer_count(1) sizes(0 0 0) strde(0) byte_stride(0) alloc_wh(0 0) internal_format(0x0) alloc_format(0x0) fd_count(1) plane_count(0)
06-23 17:47:41.186  4752 28121 D gralloc : [mali_gralloc_allocate] allocation successful
06-23 17:47:41.186  4752  4951 D gralloc : [mali_gralloc_allocate] begin
06-23 17:47:41.186  4752  4951 D gralloc : buffer_descriptor: wh(720 1600) usage_pc(0x40000000000b00 0x40000000000b00) hal_format(0x1) layer_count(1) sizes(0 0 0) strde(0) byte_stride(0) alloc_wh(0 0) internal_format(0x0) alloc_format(0x0) fd_count(1) plane_count(0)
06-23 17:47:41.188  4752  4951 D gralloc : [mali_gralloc_allocate] allocation successful
06-23 17:47:41.194  4218  4218 I ViewRootImpl@c7dd327[InstrumentationActivityInvoker$EmptyActivity]: MSG_WINDOW_FOCUS_CHANGED 0 1
06-23 17:47:41.199  5176  5198 D PkgPredictorService: pkg:com.example.dogglers activity:androidx.test.core.app.InstrumentationActivityInvoker$EmptyActivity thisTime:189
06-23 17:47:41.202  5176  5202 I ActivityTaskManager: Displayed com.example.dogglers/androidx.test.core.app.InstrumentationActivityInvoker$EmptyActivity: +189ms
06-23 17:47:41.202  5176  5198 I SemDvfsHyPerManager: acquire hyper - AMS_RESUME_TAIL/5176@18, type = -999
06-23 17:47:41.202  5176  5198 I SemDvfsHyPerManager: acquire hyper - AMS_ACT_LAZY/5176@19, type = -999
06-23 17:47:41.202  4769  4844 I HYPER-HAL: [RequestManager.cpp]acquire(): Acquired ID : 13491433  [5176 / 18]    HINT : AMS_RESUME_TAIL    list :
06-23 17:47:41.202  4769  4844 I HYPER-HAL: [ResourceManager.cpp]updateResource(): [CPUMinFreq] UpdateResource Request ID : 13491433    Value : 1456000
06-23 17:47:41.202  4769  4844 I HYPER-HAL: [RequestManager.cpp]acquire(): Acquired ID : 13496629  [5176 / 19]    HINT :      list :
06-23 17:47:41.202  6542  6542 E pageboostd: Received HALT command code 2
06-23 17:47:41.203  4769  4844 E HYPER-HAL: [Request.cpp]acquire(): Request:: id : 13496629, No Resource to set
06-23 17:47:41.203  4769  4844 I HYPER-HAL: [ResourceManager.cpp]removeResource(): [CPUMinFreq] RemoveResource Request ID : 13481044
06-23 17:47:41.203  4769  4844 I HYPER-HAL: [RequestManager.cpp]releaseLocked(): Released ID : 13481044
06-23 17:47:41.209  4218  4218 I SurfaceControl: nativeRelease nativeObject s[502077226048]
06-23 17:47:41.209  4218  4218 I SurfaceControl: nativeRelease nativeObject e[502077226048]
06-23 17:47:41.210  4218  4218 I SurfaceControl: nativeRelease nativeObject s[502077225952]
06-23 17:47:41.210  4218  4218 I SurfaceControl: nativeRelease nativeObject e[502077225952]
06-23 17:47:41.210  4811  6436 I SurfaceFlinger: id=31518 Removed Surface(name=31a4e78 NavigationBar0)/@0x2b9a7fb - animation-leash#1 (157)
06-23 17:47:41.210  4218  4218 I SurfaceControl: nativeRelease nativeObject s[502077222304]
06-23 17:47:41.210  4218  4218 I SurfaceControl: nativeRelease nativeObject e[502077222304]
06-23 17:47:41.210  4811  5230 I SurfaceFlinger: id=31517 Removed Surface(name=3833be5 StatusBar)/@0xff1ccfc - animation-leash#1 (157)
06-23 17:47:41.217  4811  4811 I Layer   : id=31517[1] Destroyed Surface(name=3833be5 StatusBar)/@0xff1ccfc - animation-leash#1
06-23 17:47:41.217  4811  4811 I Layer   : id=31518[1] Destroyed Surface(name=31a4e78 NavigationBar0)/@0x2b9a7fb - animation-leash#1
06-23 17:47:41.219  5176  5942 I InputDispatcher: Focus entered window (4218): d7559f  in display 0 0
06-23 17:47:41.223  4811  4811 D SurfaceFlinger: Display 0 HWC layers:
