06-23 17:47:45.600  4218  4218 I DecorView: updateCaptionType >> DecorView@1674ce[], isFloating=false, isApplication=true, hasWindowDecorCaption=false, hasWindowControllerCallback=true
06-23 17:47:45.600  4218  4218 D DecorView: setCaptionType = 0, this = DecorView@1674ce[]
06-23 17:47:45.608  4218  4218 D LifecycleMonitor: Lifecycle status change: androidx.test.core.app.InstrumentationActivityInvoker$EmptyActivity@1e81d0 in: CREATED
06-23 17:47:45.608  4218  4218 V ActivityScenario: Activity lifecycle changed event received but ignored because the intent does not match. startActivityIntent=Intent { act=android.intent.action.MAIN cat=[android.intent.category.LAUNCHER] cmp=com.example.dogglers/.HorizontalListActivity }, activity.getIntent()=Intent { act=android.intent.action.MAIN cat=[android.intent.category.LAUNCHER] flg=0x10000000 cmp=com.example.dogglers/androidx.test.core.app.InstrumentationActivityInvoker$EmptyActivity }, activity=androidx.test.core.app.InstrumentationActivityInvoker$EmptyActivity@1e81d0
06-23 17:47:45.611  4218  4218 D LifecycleMonitor: Lifecycle status change: androidx.test.core.app.InstrumentationActivityInvoker$EmptyActivity@1e81d0 in: STARTED
06-23 17:47:45.612  4218  4218 V ActivityScenario: Activity lifecycle changed event received but ignored because the intent does not match. startActivityIntent=Intent { act=android.intent.action.MAIN cat=[android.intent.category.LAUNCHER] cmp=com.example.dogglers/.HorizontalListActivity }, activity.getIntent()=Intent { act=android.intent.action.MAIN cat=[android.intent.category.LAUNCHER] flg=0x10000000 cmp=com.example.dogglers/androidx.test.core.app.InstrumentationActivityInvoker$EmptyActivity }, activity=androidx.test.core.app.InstrumentationActivityInvoker$EmptyActivity@1e81d0
06-23 17:47:45.615  4218  4218 D LifecycleMonitor: Lifecycle status change: androidx.test.core.app.InstrumentationActivityInvoker$EmptyActivity@1e81d0 in: RESUMED
06-23 17:47:45.616  4218  4218 V ActivityScenario: Activity lifecycle changed event received but ignored because the intent does not match. startActivityIntent=Intent { act=android.intent.action.MAIN cat=[android.intent.category.LAUNCHER] cmp=com.example.dogglers/.HorizontalListActivity }, activity.getIntent()=Intent { act=android.intent.action.MAIN cat=[android.intent.category.LAUNCHER] flg=0x10000000 cmp=com.example.dogglers/androidx.test.core.app.InstrumentationActivityInvoker$EmptyActivity }, activity=androidx.test.core.app.InstrumentationActivityInvoker$EmptyActivity@1e81d0
06-23 17:47:45.623  5176  7542 D InputTransport: Input channel constructed: 'd94c2a3', fd=666
06-23 17:47:45.623  5176  7542 D InputTransport: Input channel constructed: 'd94c2a3', fd=669
06-23 17:47:45.624  4811  5230 I SurfaceFlinger: id=31623 createSurf (0x0),-1 flag=80004, d94c2a3 com.example.dogglers/androidx.test.core.app.InstrumentationActivityInvoker$EmptyActivity#0
06-23 17:47:45.625  5176  7542 D WindowManager: isScreenshotDisabledLocked - win: Window{d94c2a3 u0 com.example.dogglers/androidx.test.core.app.InstrumentationActivityInvoker$EmptyActivity}
06-23 17:47:45.625  5176  7542 D WindowManager: isScreenshotDisabledLocked: userId = 0, disabled =false
06-23 17:47:45.625  5176  7542 D InputTransport: Input channel destroyed: 'd94c2a3', fd=669
06-23 17:47:45.626  4218  4218 D InputTransport: Input channel constructed: 'd94c2a3', fd=93
06-23 17:47:45.628  4218  4218 I ViewRootImpl@d420585[InstrumentationActivityInvoker$EmptyActivity]: setView = com.android.internal.policy.DecorView@1674ce TM=true
06-23 17:47:45.647  5176  7542 V WindowManager: Relayout Window{d94c2a3 u0 com.example.dogglers/androidx.test.core.app.InstrumentationActivityInvoker$EmptyActivity}: viewVisibility=0 req=720x1600
06-23 17:47:45.651  5176  7542 D WindowManager: isScreenshotDisabledLocked - win: Window{d94c2a3 u0 com.example.dogglers/androidx.test.core.app.InstrumentationActivityInvoker$EmptyActivity}
06-23 17:47:45.651  5176  7542 D WindowManager: isScreenshotDisabledLocked: userId = 0, disabled =false
06-23 17:47:45.651  4811  5230 I SurfaceFlinger: id=31624 createSurf (720x1600),1 flag=404, com.example.dogglers/androidx.test.core.app.InstrumentationActivityInvoker$EmptyActivity$_4218#0
06-23 17:47:45.654  5176  7542 I SurfaceControl: nativeRelease nativeObject s[497401917408]
06-23 17:47:45.654  5176  7542 I SurfaceControl: nativeRelease nativeObject e[497401917408]
06-23 17:47:45.656  4811  5230 I SurfaceFlinger: id=31625 createSurf (0x0),-1 flag=24000, Surface(name=3833be5 StatusBar)/@0xff1ccfc - animation-leash#0
06-23 17:47:45.657  5176  7542 I SurfaceControl: nativeRelease nativeObject s[497401917504]
06-23 17:47:45.657  5176  7542 I SurfaceControl: nativeRelease nativeObject e[497401917504]
06-23 17:47:45.657  4811  5230 I SurfaceFlinger: id=31626 createSurf (0x0),-1 flag=24000, Surface(name=31a4e78 NavigationBar0)/@0x2b9a7fb - animation-leash#0
06-23 17:47:45.660  5176  7542 V WindowManager: Relayout hash=d94c2a3, pid=4218: mAttrs={(0,0)(fillxfill) sim={adjust=pan forwardNavigation} ty=BASE_APPLICATION wanim=0x1030001
06-23 17:47:45.660  5176  7542 V WindowManager:   fl=1810100
06-23 17:47:45.660  5176  7542 V WindowManager:   pfl=12020000
06-23 17:47:45.660  5176  7542 V WindowManager:   fitSides= naviIconColor=0}
06-23 17:47:45.660  5176  7542 I SurfaceControl: nativeRelease nativeObject s[497401912704]
06-23 17:47:45.660  5176  7542 I SurfaceControl: nativeRelease nativeObject e[497401912704]
06-23 17:47:45.663  4218  4218 I SurfaceControl: assignNativeObject: nativeObject = 0 Surface(name=null)/@0xca90fda / android.view.SurfaceControl.readFromParcel:1117 android.view.IWindowSession$Stub$Proxy.relayout:1820 android.view.ViewRootImpl.relayoutWindow:9005 android.view.ViewRootImpl.performTraversals:3360 android.view.ViewRootImpl.doTraversal:2618 android.view.ViewRootImpl$TraversalRunnable.run:9971 android.view.Choreographer$CallbackRecord.run:1010 android.view.Choreographer.doCallbacks:809 android.view.Choreographer.doFrame:744 android.view.Choreographer$FrameDisplayEventReceiver.run:995
06-23 17:47:45.663  4811  5230 I Layer   : id=31618 removeFromCurrentState Surface(name=3833be5 StatusBar)/@0xff1ccfc - animation-leash#1 (168)
06-23 17:47:45.663  4811  5230 I Layer   : id=32 removeFromCurrentState 3833be5 StatusBar#0 (168)
06-23 17:47:45.663  4811  5230 I Layer   : id=42 removeFromCurrentState StatusBar$_5488#0 (168)
06-23 17:47:45.663  4811  5230 I Layer   : id=32 addToCurrentState 3833be5 StatusBar#0 (168)
06-23 17:47:45.663  4811  5230 I Layer   : id=42 addToCurrentState StatusBar$_5488#0 (168)
06-23 17:47:45.663  4811  5230 I Layer   : id=31619 removeFromCurrentState Surface(name=31a4e78 NavigationBar0)/@0x2b9a7fb - animation-leash#1 (168)
06-23 17:47:45.664  4218  4218 I ViewRootImpl@d420585[InstrumentationActivityInvoker$EmptyActivity]: Relayout returned: old=(0,0,720,1600) new=(0,0,720,1600) req=(720,1600)0 dur=17 res=0x7 s={true 497955377152} ch=true fn=-1
06-23 17:47:45.667  4752  4951 D gralloc : [mali_gralloc_allocate] begin
06-23 17:47:45.667  4752  4951 D gralloc : buffer_descriptor: wh(720 1600) usage_pc(0x40000000000b00 0x40000000000b00) hal_format(0x1) layer_count(1) sizes(0 0 0) strde(0) byte_stride(0) alloc_wh(0 0) internal_format(0x0) alloc_format(0x0) fd_count(1) plane_count(0)
06-23 17:47:45.668  4752  4951 D gralloc : [mali_gralloc_allocate] allocation successful
06-23 17:47:45.669  4752  4951 D gralloc : [mali_gralloc_allocate] begin
06-23 17:47:45.669  4752  4951 D gralloc : buffer_descriptor: wh(720 1600) usage_pc(0x40000000000b00 0x40000000000b00) hal_format(0x1) layer_count(1) sizes(0 0 0) strde(0) byte_stride(0) alloc_wh(0 0) internal_format(0x0) alloc_format(0x0) fd_count(1) plane_count(0)
06-23 17:47:45.670  4752  4951 D gralloc : [mali_gralloc_allocate] allocation successful
06-23 17:47:45.670  4752  4951 D gralloc : [mali_gralloc_allocate] begin
06-23 17:47:45.670  4752  4951 D gralloc : buffer_descriptor: wh(720 1600) usage_pc(0x40000000000b00 0x40000000000b00) hal_format(0x1) layer_count(1) sizes(0 0 0) strde(0) byte_stride(0) alloc_wh(0 0) internal_format(0x0) alloc_format(0x0) fd_count(1) plane_count(0)
06-23 17:47:45.671  4752  4951 D gralloc : [mali_gralloc_allocate] allocation successful
06-23 17:47:45.678  4218  4218 I ViewRootImpl@b5d6c2b[HorizontalListActivity]: MSG_WINDOW_FOCUS_CHANGED 0 1
06-23 17:47:45.686  5176  5198 D PkgPredictorService: pkg:com.example.dogglers activity:androidx.test.core.app.InstrumentationActivityInvoker$EmptyActivity thisTime:142
06-23 17:47:45.687  5176  5202 I ActivityTaskManager: Displayed com.example.dogglers/androidx.test.core.app.InstrumentationActivityInvoker$EmptyActivity: +142ms
06-23 17:47:45.687  5176  5198 I SemDvfsHyPerManager: acquire hyper - AMS_RESUME_TAIL/5176@18, type = -999
06-23 17:47:45.687  5176  5198 I SemDvfsHyPerManager: acquire hyper - AMS_ACT_LAZY/5176@19, type = -999
06-23 17:47:45.687  4769  4844 I HYPER-HAL: [RequestManager.cpp]acquire(): Acquired ID : 13491433  [5176 / 18]    HINT : AMS_RESUME_TAIL    list :
06-23 17:47:45.688  4769  4844 I HYPER-HAL: [ResourceManager.cpp]updateResource(): [CPUMinFreq] UpdateResource Request ID : 13491433    Value : 1456000
06-23 17:47:45.688  6542  6542 E pageboostd: Received HALT command code 2
06-23 17:47:45.688  4769  4844 I HYPER-HAL: [RequestManager.cpp]acquire(): Acquired ID : 13496629  [5176 / 19]    HINT :      list :
06-23 17:47:45.688  4769  4844 E HYPER-HAL: [Request.cpp]acquire(): Request:: id : 13496629, No Resource to set
06-23 17:47:45.689  4769  4844 I HYPER-HAL: [ResourceManager.cpp]removeResource(): [CPUMinFreq] RemoveResource Request ID : 13481044
06-23 17:47:45.689  4769  4844 I HYPER-HAL: [RequestManager.cpp]releaseLocked(): Released ID : 13481044
06-23 17:47:45.700  4218  4218 I SurfaceControl: nativeRelease nativeObject s[497833946880]
06-23 17:47:45.700  4218  4218 I SurfaceControl: nativeRelease nativeObject e[497833946880]
06-23 17:47:45.700  4218  4218 I SurfaceControl: nativeRelease nativeObject s[499533426816]
06-23 17:47:45.700  4218  4218 I SurfaceControl: nativeRelease nativeObject e[499533426816]
06-23 17:47:45.700  4811  5231 I SurfaceFlinger: id=31619 Removed Surface(name=31a4e78 NavigationBar0)/@0x2b9a7fb - animation-leash#1 (168)
06-23 17:47:45.700  4218  4218 I SurfaceControl: nativeRelease nativeObject s[499533426720]
06-23 17:47:45.700  4218  4218 I SurfaceControl: nativeRelease nativeObject e[499533426720]
06-23 17:47:45.700  4811  5231 I SurfaceFlinger: id=31618 Removed Surface(name=3833be5 StatusBar)/@0xff1ccfc - animation-leash#1 (168)
06-23 17:47:45.705  4218  4218 I ViewRootImpl@b5d6c2b[HorizontalListActivity]: stopped(true) old=false
06-23 17:47:45.706  4811  4811 I Layer   : id=31619[1] Destroyed Surface(name=31a4e78 NavigationBar0)/@0x2b9a7fb - animation-leash#1
06-23 17:47:45.706  4811  4811 I Layer   : id=31618[1] Destroyed Surface(name=3833be5 StatusBar)/@0xff1ccfc - animation-leash#1
06-23 17:47:45.707  4218  4218 I SurfaceControl: nativeRelease nativeObject s[499269419584]
06-23 17:47:45.707  4218  4218 I SurfaceControl: nativeRelease nativeObject e[499269419584]
06-23 17:47:45.708  5176  7542 I InputDispatcher: Focus entered window (4218): d94c2a3 in display 0 0
06-23 17:47:45.708  4218  4218 D LifecycleMonitor: Lifecycle status change: com.example.dogglers.HorizontalListActivity@d6b0227 in: STOPPED
06-23 17:47:45.709  4218  4218 V ActivityScenario: Update currentActivityStage to STOPPED, currentActivity=com.example.dogglers.HorizontalListActivity@d6b0227
06-23 17:47:45.710  5176  7571 I SemDvfsHyPerManager: acquire hyper - AMS_ACT_START/5176@16, type = -999
06-23 17:47:45.710  4769  4844 I HYPER-HAL: [RequestManager.cpp]acquire(): Acquired ID : 13481044  [5176 / 16]    HINT : AMS_ACT_START    list :
06-23 17:47:45.711  4769  4844 I HYPER-HAL: [ResourceManager.cpp]updateResource(): [CPUMinFreq] UpdateResource Request ID : 13481044    Value : 2002000
06-23 17:47:45.711  4811  4855 I SurfaceFlinger: id=31627 createSurf (0x0),-1 flag=80004, ActivityRecord{bc27a91 u0 com.example.dogglers/androidx.test.core.app.InstrumentationActivityInvoker$EmptyActivity t5124}#0
06-23 17:47:45.712  4811  4811 D SurfaceFlinger: Display 0 HWC layers:
06-23 17:47:45.712  4811  4811 D SurfaceFlinger:      DEVICE | 0x6fb223fdc0 | 0002 | RGBA_8888    |    0.0    0.0  720.0 1600.0 |    0    0  720 1600 | com.example.dogglers/androidx.test.c[...]ctivityInvoker$EmptyActivity$_4218#0
06-23 17:47:45.712  4811  4811 D SurfaceFlinger:      DEVICE | 0x70361bde80 | 0000 | RGBA_8888    |    0.0    0.0  111.0  137.0 |    0   68  111  205 | $_3609#1
06-23 17:47:45.712  4811  4811 D SurfaceFlinger:      CLIENT | 0x6f91c17a40 | 0000 | RGBA_8888    |    0.0    0.0  720.0 1600.0 |    0    0  720 1600 | Bubbles!$_5488#0
06-23 17:47:45.712  4811  4811 D SurfaceFlinger:      CLIENT | 0x6fb2241f80 | 0000 | RGBA_8888    |    0.0    0.0  720.0   68.0 |    0    0  720   68 | StatusBar$_5488#0
06-23 17:47:45.712  4811  4811 D SurfaceFlinger:      CLIENT | 0x6fb2242200 | 0000 | RGBA_8888    |    0.0    0.0  259.0   26.0 |  461 1574  720 1600 | SGestureOverlayWindow$_5878#0
06-23 17:47:45.712  4811  4811 D SurfaceFlinger:      CLIENT | 0x70361bed80 | 0000 | RGBA_8888    |    0.0    0.0  259.0   26.0 |  461 1574  720 1600 | SGestureOverlayWindow$_5878#1
06-23 17:47:45.712  4811  4811 D SurfaceFlinger:      CLIENT | 0x6f91c177c0 | 0000 | RGBA_8888    |    0.0    0.0  105.0  105.0 |    0   68  105  173 | cornertabUI$_11263#0
06-23 17:47:45.712  4811  4811 D SurfaceFlinger:      DEVICE | 0x6fb2240a40 | 0000 | RGBA_8888    |    0.0    0.0  720.0   84.
06-23 17:47:45.712  4811  4811 D SurfaceFlinger: 0 |    0 1516  720 1600 | NavigationBar0$_5488#0
06-23 17:47:45.712  4811  4811 D SurfaceFlinger:
06-23 17:47:45.714  4218  4218 D LifecycleMonitor: Lifecycle status change: com.example.dogglers.HorizontalListActivity@d6b0227 in: DESTROYED
06-23 17:47:45.714  4218  4218 V ActivityScenario: Update currentActivityStage to DESTROYED, currentActivity=null
06-23 17:47:45.720  4811  6436 E BufferQueueProducer: [com.example.dogglers/com.example.dogglers.HorizontalListActivity$_4218#0](id:12cb00001525,api:0,p:-1,c:4811) disconnect: not connected (req=1)
06-23 17:47:45.720  4218  4273 W libEGL  : EGLNativeWindowType 0x744f71f010 disconnect failed
06-23 17:47:45.720  4218  4218 I ViewRootImpl@b5d6c2b[HorizontalListActivity]: dispatchDetachedFromWindow
06-23 17:47:45.723  5488  5488 D Bubbles : collapse stack cause : onTaskMovedToFront
06-23 17:47:45.723  5488  5488 D Bubbles : setExpanded: false
06-23 17:47:45.723  5488  5488 D Bubbles : setExpandedInternal: shouldExpand=false
06-23 17:47:45.725  5176  7542 D InputTransport: Input channel destroyed: 'bfc43be', fd=683
06-23 17:47:45.725  5176  7542 I SurfaceControl: nativeRelease nativeObject s[499535274816]
06-23 17:47:45.725  5176  7542 I SurfaceControl: nativeRelease nativeObject e[499535274816]
06-23 17:47:45.725  5176  7542 D WindowManager: isScreenshotDisabledLocked - win: Window{bfc43be u0 com.example.dogglers/com.example.dogglers.HorizontalListActivity}
06-23 17:47:45.725  5176  7542 D WindowManager: isScreenshotDisabledLocked: userId = 0, disabled =false
06-23 17:47:45.726  5176  7542 I SurfaceControl: nativeRelease nativeObject s[497401913952]
06-23 17:47:45.726  5176  7542 I SurfaceControl: nativeRelease nativeObject e[497401913952]
06-23 17:47:45.726  4811  4855 I SurfaceFlinger: id=31628 createSurf (0x0),-1 flag=24004, Surface(name=a01af46 InputMethod)/@0x1dd2b1b - animation-leash#1
06-23 17:47:45.727  5176  7542 I SurfaceControl: nativeRelease nativeObject s[497401918176]
06-23 17:47:45.727  5176  7542 I SurfaceControl: nativeRelease nativeObject e[497401918176]
06-23 17:47:45.728  4811  5231 I Layer   : id=31617 removeFromCurrentState com.example.dogglers/com.example.dogglers.HorizontalListActivity$_4218#0 (168)
06-23 17:47:45.728  4811  5231 I SurfaceFlinger: id=31617 Removed com.example.dogglers/com.example.dogglers.HorizontalListActivity$_4218#0 (168)
06-23 17:47:45.729  5176  5392 I WifiService: getConnectionInfo uid=1000
06-23 17:47:45.729  5176  5392 I WifiService: getConnectionInfo uid=1000
06-23 17:47:45.731  4811  4855 I Layer   : id=31616 removeFromCurrentState bfc43be com.example.dogglers/com.example.dogglers.HorizontalListActivity#0 (168)
06-23 17:47:45.731  4811  4855 I Layer   : id=31621 removeFromCurrentState Surface(name=a01af46 InputMethod)/@0x1dd2b1b - animation-leash#0 (168)
06-23 17:47:45.732  4811  5231 I SurfaceFlinger: id=31616 Removed bfc43be com.example.dogglers/com.example.dogglers.HorizontalListActivity#0 (168)
06-23 17:47:45.732  5176  5392 I WifiService: getConnectionInfo uid=1000
06-23 17:47:45.733  5176  5399 I WifiService: getConnectionInfo uid=1000
06-23 17:47:45.733  4218  4218 D InputTransport: Input channel destroyed: 'bfc43be', fd=84
06-23 17:47:45.735  5176  7571 I SurfaceControl: nativeRelease nativeObject s[497401913568]
06-23 17:47:45.735  5176  7571 I SurfaceControl: nativeRelease nativeObject e[497401913568]
06-23 17:47:45.739  4811  4811 I Layer   : id=31616[1] Destroyed bfc43be com.example.dogglers/com.example.dogglers.HorizontalListActivity#0
06-23 17:47:45.739  4811  4811 I Layer   : id=31617[1] Destroyed com.example.dogglers/com.example.dogglers.HorizontalListActivity$_4218#0
06-23 17:47:45.743  4218  4218 D LifecycleMonitor: Lifecycle status change: androidx.test.core.app.InstrumentationActivityInvoker$EmptyActivity@1e81d0 in: PAUSED
06-23 17:47:45.743  4218  4218 V ActivityScenario: Activity lifecycle changed event received but ignored because the intent does not match. startActivityIntent=Intent { act=android.intent.action.MAIN cat=[android.intent.category.LAUNCHER] cmp=com.example.dogglers/.HorizontalListActivity }, activity.getIntent()=Intent { act=android.intent.action.MAIN cat=[android.intent.category.LAUNCHER] flg=0x10000000 cmp=com.example.dogglers/androidx.test.core.app.InstrumentationActivityInvoker$EmptyActivity }, activity=androidx.test.core.app.InstrumentationActivityInvoker$EmptyActivity@1e81d0
06-23 17:47:45.746  4811  4855 I Layer   : id=31613 removeFromCurrentState ActivityRecord{869ba1a u0 com.example.dogglers/.HorizontalListActivity t5124}#0 (166)
06-23 17:47:45.746  4811  4855 I SurfaceFlinger: id=31613 Removed ActivityRecord{869ba1a u0 com.example.dogglers/.HorizontalListActivity t5124}#0 (166)
06-23 17:47:45.749  5176  7571 V WindowOrientationListener: getProposedRotation: -1
06-23 17:47:45.749  5176  7571 V WindowOrientationListener: getProposedRotation: -1
06-23 17:47:45.750  5176  7571 V WindowOrientationListener: getProposedRotation: -1
06-23 17:47:45.752  5176  7571 D InputDispatcher: Focused application set to (0): bc27a91
06-23 17:47:45.755  4811  4811 I Layer   : id=31613[1] Destroyed ActivityRecord{869ba1a u0 com.example.dogglers/.HorizontalListActivity t5124}#0
06-23 17:47:45.761  4218  4218 I ViewRootImpl@d420585[InstrumentationActivityInvoker$EmptyActivity]: MSG_WINDOW_FOCUS_CHANGED 1 1
06-23 17:47:45.762  4218  4218 D InputMethodManager: prepareNavigationBarInfo() DecorView@1674ce[InstrumentationActivityInvoker$EmptyActivity]
06-23 17:47:45.762  4218  4218 D InputMethodManager: getNavigationBarColor() -16711423
06-23 17:47:45.763  4218  4218 D InputMethodManager: prepareNavigationBarInfo() DecorView@1674ce[InstrumentationActivityInvoker$EmptyActivity]
06-23 17:47:45.763  4218  4218 D InputMethodManager: getNavigationBarColor() -16711423
06-23 17:47:45.763  4218  4218 V InputMethodManager: Starting input: tba=com.example.dogglers ic=null mNaviBarColor -16711423 mIsGetNaviBarColorSuccess true , NavVisible : true , NavTrans : false
06-23 17:47:45.763  4218  4218 D InputMethodManager: startInputInner - Id : 0
06-23 17:47:45.763  4218  4218 I InputMethodManager: startInputInner - mService.startInputOrWindowGainedFocus
06-23 17:47:45.765  5176  7571 D InputMethodManagerService: mSecureKeypadEnabled = false
06-23 17:47:45.765  5176  7571 V InputMethodManagerService: hideCurrentInputLocked : shouldHideSoftInput is false
06-23 17:47:45.765  5176  7571 D InputMethodManagerService: mDesktopModeManager null!
06-23 17:47:45.765  5176  7571 V InputMethodManagerService: getDisplayIdOfInputMethodWindowToBeAdded : 0
06-23 17:47:45.766  5176  7571 D InputMethodManagerService: checkDisplayOfStartInputAndUpdateKeyboard display Id 0last 0
06-23 17:47:45.766  5176  7571 D InputTransport: Input channel constructed: 'ClientS', fd=669
06-23 17:47:45.766  5176  7571 D InputTransport: Input channel destroyed: 'ClientS', fd=669
06-23 17:47:45.766  4218  4218 D InputTransport: Input channel constructed: 'ClientS', fd=84
06-23 17:47:45.766  5176  7542 I SurfaceControl: nativeRelease nativeObject s[497401912704]
06-23 17:47:45.766  5176  7542 I SurfaceControl: nativeRelease nativeObject e[497401912704]
06-23 17:47:45.767  4218  4218 D InputTransport: Input channel destroyed: 'ClientS', fd=90
06-23 17:47:45.767  4811  4855 I SurfaceFlinger: id=31629 createSurf (0x0),-1 flag=24004, Surface(name=a01af46 InputMethod)/@0x1dd2b1b - animation-leash#0
06-23 17:47:45.768  7990  7990 I HBD     : HoneyBoardService onFinishInput
06-23 17:47:45.768  7990  7990 I HBD     : a IC have been unbinded,  InputConnectionWrapper{idHash=#6464103 mMissingMethods=}
06-23 17:47:45.768  7990  7990 I HBD     : HoneyBoardService [PF_CL][onFinishInput]  248730 ns
06-23 17:47:45.768  7990  7990 I HBD     : HoneyBoardService [IMI] onStartInput - caller pid : 4218 , caller uid : 10622
06-23 17:47:45.768  7990  7990 I HBD     : i updateConfigs
06-23 17:47:45.769  7990  7990 I HBD     : i isEnabledNightMode : true
06-23 17:47:45.769  7990  7990 I HBD     : a IC have been binded, InputConnectionWrapper{idHash=#6464103 mMissingMethods=}
06-23 17:47:45.769  7990  7990 I HBD     : h [EditorInputType]setPrivateImeOptionsToTable privateImeOptions ( null )
06-23 17:47:45.769  7990  7990 I HBD     : b incognitoMode : false
06-23 17:47:45.769  7990  7990 I HBD     : a needOff = true , isForceOff = false, isNullInputClass : true
06-23 17:47:45.769  7990  7990 I HBD     : h getDefaultInputRange : UNKNOWN
06-23 17:47:45.769  7990  7990 I HBD     : h getDefaultInputRange : UNKNOWN
06-23 17:47:45.769  7990  7990 I HBD     : h getDefaultInputRange : UNKNOWN
06-23 17:47:45.769  5176  7542 D SdpManagerService: Not an enterprise user : 0
06-23 17:47:45.769  5176  7542 D SdpManagerService: Not an enterprise user : 0
06-23 17:47:45.769  4218  4218 D LifecycleMonitor: Lifecycle status change: androidx.test.core.app.InstrumentationActivityInvoker$BootstrapActivity@8f1a23c in: DESTROYED
06-23 17:47:45.770  4218  4218 V ActivityScenario: Activity lifecycle changed event received but ignored because the intent does not match. startActivityIntent=Intent { act=android.intent.action.MAIN cat=[android.intent.category.LAUNCHER] cmp=com.example.dogglers/.HorizontalListActivity }, activity.getIntent()=Intent { act=android.intent.action.MAIN cat=[android.intent.category.LAUNCHER] flg=0x10008000 cmp=com.example.dogglers/androidx.test.core.app.InstrumentationActivityInvoker$BootstrapActivity (has extras) }, activity=androidx.test.core.app.InstrumentationActivityInvoker$BootstrapActivity@8f1a23c
06-23 17:47:45.770  7990  7990 I HBD     : h getDefaultInputRange : UNKNOWN
06-23 17:47:45.770  7990  7990 I HBD     : a currentState : 0
06-23 17:47:45.771  7990  7990 I HBD     : h load selected json info : {"version":"1.0","currentLanguageOrder":0,"selected":[{"activeOptionList":["auto_replace","auto_spacing"],"engName":"Vietnamese","id":4390912,"inputType":"vietnamese_telex","isUsed":true},{"activeOptionList":["auto_replace","auto_spacing"],"engName":"English","id":65537,"inputType":"qwerty","isUsed":true}]}
06-23 17:47:45.771  5176  7571 I SurfaceControl: nativeRelease nativeObject s[497270567904]
06-23 17:47:45.771  5176  7571 I SurfaceControl: nativeRelease nativeObject e[497270567904]
06-23 17:47:45.772  7990  7990 I HBD     : a [UpdatePolicy] [post] a: 0 cl: 4390912 kit: [0/0] vt: 0 ir: 1
06-23 17:47:45.773  7990  7990 I HBD     : HoneyBoardService [PF_OP][onStartInput]  4281846 ns
06-23 17:47:45.774  5176  7542 I InputDispatcher: Focus left window (4218): d94c2a3 in display 0 0
06-23 17:47:45.776  4811  4855 I Layer   : id=31628 removeFromCurrentState Surface(name=a01af46 InputMethod)/@0x1dd2b1b - animation-leash#1 (166)
06-23 17:47:45.776  4811  4855 I Layer   : id=31610 removeFromCurrentState ActivityRecord{f17e35b u0 com.example.dogglers/androidx.test.core.app.InstrumentationActivityInvoker$BootstrapActivity t5124}#0 (166)
06-23 17:47:45.777  4811  5231 I SurfaceFlinger: id=31610 Removed ActivityRecord{f17e35b u0 com.example.dogglers/androidx.test.core.app.InstrumentationActivityInvoker$BootstrapActivity t5124}#0 (166)
06-23 17:47:45.787  4218  4218 D LifecycleMonitor: Lifecycle status change: androidx.test.core.app.InstrumentationActivityInvoker$EmptyActivity@44a9d94 in: PRE_ON_CREATE
06-23 17:47:45.787  4218  4218 V ActivityScenario: Activity lifecycle changed event received but ignored because the intent does not match. startActivityIntent=Intent { act=android.intent.action.MAIN cat=[android.intent.category.LAUNCHER] cmp=com.example.dogglers/.HorizontalListActivity }, activity.getIntent()=Intent { act=android.intent.action.MAIN cat=[android.intent.category.LAUNCHER] flg=0x10000000 cmp=com.example.dogglers/androidx.test.core.app.InstrumentationActivityInvoker$EmptyActivity }, activity=androidx.test.core.app.InstrumentationActivityInvoker$EmptyActivity@44a9d94
06-23 17:47:45.789  4811  4811 I Layer   : id=31610[1] Destroyed ActivityRecord{f17e35b u0 com.example.dogglers/androidx.test.core.app.InstrumentationActivityInvoker$BootstrapActivity t5124}#0
06-23 17:47:45.797  4735  4790 E Netd    : getNetworkForDns: getNetId from enterpriseCtrl is netid 0
06-23 17:47:45.803  4218  4218 I DecorView: [INFO] isPopOver=false, config=true
06-23 17:47:45.803  4218  4218 I DecorView: updateCaptionType >> DecorView@8e9c032[], isFloating=false, isApplication=true, hasWindowDecorCaption=false, hasWindowControllerCallback=true
06-23 17:47:45.803  4218  4218 D DecorView: setCaptionType = 0, this = DecorView@8e9c032[]
06-23 17:47:45.811  4218  4218 D LifecycleMonitor: Lifecycle status change: androidx.test.core.app.InstrumentationActivityInvoker$EmptyActivity@44a9d94 in: CREATED
06-23 17:47:45.812  4218  4218 V ActivityScenario: Activity lifecycle changed event received but ignored because the intent does not match. startActivityIntent=Intent { act=android.intent.action.MAIN cat=[android.intent.category.LAUNCHER] cmp=com.example.dogglers/.HorizontalListActivity }, activity.getIntent()=Intent { act=android.intent.action.MAIN cat=[android.intent.category.LAUNCHER] flg=0x10000000 cmp=com.example.dogglers/androidx.test.core.app.InstrumentationActivityInvoker$EmptyActivity }, activity=androidx.test.core.app.InstrumentationActivityInvoker$EmptyActivity@44a9d94
06-23 17:47:45.815  4218  4218 D LifecycleMonitor: Lifecycle status change: androidx.test.core.app.InstrumentationActivityInvoker$EmptyActivity@44a9d94 in: STARTED
06-23 17:47:45.815  4218  4218 V ActivityScenario: Activity lifecycle changed event received but ignored because the intent does not match. startActivityIntent=Intent { act=android.intent.action.MAIN cat=[android.intent.category.LAUNCHER] cmp=com.example.dogglers/.HorizontalListActivity }, activity.getIntent()=Intent { act=android.intent.action.MAIN cat=[android.intent.category.LAUNCHER] flg=0x10000000 cmp=com.example.dogglers/androidx.test.core.app.InstrumentationActivityInvoker$EmptyActivity }, activity=androidx.test.core.app.InstrumentationActivityInvoker$EmptyActivity@44a9d94
06-23 17:47:45.818  4218  4218 D LifecycleMonitor: Lifecycle status change: androidx.test.core.app.InstrumentationActivityInvoker$EmptyActivity@44a9d94 in: RESUMED
06-23 17:47:45.819  4218  4218 V ActivityScenario: Activity lifecycle changed event received but ignored because the intent does not match. startActivityIntent=Intent { act=android.intent.action.MAIN cat=[android.intent.category.LAUNCHER] cmp=com.example.dogglers/.HorizontalListActivity }, activity.getIntent()=Intent { act=android.intent.action.MAIN cat=[android.intent.category.LAUNCHER] flg=0x10000000 cmp=com.example.dogglers/androidx.test.core.app.InstrumentationActivityInvoker$EmptyActivity }, activity=androidx.test.core.app.InstrumentationActivityInvoker$EmptyActivity@44a9d94
06-23 17:47:45.826  5176  8501 D InputTransport: Input channel constructed: '9a9c90b', fd=669
06-23 17:47:45.826  5176  8501 D InputTransport: Input channel constructed: '9a9c90b', fd=683
06-23 17:47:45.827  4811  4855 I SurfaceFlinger: id=31630 createSurf (0x0),-1 flag=80004, 9a9c90b com.example.dogglers/androidx.test.core.app.InstrumentationActivityInvoker$EmptyActivity#0
06-23 17:47:45.828  5176  8501 D WindowManager: isScreenshotDisabledLocked - win: Window{9a9c90b u0 com.example.dogglers/androidx.test.core.app.InstrumentationActivityInvoker$EmptyActivity}
06-23 17:47:45.828  5176  8501 D WindowManager: isScreenshotDisabledLocked: userId = 0, disabled =false
06-23 17:47:45.829  5176  8501 D InputTransport: Input channel destroyed: '9a9c90b', fd=683
06-23 17:47:45.829  4218  4218 D InputTransport: Input channel constructed: '9a9c90b', fd=90
06-23 17:47:45.831  4218  4218 I ViewRootImpl@5d7c339[InstrumentationActivityInvoker$EmptyActivity]: setView = com.android.internal.policy.DecorView@8e9c032 TM=true
06-23 17:47:45.835  5176  8501 D SamsungIMMSHWKeyboard: isConnectedDexOnPC false
06-23 17:47:45.835  5176  8501 D InputMethodManagerService: isImeSwitcherDisabledPackage : false
06-23 17:47:45.835  4218  4218 I SurfaceControl: nativeRelease nativeObject s[497833947168]
06-23 17:47:45.835  4218  4218 I SurfaceControl: nativeRelease nativeObject e[497833947168]
06-23 17:47:45.835  4218  4218 I SurfaceControl: nativeRelease nativeObject s[497833946976]
06-23 17:47:45.835  4218  4218 I SurfaceControl: nativeRelease nativeObject e[497833946976]
06-23 17:47:45.847  5176  8501 V WindowManager: Relayout Window{9a9c90b u0 com.example.dogglers/androidx.test.core.app.InstrumentationActivityInvoker$EmptyActivity}: viewVisibility=0 req=720x1600
06-23 17:47:45.850  5176  8501 D WindowManager: isScreenshotDisabledLocked - win: Window{9a9c90b u0 com.example.dogglers/androidx.test.core.app.InstrumentationActivityInvoker$EmptyActivity}
06-23 17:47:45.851  5176  8501 D WindowManager: isScreenshotDisabledLocked: userId = 0, disabled =false
06-23 17:47:45.851  4811  4855 I SurfaceFlinger: id=31631 createSurf (720x1600),1 flag=404, com.example.dogglers/androidx.test.core.app.InstrumentationActivityInvoker$EmptyActivity$_4218#1
06-23 17:47:45.854  5176  8501 I SurfaceControl: nativeRelease nativeObject s[497401913664]
06-23 17:47:45.854  5176  8501 I SurfaceControl: nativeRelease nativeObject e[497401913664]
06-23 17:47:45.854  4811  4855 I SurfaceFlinger: id=31632 createSurf (0x0),-1 flag=24000, Surface(name=3833be5 StatusBar)/@0xff1ccfc - animation-leash#1
06-23 17:47:45.855  5176  8501 I SurfaceControl: nativeRelease nativeObject s[497401911744]
06-23 17:47:45.855  5176  8501 I SurfaceControl: nativeRelease nativeObject e[497401911744]
06-23 17:47:45.856  4811  4855 I SurfaceFlinger: id=31633 createSurf (0x0),-1 flag=24000, Surface(name=31a4e78 NavigationBar0)/@0x2b9a7fb - animation-leash#1
06-23 17:47:45.859  5176  8501 V WindowManager: Relayout hash=9a9c90b, pid=4218: mAttrs={(0,0)(fillxfill) sim={adjust=pan forwardNavigation} ty=BASE_APPLICATION wanim=0x1030001
06-23 17:47:45.859  5176  8501 V WindowManager:   fl=1810100
06-23 17:47:45.859  5176  8501 V WindowManager:   pfl=12020000
06-23 17:47:45.859  5176  8501 V WindowManager:   fitSides= naviIconColor=0}
06-23 17:47:45.859  5176  8501 I SurfaceControl: nativeRelease nativeObject s[497401912704]
06-23 17:47:45.859  5176  8501 I SurfaceControl: nativeRelease nativeObject e[497401912704]
06-23 17:47:45.861  5176  8501 D NetdEventListenerService: DNS Requested by : 627, 10325
06-23 17:47:45.861  4218  4218 I SurfaceControl: assignNativeObject: nativeObject = 0 Surface(name=null)/@0x16fad7e / android.view.SurfaceControl.readFromParcel:1117 android.view.IWindowSession$Stub$Proxy.relayout:1820 android.view.ViewRootImpl.relayoutWindow:9005 android.view.ViewRootImpl.performTraversals:3360 android.view.ViewRootImpl.doTraversal:2618 android.view.ViewRootImpl$TraversalRunnable.run:9971 android.view.Choreographer$CallbackRecord.run:1010 android.view.Choreographer.doCallbacks:809 android.view.Choreographer.doFrame:744 android.view.Choreographer$FrameDisplayEventReceiver.run:995
06-23 17:47:45.862  4811  4855 I Layer   : id=31625 removeFromCurrentState Surface(name=3833be5 StatusBar)/@0xff1ccfc - animation-leash#0 (169)
06-23 17:47:45.862  4811  4855 I Layer   : id=31626 removeFromCurrentState Surface(name=31a4e78 NavigationBar0)/@0x2b9a7fb - animation-leash#0 (169)
06-23 17:47:45.863  4218  4218 I ViewRootImpl@5d7c339[InstrumentationActivityInvoker$EmptyActivity]: Relayout returned: old=(0,0,720,1600) new=(0,0,720,1600) req=(720,1600)0 dur=16 res=0x7 s={true 497955385344} ch=true fn=-1
06-23 17:47:45.866  4752  4951 D gralloc : [mali_gralloc_allocate] begin
06-23 17:47:45.866  4752  4951 D gralloc : buffer_descriptor: wh(720 1600) usage_pc(0x40000000000b00 0x40000000000b00) hal_format(0x1) layer_count(1) sizes(0 0 0) strde(0) byte_stride(0) alloc_wh(0 0) internal_format(0x0) alloc_format(0x0) fd_count(1) plane_count(0)
06-23 17:47:45.867  4752  4951 D gralloc : [mali_gralloc_allocate] allocation successful
06-23 17:47:45.867  4752  4951 D gralloc : [mali_gralloc_allocate] begin
06-23 17:47:45.867  4752  4951 D gralloc : buffer_descriptor: wh(720 1600) usage_pc(0x40000000000b00 0x40000000000b00) hal_format(0x1) layer_count(1) sizes(0 0 0) strde(0) byte_stride(0) alloc_wh(0 0) internal_format(0x0) alloc_format(0x0) fd_count(1) plane_count(0)
06-23 17:47:45.868  4752  4951 D gralloc : [mali_gralloc_allocate] allocation successful
06-23 17:47:45.868  4752  4951 D gralloc : [mali_gralloc_allocate] begin
06-23 17:47:45.868  4752  4951 D gralloc : buffer_descriptor: wh(720 1600) usage_pc(0x40000000000b00 0x40000000000b00) hal_format(0x1) layer_count(1) sizes(0 0 0) strde(0) byte_stride(0) alloc_wh(0 0) internal_format(0x0) alloc_format(0x0) fd_count(1) plane_count(0)
06-23 17:47:45.869  4752  4951 D gralloc : [mali_gralloc_allocate] allocation successful
06-23 17:47:45.877  4218  4218 I ViewRootImpl@d420585[InstrumentationActivityInvoker$EmptyActivity]: MSG_WINDOW_FOCUS_CHANGED 0 1
06-23 17:47:45.882  5176  5198 D PkgPredictorService: pkg:com.example.dogglers activity:androidx.test.core.app.InstrumentationActivityInvoker$EmptyActivity thisTime:175
06-23 17:47:45.883  5176  5202 I ActivityTaskManager: Displayed com.example.dogglers/androidx.test.core.app.InstrumentationActivityInvoker$EmptyActivity: +175ms
06-23 17:47:45.883  5176  5198 I SemDvfsHyPerManager: acquire hyper - AMS_RESUME_TAIL/5176@18, type = -999
06-23 17:47:45.883  5176  5198 I SemDvfsHyPerManager: acquire hyper - AMS_ACT_LAZY/5176@19, type = -999
06-23 17:47:45.883  4769  4844 I HYPER-HAL: [RequestManager.cpp]acquire(): Acquired ID : 13491433  [5176 / 18]    HINT : AMS_RESUME_TAIL    list :
06-23 17:47:45.884  4769  4844 I HYPER-HAL: [ResourceManager.cpp]updateResource(): [CPUMinFreq] UpdateResource Request ID : 13491433    Value : 1456000
06-23 17:47:45.884  6542  6542 E pageboostd: Received HALT command code 2
06-23 17:47:45.884  4769  4844 I HYPER-HAL: [RequestManager.cpp]acquire(): Acquired ID : 13496629  [5176 / 19]    HINT :      list :
06-23 17:47:45.884  4769  4844 E HYPER-HAL: [Request.cpp]acquire(): Request:: id : 13496629, No Resource to set
06-23 17:47:45.884  4769  4844 I HYPER-HAL: [ResourceManager.cpp]removeResource(): [CPUMinFreq] RemoveResource Request ID : 13481044
06-23 17:47:45.884  4769  4844 I HYPER-HAL: [RequestManager.cpp]releaseLocked(): Released ID : 13481044
06-23 17:47:45.890  5176  7542 I InputDispatcher: Focus entered window (4218): 9a9c90b in display 0 0
06-23 17:47:45.891  4218  4218 I SurfaceControl: nativeRelease nativeObject s[497833946592]
06-23 17:47:45.891  4218  4218 I SurfaceControl: nativeRelease nativeObject e[497833946592]
06-23 17:47:45.891  4218  4218 I SurfaceControl: nativeRelease nativeObject s[497833946400]
06-23 17:47:45.891  4218  4218 I SurfaceControl: nativeRelease nativeObject e[497833946400]
06-23 17:47:45.892  4218  4218 I SurfaceControl: nativeRelease nativeObject s[497833947552]
06-23 17:47:45.892  4811  6436 I SurfaceFlinger: id=31626 Removed Surface(name=31a4e78 NavigationBar0)/@0x2b9a7fb - animation-leash#0 (169)
06-23 17:47:45.892  4218  4218 I SurfaceControl: nativeRelease nativeObject e[497833947552]
06-23 17:47:45.892  4811  6436 I SurfaceFlinger: id=31625 Removed Surface(name=3833be5 StatusBar)/@0xff1ccfc - animation-leash#0 (169)
06-23 17:47:45.894  4811  4811 D SurfaceFlinger: Display 0 HWC layers:
06-23 17:47:45.894  4811  4811 D SurfaceFlinger:      DEVICE | 0x6fb22416c0 | 0002 | RGBA_8888    |    0.0    0.0  720.0 1600.0 |    0    0  720 1600 | com.example.dogglers/androidx.test.c[...]ctivityInvoker$EmptyActivity$_4218#1
06-23 17:47:45.894  4811  4811 D SurfaceFlinger:      DEVICE | 0x70361bde80 | 0000 | RGBA_8888    |    0.0    0.0  111.0  137.0 |    0   68  111  205 | $_3609#1
06-23 17:47:45.894  4811  4811 D SurfaceFlinger:      DEVICE | 0x6f91c17a40 | 0000 | RGBA_8888    |    0.0    0.0  720.0 1600.0 |    0    0  720 1600 | Bubbles!$_5488#0
06-23 17:47:45.894  4811  4811 D SurfaceFlinger:      DEVICE | 0x6fb2241f80 | 0000 | RGBA_8888    |    0.0    0.0  720.0   68.0 |    0    0  720   68 | StatusBar$_5488#0
06-23 17:47:45.894  4811  4811 D SurfaceFlinger:      DEVICE | 0x6fb2242200 | 0000 | RGBA_8888    |    0.0    0.0  259.0   26.0 |  461 1574  720 1600 | SGestureOverlayWindow$_5878#0
06-23 17:47:45.894  4811  4811 D SurfaceFlinger:      DEVICE | 0x70361bed80 | 0000 | RGBA_8888    |    0.0    0.0  259.0   26.0 |  461 1574  720 1600 | SGestureOverlayWindow$_5878#1
06-23 17:47:45.894  4811  4811 D SurfaceFlinger:      DEVICE | 0x6f91c177c0 | 0000 | RGBA_8888    |    0.0    0.0  105.0  105.0 |    0   68  105  173 | cornertabUI$_11263#0
06-23 17:47:45.894  4811  4811 D SurfaceFlinger:      DEVICE | 0x6fb2240a40 | 0000 | RGBA_8888    |    0.0    0.0  720.0   84.
06-23 17:47:45.894  4811  4811 D SurfaceFlinger: 0 |    0 1516  720 1600 | NavigationBar0$_5488#0
06-23 17:47:45.894  4811  4811 D SurfaceFlinger:
06-23 17:47:45.903  5176  7542 D InputDispatcher: Focused application set to (0): dedaa09
06-23 17:47:45.906  4811  4811 I Layer   : id=31625[1] Destroyed Surface(name=3833be5 StatusBar)/@0xff1ccfc - animation-leash#0
06-23 17:47:45.906  4811  4811 I Layer   : id=31626[1] Destroyed Surface(name=31a4e78 NavigationBar0)/@0x2b9a7fb - animation-leash#0
06-23 17:47:45.913  5488  5488 D Bubbles : collapse stack cause : onTaskMovedToFront
06-23 17:47:45.913  5488  5488 D Bubbles : setExpanded: false
06-23 17:47:45.913  5488  5488 D Bubbles : setExpandedInternal: shouldExpand=false
06-23 17:47:45.918  4218  4218 I ViewRootImpl@5d7c339[InstrumentationActivityInvoker$EmptyActivity]: MSG_WINDOW_FOCUS_CHANGED 1 1
06-23 17:47:45.918  4218  4218 D InputMethodManager: prepareNavigationBarInfo() DecorView@8e9c032[InstrumentationActivityInvoker$EmptyActivity]
06-23 17:47:45.918  4218  4218 D InputMethodManager: getNavigationBarColor() -16711423
06-23 17:47:45.919  4218  4218 D InputMethodManager: prepareNavigationBarInfo() DecorView@8e9c032[InstrumentationActivityInvoker$EmptyActivity]
06-23 17:47:45.919  4218  4218 D InputMethodManager: getNavigationBarColor() -16711423
06-23 17:47:45.919  4218  4218 V InputMethodManager: Starting input: tba=com.example.dogglers ic=null mNaviBarColor -16711423 mIsGetNaviBarColorSuccess true , NavVisible : true , NavTrans : false
06-23 17:47:45.919  4218  4218 D InputMethodManager: startInputInner - Id : 0
06-23 17:47:45.919  4218  4218 I InputMethodManager: startInputInner - mService.startInputOrWindowGainedFocus
06-23 17:47:45.920  5176  7542 D InputMethodManagerService: mSecureKeypadEnabled = false
06-23 17:47:45.921  5176  7542 V InputMethodManagerService: hideCurrentInputLocked : shouldHideSoftInput is false
06-23 17:47:45.921  5176  7542 D InputMethodManagerService: mDesktopModeManager null!
06-23 17:47:45.921  5176  7542 V InputMethodManagerService: getDisplayIdOfInputMethodWindowToBeAdded : 0
06-23 17:47:45.921  5176  7542 D InputMethodManagerService: checkDisplayOfStartInputAndUpdateKeyboard display Id 0last 0
06-23 17:47:45.921  5176  7542 D InputTransport: Input channel constructed: 'ClientS', fd=683
06-23 17:47:45.921  5176  7542 D InputTransport: Input channel destroyed: 'ClientS', fd=683
06-23 17:47:45.922  4218  4218 D InputTransport: Input channel constructed: 'ClientS', fd=96
06-23 17:47:45.922  5176  7542 I SurfaceControl: nativeRelease nativeObject s[499419869664]
06-23 17:47:45.922  4218  4218 D InputTransport: Input channel destroyed: 'ClientS', fd=84
06-23 17:47:45.922  5176  7542 I SurfaceControl: nativeRelease nativeObject e[499419869664]
06-23 17:47:45.923  4811  6436 I SurfaceFlinger: id=31634 createSurf (0x0),-1 flag=24004, Surface(name=a01af46 InputMethod)/@0x1dd2b1b - animation-leash#1
06-23 17:47:45.924  5176  8501 I InputDispatcher: Focus left window (4218): 9a9c90b in display 0 0
06-23 17:47:45.924  7990  7990 I HBD     : HoneyBoardService onFinishInput
06-23 17:47:45.925  7990  7990 I HBD     : a IC have been unbinded,  InputConnectionWrapper{idHash=#6464103 mMissingMethods=}
06-23 17:47:45.925  7990  7990 I HBD     : HoneyBoardService [PF_CL][onFinishInput]  342192 ns
06-23 17:47:45.925  7990  7990 I HBD     : HoneyBoardService [IMI] onStartInput - caller pid : 4218 , caller uid : 10622
06-23 17:47:45.925  7990  7990 I HBD     : i updateConfigs
06-23 17:47:45.925  7990  7990 I HBD     : i isEnabledNightMode : true
06-23 17:47:45.925  4811  6436 E BufferQueueProducer: [com.example.dogglers/androidx.test.core.app.InstrumentationActivityInvoker$EmptyActivity$_4218#0](id:12cb00001526,api:0,p:-1,c:4811) disconnect: not connected (req=1)
06-23 17:47:45.926  7990  7990 I HBD     : a IC have been binded, InputConnectionWrapper{idHash=#6464103 mMissingMethods=}
06-23 17:47:45.926  7990  7990 I HBD     : h [EditorInputType]setPrivateImeOptionsToTable privateImeOptions ( null )
06-23 17:47:45.926  7990  7990 I HBD     : b incognitoMode : false
06-23 17:47:45.926  4218  4273 W libEGL  : EGLNativeWindowType 0x73f0741010 disconnect failed
06-23 17:47:45.926  7990  7990 I HBD     : a needOff = true , isForceOff = false, isNullInputClass : true
06-23 17:47:45.926  7990  7990 I HBD     : h getDefaultInputRange : UNKNOWN
06-23 17:47:45.926  7990  7990 I HBD     : h getDefaultInputRange : UNKNOWN
06-23 17:47:45.926  7990  7990 I HBD     : h getDefaultInputRange : UNKNOWN
06-23 17:47:45.926  4811  4855 I Layer   : id=31629 removeFromCurrentState Surface(name=a01af46 InputMethod)/@0x1dd2b1b - animation-leash#0 (168)
06-23 17:47:45.926  5176  8501 D SdpManagerService: Not an enterprise user : 0
06-23 17:47:45.927  5176  8501 D SdpManagerService: Not an enterprise user : 0
06-23 17:47:45.927  5176  7542 V WindowManager: Relayout Window{d94c2a3 u0 com.example.dogglers/androidx.test.core.app.InstrumentationActivityInvoker$EmptyActivity}: viewVisibility=8 req=720x1600
06-23 17:47:45.928  7990  7990 I HBD     : h getDefaultInputRange : UNKNOWN
06-23 17:47:45.928  7990  7990 I HBD     : a currentState : 0
06-23 17:47:45.929  7990  7990 I HBD     : h load selected json info : {"version":"1.0","currentLanguageOrder":0,"selected":[{"activeOptionList":["auto_replace","auto_spacing"],"engName":"Vietnamese","id":4390912,"inputType":"vietnamese_telex","isUsed":true},{"activeOptionList":["auto_replace","auto_spacing"],"engName":"English","id":65537,"inputType":"qwerty","isUsed":true}]}
06-23 17:47:45.929  7990  7990 I HBD     : a [UpdatePolicy] [post] a: 0 cl: 4390912 kit: [0/0] vt: 0 ir: 1
06-23 17:47:45.930  7990  7990 I HBD     : HoneyBoardService [PF_OP][onStartInput]  5177577 ns
06-23 17:47:45.933  5176  7542 V WindowManager: Relayout hash=d94c2a3, pid=4218: mAttrs={(0,0)(fillxfill) sim={adjust=pan forwardNavigation} ty=BASE_APPLICATION wanim=0x1030001
06-23 17:47:45.933  5176  7542 V WindowManager:   fl=1810100
06-23 17:47:45.933  5176  7542 V WindowManager:   pfl=12020000
06-23 17:47:45.933  5176  7542 V WindowManager:   fitSides= naviIconColor=0}
06-23 17:47:45.934  4218  4218 I SurfaceControl: nativeRelease nativeObject s[499270282048]
06-23 17:47:45.934  4218  4218 I SurfaceControl: nativeRelease nativeObject e[499270282048]
06-23 17:47:45.934  4218  4218 I SurfaceControl: assignNativeObject: nativeObject = 0 Surface(name=null)/@0xdd72df / android.view.SurfaceControl.readFromParcel:1117 android.view.IWindowSession$Stub$Proxy.relayout:1810 android.view.ViewRootImpl.relayoutWindow:9005 android.view.ViewRootImpl.performTraversals:3360 android.view.ViewRootImpl.doTraversal:2618 android.view.ViewRootImpl$TraversalRunnable.run:9971 android.view.Choreographer$CallbackRecord.run:1010 android.view.Choreographer.doCallbacks:809 android.view.Choreographer.doFrame:744 android.view.Choreographer$FrameDisplayEventReceiver.run:995
06-23 17:47:45.935  4218  4218 I SurfaceControl: assignNativeObject: nativeObject = 0 Surface(name=null)/@0xca90fda / android.view.SurfaceControl.readFromParcel:1117 android.view.IWindowSession$Stub$Proxy.relayout:1820 android.view.ViewRootImpl.relayoutWindow:9005 android.view.ViewRootImpl.performTraversals:3360 android.view.ViewRootImpl.doTraversal:2618 android.view.ViewRootImpl$TraversalRunnable.run:9971 android.view.Choreographer$CallbackRecord.run:1010 android.view.Choreographer.doCallbacks:809 android.view.Choreographer.doFrame:744 android.view.Choreographer$FrameDisplayEventReceiver.run:995
06-23 17:47:45.935  4218  4218 I SurfaceControl: nativeRelease nativeObject s[497833948032]
06-23 17:47:45.935  4218  4218 I SurfaceControl: nativeRelease nativeObject e[497833948032]
06-23 17:47:45.935  4811  4855 I SurfaceFlinger: id=31629 Removed Surface(name=a01af46 InputMethod)/@0x1dd2b1b - animation-leash#0 (168)
06-23 17:47:45.936  4218  4218 I ViewRootImpl@d420585[InstrumentationActivityInvoker$EmptyActivity]: Relayout returned: old=(0,0,720,1600) new=(0,0,720,1600) req=(720,1600)8 dur=9 res=0x5 s={false 0} ch=true fn=2
06-23 17:47:45.937  4218  4218 I ViewRootImpl@d420585[InstrumentationActivityInvoker$EmptyActivity]: stopped(true) old=false
06-23 17:47:45.938  4218  4218 D LifecycleMonitor: Lifecycle status change: androidx.test.core.app.InstrumentationActivityInvoker$EmptyActivity@1e81d0 in: STOPPED
06-23 17:47:45.938  4218  4218 V ActivityScenario: Activity lifecycle changed event received but ignored because the intent does not match. startActivityIntent=Intent { act=android.intent.action.MAIN cat=[android.intent.category.LAUNCHER] cmp=com.example.dogglers/.HorizontalListActivity }, activity.getIntent()=Intent { act=android.intent.action.MAIN cat=[android.intent.category.LAUNCHER] flg=0x10000000 cmp=com.example.dogglers/androidx.test.core.app.InstrumentationActivityInvoker$EmptyActivity }, activity=androidx.test.core.app.InstrumentationActivityInvoker$EmptyActivity@1e81d0
06-23 17:47:45.939  4811  4811 I Layer   : id=31629[1] Destroyed Surface(name=a01af46 InputMethod)/@0x1dd2b1b - animation-leash#0
06-23 17:47:45.941  4218  4218 D LifecycleMonitor: Lifecycle status change: androidx.test.core.app.InstrumentationActivityInvoker$EmptyActivity@1e81d0 in: DESTROYED
06-23 17:47:45.942  4218  4218 V ActivityScenario: Activity lifecycle changed event received but ignored because the intent does not match. startActivityIntent=Intent { act=android.intent.action.MAIN cat=[android.intent.category.LAUNCHER] cmp=com.example.dogglers/.HorizontalListActivity }, activity.getIntent()=Intent { act=android.intent.action.MAIN cat=[android.intent.category.LAUNCHER] flg=0x10000000 cmp=com.example.dogglers/androidx.test.core.app.InstrumentationActivityInvoker$EmptyActivity }, activity=androidx.test.core.app.InstrumentationActivityInvoker$EmptyActivity@1e81d0
06-23 17:47:45.943  4218  4218 I ViewRootImpl@d420585[InstrumentationActivityInvoker$EmptyActivity]: dispatchDetachedFromWindow
06-23 17:47:45.944  5176  8501 D InputTransport: Input channel destroyed: 'd94c2a3', fd=666
06-23 17:47:45.944  5176  8501 I SurfaceControl: nativeRelease nativeObject s[499419879264]
06-23 17:47:45.944  5176  8501 I SurfaceControl: nativeRelease nativeObject e[499419879264]
06-23 17:47:45.944  5176  8501 D WindowManager: isScreenshotDisabledLocked - win: Window{d94c2a3 u0 com.example.dogglers/androidx.test.core.app.InstrumentationActivityInvoker$EmptyActivity}
06-23 17:47:45.944  5176  8501 D WindowManager: isScreenshotDisabledLocked: userId = 0, disabled =false
06-23 17:47:45.945  5176  8501 I SurfaceControl: nativeRelease nativeObject s[497279280160]
06-23 17:47:45.945  5176  8501 I SurfaceControl: nativeRelease nativeObject e[497279280160]
06-23 17:47:45.945  4811  4855 I Layer   : id=31624 removeFromCurrentState com.example.dogglers/androidx.test.core.app.InstrumentationActivityInvoker$EmptyActivity$_4218#0 (167)
06-23 17:47:45.946  4811  4855 I SurfaceFlinger: id=31624 Removed com.example.dogglers/androidx.test.core.app.InstrumentationActivityInvoker$EmptyActivity$_4218#0 (167)
06-23 17:47:45.949  4811  4855 I Layer   : id=31623 removeFromCurrentState d94c2a3 com.example.dogglers/androidx.test.core.app.InstrumentationActivityInvoker$EmptyActivity#0 (167)
06-23 17:47:45.950  4811  4855 I SurfaceFlinger: id=31623 Removed d94c2a3 com.example.dogglers/androidx.test.core.app.InstrumentationActivityInvoker$EmptyActivity#0 (167)
06-23 17:47:45.950  4218  4218 D InputTransport: Input channel destroyed: 'd94c2a3', fd=93
06-23 17:47:45.952  5176  8501 I SurfaceControl: nativeRelease nativeObject s[497279284576]
06-23 17:47:45.952  5176  8501 I SurfaceControl: nativeRelease nativeObject e[497279284576]
