06-23 17:47:42.209  4218  4218 I ViewRootImpl@9fa0ed0[HorizontalListActivity]: ViewPostIme pointer 0
06-23 17:47:42.219  5176  5198 I SurfaceControl: nativeRelease nativeObject s[497270569344]
06-23 17:47:42.219  5176  5198 I SurfaceControl: nativeRelease nativeObject e[497270569344]
06-23 17:47:42.220  5176  5198 I SurfaceControl: nativeRelease nativeObject s[497401913952]
06-23 17:47:42.220  5176  5198 I SurfaceControl: nativeRelease nativeObject e[497401913952]
06-23 17:47:42.220  4811  5230 I Layer   : id=31538 removeFromCurrentState Splash Screen com.example.dogglers#0 (163)
06-23 17:47:42.221  5176  5198 I SurfaceControl: nativeRelease nativeObject s[497277291520]
06-23 17:47:42.221  5176  5198 I SurfaceControl: nativeRelease nativeObject e[497277291520]
06-23 17:47:42.224  4811  5230 I Layer   : id=31550 removeFromCurrentState Surface(name=7ac88b2 Splash Screen com.example.dogglers)/@0x4710d2d - animation-leash#0 (163)
06-23 17:47:42.224  4811  5230 I Layer   : id=31537 removeFromCurrentState 7ac88b2 Splash Screen com.example.dogglers#0 (163)
06-23 17:47:42.224  4811  5230 I Layer   : id=31537 removeFromCurrentState 7ac88b2 Splash Screen com.example.dogglers#0 (163)
06-23 17:47:42.225  4811  5230 I SurfaceFlinger: id=31550 Removed Surface(name=7ac88b2 Splash Screen com.example.dogglers)/@0x4710d2d - animation-leash#0 (163)
06-23 17:47:42.225  4811  5231 I SurfaceFlinger: id=31538 Removed Splash Screen com.example.dogglers#0 (163)
06-23 17:47:42.225  4811  4855 I SurfaceFlinger: id=31537 Removed 7ac88b2 Splash Screen com.example.dogglers#0 (163)
06-23 17:47:42.235  4811  4811 I Layer   : id=31550[1] Destroyed Surface(name=7ac88b2 Splash Screen com.example.dogglers)/@0x4710d2d - animation-leash#0
06-23 17:47:42.235  4811  4811 I Layer   : id=31537[1] Destroyed 7ac88b2 Splash Screen com.example.dogglers#0
06-23 17:47:42.237  5176  5198 I SurfaceControl: nativeRelease nativeObject s[497277292288]
06-23 17:47:42.237  5176  5198 I SurfaceControl: nativeRelease nativeObject e[497277292288]
06-23 17:47:42.238  4811  4811 I Layer   : id=31538[1] Destroyed Splash Screen com.example.dogglers#0
06-23 17:47:42.241  4811  4811 D SurfaceFlinger: Display 0 HWC layers:
06-23 17:47:42.241  4811  4811 D SurfaceFlinger:      DEVICE | 0x6fb2240f40 | 0002 | RGBA_8888    |    0.0    0.0  720.0 1600.0 |    0    0  720 1600 | com.example.dogglers/com.example.dogglers.HorizontalListActivity$_4218#0
06-23 17:47:42.241  4811  4811 D SurfaceFlinger:      DEVICE | 0x70361bde80 | 0000 | RGBA_8888    |    0.0    0.0  111.0  137.0 |    0   68  111  205 | $_3609#1
06-23 17:47:42.241  4811  4811 D SurfaceFlinger:      CLIENT | 0x6f91c17a40 | 0000 | RGBA_8888    |    0.0    0.0  720.0 1600.0 |    0    0  720 1600 | Bubbles!$_5488#0
06-23 17:47:42.241  4811  4811 D SurfaceFlinger:      CLIENT | 0x6fb2241f80 | 0000 | RGBA_8888    |    0.0    0.0  720.0   68.0 |    0    0  720   68 | StatusBar$_5488#0
06-23 17:47:42.241  4811  4811 D SurfaceFlinger:      CLIENT | 0x6fb2242200 | 0000 | RGBA_8888    |    0.0    0.0  259.0   26.0 |  461 1574  720 1600 | SGestureOverlayWindow$_5878#0
06-23 17:47:42.241  4811  4811 D SurfaceFlinger:      CLIENT | 0x70361bed80 | 0000 | RGBA_8888    |    0.0    0.0  259.0   26.0 |  461 1574  720 1600 | SGestureOverlayWindow$_5878#1
06-23 17:47:42.241  4811  4811 D SurfaceFlinger:      CLIENT | 0x6f91c177c0 | 0000 | RGBA_8888    |    0.0    0.0  105.0  105.0 |    0   68  105  173 | cornertabUI$_11263#0
06-23 17:47:42.241  4811  4811 D SurfaceFlinger:      DEVICE | 0x6fb2240a40 | 0000 | RGBA_8888    |    0.0    0.0  720.0   84.0 |
06-23 17:47:42.241  4811  4811 D SurfaceFlinger:   0 1516  720 1600 | NavigationBar0$_5488#0
06-23 17:47:42.241  4811  4811 D SurfaceFlinger:
06-23 17:47:42.253  4811  5231 I Layer   : id=31544 removeFromCurrentState Surface(name=Dim Layer for - Task=5122 - animating-dim)/@0xd03b4e5 - animation-leash#0 (160)
06-23 17:47:42.253  4811  5231 I SurfaceFlinger: id=31544 Removed Surface(name=Dim Layer for - Task=5122 - animating-dim)/@0xd03b4e5 - animation-leash#0 (160)
06-23 17:47:42.267  4811  4811 I SurfaceFlinger: SFWD update time=182228626338736
06-23 17:47:42.268  4811  4811 I Layer   : id=31544[1] Destroyed Surface(name=Dim Layer for - Task=5122 - animating-dim)/@0xd03b4e5 - animation-leash#0
06-23 17:47:42.318  5176  5198 I SurfaceControl: nativeRelease nativeObject s[499419877920]
06-23 17:47:42.318  5176  5198 I SurfaceControl: nativeRelease nativeObject e[499419877920]
06-23 17:47:42.318  5176  5198 I SurfaceControl: nativeRelease nativeObject s[499535274048]
06-23 17:47:42.318  5176  5198 I SurfaceControl: nativeRelease nativeObject e[499535274048]
06-23 17:47:42.336  4811  4855 I Layer   : id=31542 removeFromCurrentState Surface(name=ActivityRecord{fe8e768 u0 com.example.dogglers/androidx.test.core.app.InstrumentationActivityInvoker$BootstrapActivity t5122})/@0x9c62ae - animation-leash#0 (159)
06-23 17:47:42.336  4811  4855 I Layer   : id=31545 removeFromCurrentState Surface(name=ActivityRecord{fe8e768 u0 com.example.dogglers/androidx.test.core.app.InstrumentationActivityInvoker$BootstrapActivity t5122})/@0x9c62ae - animation-bounds#0 (159)
06-23 17:47:42.338  4811  5230 I SurfaceFlinger: id=31542 Removed Surface(name=ActivityRecord{fe8e768 u0 com.example.dogglers/androidx.test.core.app.InstrumentationActivityInvoker$BootstrapActivity t5122})/@0x9c62ae - animation-leash#0 (159)
06-23 17:47:42.339  4811  5230 I SurfaceFlinger: id=31545 Removed Surface(name=ActivityRecord{fe8e768 u0 com.example.dogglers/androidx.test.core.app.InstrumentationActivityInvoker$BootstrapActivity t5122})/@0x9c62ae - animation-bounds#0 (159)
06-23 17:47:42.352  4811  4811 I Layer   : id=31545[1] Destroyed Surface(name=ActivityRecord{fe8e768 u0 com.example.dogglers/androidx.test.core.app.InstrumentationActivityInvoker$BootstrapActivity t5122})/@0x9c62ae - animation-bounds#0
06-23 17:47:42.352  4811  4811 I Layer   : id=31542[1] Destroyed Surface(name=ActivityRecord{fe8e768 u0 com.example.dogglers/androidx.test.core.app.InstrumentationActivityInvoker$BootstrapActivity t5122})/@0x9c62ae - animation-leash#0
06-23 17:47:42.368  5176  7832 D InputDispatcher: Inject motion (4218): action=0x1, time=182228725000000, f=0x0, d=0
06-23 17:47:42.369  5176  5307 I InputDispatcher: Delivering touch to (4218): action: 0x1, f=0x1, d=0, '84e5be3', t=0
06-23 17:47:42.369  5878  5878 W TouchInteractionService: reset
06-23 17:47:42.371  5176  5176 I SemDvfsHyPerManager: acquire hyper - GESTURE_DETECTED/5176@22, type = -999
06-23 17:47:42.371  4769  4844 I HYPER-HAL: [RequestManager.cpp]acquire(): Acquired ID : 13512223  [5176 / 22]    HINT : GESTURE_DETECTED    list : [TIMEOUT / 956]
06-23 17:47:42.371  4769  4844 I HYPER-HAL: [ResourceManager.cpp]updateResource(): [CPUMinFreq] UpdateResource Request ID : 13512223    Value : 949000
06-23 17:47:42.371  5176  5176 I SemDvfsHyPerManager: acquire hyper - GESTURE_DETECTED/5176@22, type = -999
06-23 17:47:42.372  4769  4844 I HYPER-HAL: [RequestManager.cpp]acquire(): Acquired ID : 13512223  [5176 / 22]    HINT : GESTURE_DETECTED    list : [TIMEOUT / 956]
06-23 17:47:42.372  4769  4844 I HYPER-HAL: [ResourceManager.cpp]updateResource(): [CPUMinFreq] UpdateResource Request ID : 13512223    Value : 949000
06-23 17:47:42.377  4218  4218 I ViewRootImpl@9fa0ed0[HorizontalListActivity]: ViewPostIme pointer 1
06-23 17:47:42.383  5176  5395 W SemWifiTransportLayerUtils: getApplicationCategory - IOException com.example.dogglers
06-23 17:47:42.383  5176  5395 W System.err: java.io.FileNotFoundException: https://play.google.com/store/apps/details?id=com.example.dogglers&hl=en
06-23 17:47:42.383  5176  5395 W System.err: 	at com.android.okhttp.internal.huc.HttpURLConnectionImpl.getInputStream(HttpURLConnectionImpl.java:255)
06-23 17:47:42.384  5176  5395 W System.err: 	at com.android.okhttp.internal.huc.DelegatingHttpsURLConnection.getInputStream(DelegatingHttpsURLConnection.java:211)
06-23 17:47:42.384  5176  5395 W System.err: 	at com.android.okhttp.internal.huc.HttpsURLConnectionImpl.getInputStream(HttpsURLConnectionImpl.java:30)
06-23 17:47:42.384  5176  5395 W System.err: 	at com.samsung.android.server.wifi.tcp.SemWifiTransportLayerUtils.getApplicationCategory(SemWifiTransportLayerUtils.java:103)
06-23 17:47:42.384  5176  5395 W System.err: 	at com.samsung.android.server.wifi.tcp.SemWifiTransportLayerMonitor$TcpMonitorHandler.handleMessage(SemWifiTransportLayerMonitor.java:242)
06-23 17:47:42.384  5176  5395 W System.err: 	at android.os.Handler.dispatchMessage(Handler.java:106)
06-23 17:47:42.384  5176  5395 W System.err: 	at android.os.Looper.loop(Looper.java:246)
06-23 17:47:42.384  5176  5395 W System.err: 	at android.os.HandlerThread.run(HandlerThread.java:67)
06-23 17:47:42.385  5176  5395 D SemWifiTransportLayerMonitor.TcpMonitorHandler: MSG_SAVE_PACKAGE_INFO
06-23 17:47:42.385  5176  5395 D SemWifiTransportLayerFileManager: saveWifiPackageInfoToFile
06-23 17:47:42.385  5176  5395 D SemWifiTransportLayerFileManager: writeWifiPackageInfoList
06-23 17:47:42.388  5176  5394 I WifiService: getConnectionInfo uid=1000
06-23 17:47:42.388  5176  5392 I WifiService: getConnectionInfo uid=1000
06-23 17:47:42.416  5176  7832 I WifiService: getConnectionInfo uid=10302
06-23 17:47:42.416  5176  7832 V WifiService: getConnectionInfo: hideBssidSsidAndNetworkId=true, hideDefaultMacAddress=true
06-23 17:47:42.427  4218  4218 D LifecycleMonitor: Lifecycle status change: androidx.test.core.app.InstrumentationActivityInvoker$BootstrapActivity@2b9e9ed in: STOPPED
06-23 17:47:42.428  4218  4218 V ActivityScenario: Activity lifecycle changed event received but ignored because the intent does not match. startActivityIntent=Intent { act=android.intent.action.MAIN cat=[android.intent.category.LAUNCHER] cmp=com.example.dogglers/.HorizontalListActivity }, activity.getIntent()=Intent { act=android.intent.action.MAIN cat=[android.intent.category.LAUNCHER] flg=0x10008000 cmp=com.example.dogglers/androidx.test.core.app.InstrumentationActivityInvoker$BootstrapActivity (has extras) }, activity=androidx.test.core.app.InstrumentationActivityInvoker$BootstrapActivity@2b9e9ed
06-23 17:47:42.548  5176  5392 I WifiService: getConnectionInfo uid=1000
06-23 17:47:42.559  4218  4218 I ViewInteraction: Checking 'MatchesViewAssertion{viewMatcher=(view has effective visibility <VISIBLE> and view.getGlobalVisibleRect() to return non-empty rectangle)}' assertion on view an instance of android.widget.TextView and view.getText() with or without transformation to match: is "Frankie"
06-23 17:47:42.567  5176  7832 I SemDvfsHyPerManager: acquire hyper - AMS_ACT_START/5176@16, type = -999
06-23 17:47:42.568  4769  4844 I HYPER-HAL: [RequestManager.cpp]acquire(): Acquired ID : 13481044  [5176 / 16]    HINT : AMS_ACT_START    list :
06-23 17:47:42.568  4769  4844 I HYPER-HAL: [ResourceManager.cpp]updateResource(): [CPUMinFreq] UpdateResource Request ID : 13481044    Value : 2002000
06-23 17:47:42.569  4811  5231 I SurfaceFlinger: id=31552 createSurf (0x0),-1 flag=80004, ActivityRecord{f33772 u0 com.example.dogglers/androidx.test.core.app.InstrumentationActivityInvoker$EmptyActivity t5122}#0
06-23 17:47:42.581  5488  5488 D Bubbles : collapse stack cause : onTaskMovedToFront
06-23 17:47:42.581  5488  5488 D Bubbles : setExpanded: false
06-23 17:47:42.581  5488  5488 D Bubbles : setExpandedInternal: shouldExpand=false
06-23 17:47:42.582  4218  4218 D LifecycleMonitor: Lifecycle status change: com.example.dogglers.HorizontalListActivity@37cb9c in: PAUSED
06-23 17:47:42.583  4218  4218 V ActivityScenario: Update currentActivityStage to PAUSED, currentActivity=com.example.dogglers.HorizontalListActivity@37cb9c
06-23 17:47:42.586  5176  7571 V WindowOrientationListener: getProposedRotation: -1
06-23 17:47:42.587  5176  7571 V WindowOrientationListener: getProposedRotation: -1
06-23 17:47:42.588  5176  7571 V WindowOrientationListener: getProposedRotation: -1
06-23 17:47:42.590  5176  7571 D InputDispatcher: Focused application set to (0): f33772
06-23 17:47:42.610  4769  4320 I HYPER-HAL: [ResourceManager.cpp]removeResource(): [CPUMinFreq] RemoveResource Request ID : 13491433
06-23 17:47:42.611  4769  4320 I HYPER-HAL: [RequestManager.cpp]releaseLocked(): Released ID : 13491433
06-23 17:47:42.614  4218  4218 D LifecycleMonitor: Lifecycle status change: androidx.test.core.app.InstrumentationActivityInvoker$EmptyActivity@e721451 in: PRE_ON_CREATE
06-23 17:47:42.615  4218  4218 V ActivityScenario: Activity lifecycle changed event received but ignored because the intent does not match. startActivityIntent=Intent { act=android.intent.action.MAIN cat=[android.intent.category.LAUNCHER] cmp=com.example.dogglers/.HorizontalListActivity }, activity.getIntent()=Intent { act=android.intent.action.MAIN cat=[android.intent.category.LAUNCHER] flg=0x10000000 cmp=com.example.dogglers/androidx.test.core.app.InstrumentationActivityInvoker$EmptyActivity }, activity=androidx.test.core.app.InstrumentationActivityInvoker$EmptyActivity@e721451
06-23 17:47:42.620  5176  7571 I InputDispatcher: Focus left window (4218): 84e5be3 in display 0 0
06-23 17:47:42.626  4218  4218 I DecorView: [INFO] isPopOver=false, config=true
06-23 17:47:42.626  4218  4218 I DecorView: updateCaptionType >> DecorView@e2125b7[], isFloating=false, isApplication=true, hasWindowDecorCaption=false, hasWindowControllerCallback=true
06-23 17:47:42.626  4218  4218 D DecorView: setCaptionType = 0, this = DecorView@e2125b7[]
06-23 17:47:42.633  4218  4218 D LifecycleMonitor: Lifecycle status change: androidx.test.core.app.InstrumentationActivityInvoker$EmptyActivity@e721451 in: CREATED
06-23 17:47:42.634  4218  4218 V ActivityScenario: Activity lifecycle changed event received but ignored because the intent does not match. startActivityIntent=Intent { act=android.intent.action.MAIN cat=[android.intent.category.LAUNCHER] cmp=com.example.dogglers/.HorizontalListActivity }, activity.getIntent()=Intent { act=android.intent.action.MAIN cat=[android.intent.category.LAUNCHER] flg=0x10000000 cmp=com.example.dogglers/androidx.test.core.app.InstrumentationActivityInvoker$EmptyActivity }, activity=androidx.test.core.app.InstrumentationActivityInvoker$EmptyActivity@e721451
06-23 17:47:42.638  4218  4218 D LifecycleMonitor: Lifecycle status change: androidx.test.core.app.InstrumentationActivityInvoker$EmptyActivity@e721451 in: STARTED
06-23 17:47:42.639  4218  4218 V ActivityScenario: Activity lifecycle changed event received but ignored because the intent does not match. startActivityIntent=Intent { act=android.intent.action.MAIN cat=[android.intent.category.LAUNCHER] cmp=com.example.dogglers/.HorizontalListActivity }, activity.getIntent()=Intent { act=android.intent.action.MAIN cat=[android.intent.category.LAUNCHER] flg=0x10000000 cmp=com.example.dogglers/androidx.test.core.app.InstrumentationActivityInvoker$EmptyActivity }, activity=androidx.test.core.app.InstrumentationActivityInvoker$EmptyActivity@e721451
06-23 17:47:42.642  4218  4218 D LifecycleMonitor: Lifecycle status change: androidx.test.core.app.InstrumentationActivityInvoker$EmptyActivity@e721451 in: RESUMED
06-23 17:47:42.643  4218  4218 V ActivityScenario: Activity lifecycle changed event received but ignored because the intent does not match. startActivityIntent=Intent { act=android.intent.action.MAIN cat=[android.intent.category.LAUNCHER] cmp=com.example.dogglers/.HorizontalListActivity }, activity.getIntent()=Intent { act=android.intent.action.MAIN cat=[android.intent.category.LAUNCHER] flg=0x10000000 cmp=com.example.dogglers/androidx.test.core.app.InstrumentationActivityInvoker$EmptyActivity }, activity=androidx.test.core.app.InstrumentationActivityInvoker$EmptyActivity@e721451
06-23 17:47:42.649  5176  7571 D InputTransport: Input channel constructed: '27fc86c', fd=666
06-23 17:47:42.649  5176  7571 D InputTransport: Input channel constructed: '27fc86c', fd=669
06-23 17:47:42.650  4811  5231 I SurfaceFlinger: id=31553 createSurf (0x0),-1 flag=80004, 27fc86c com.example.dogglers/androidx.test.core.app.InstrumentationActivityInvoker$EmptyActivity#0
06-23 17:47:42.650  5176  7571 D WindowManager: isScreenshotDisabledLocked - win: Window{27fc86c u0 com.example.dogglers/androidx.test.core.app.InstrumentationActivityInvoker$EmptyActivity}
06-23 17:47:42.650  5176  7571 D WindowManager: isScreenshotDisabledLocked: userId = 0, disabled =false
06-23 17:47:42.651  5176  7571 D InputTransport: Input channel destroyed: '27fc86c', fd=669
06-23 17:47:42.651  4218  4218 D InputTransport: Input channel constructed: '27fc86c', fd=92
06-23 17:47:42.655  4218  4218 I ViewRootImpl@6813642[InstrumentationActivityInvoker$EmptyActivity]: setView = com.android.internal.policy.DecorView@e2125b7 TM=true
06-23 17:47:42.668  5176  7571 V WindowManager: Relayout Window{27fc86c u0 com.example.dogglers/androidx.test.core.app.InstrumentationActivityInvoker$EmptyActivity}: viewVisibility=0 req=720x1600
06-23 17:47:42.672  5176  7571 D WindowManager: isScreenshotDisabledLocked - win: Window{27fc86c u0 com.example.dogglers/androidx.test.core.app.InstrumentationActivityInvoker$EmptyActivity}
06-23 17:47:42.672  5176  7571 D WindowManager: isScreenshotDisabledLocked: userId = 0, disabled =false
06-23 17:47:42.672  4811  5231 I SurfaceFlinger: id=31554 createSurf (720x1600),1 flag=404, com.example.dogglers/androidx.test.core.app.InstrumentationActivityInvoker$EmptyActivity$_4218#0
06-23 17:47:42.675  5176  7571 I SurfaceControl: nativeRelease nativeObject s[497270570496]
06-23 17:47:42.675  5176  7571 I SurfaceControl: nativeRelease nativeObject e[497270570496]
06-23 17:47:42.675  4811  5231 I SurfaceFlinger: id=31555 createSurf (0x0),-1 flag=24000, Surface(name=3833be5 StatusBar)/@0xff1ccfc - animation-leash#0
06-23 17:47:42.676  5176  7571 I SurfaceControl: nativeRelease nativeObject s[497270570592]
06-23 17:47:42.677  5176  7571 I SurfaceControl: nativeRelease nativeObject e[497270570592]
06-23 17:47:42.677  4811  5231 I SurfaceFlinger: id=31556 createSurf (0x0),-1 flag=24000, Surface(name=31a4e78 NavigationBar0)/@0x2b9a7fb - animation-leash#0
06-23 17:47:42.680  5176  7571 V WindowManager: Relayout hash=27fc86c, pid=4218: mAttrs={(0,0)(fillxfill) sim={adjust=pan forwardNavigation} ty=BASE_APPLICATION wanim=0x1030001
06-23 17:47:42.680  5176  7571 V WindowManager:   fl=1810100
06-23 17:47:42.680  5176  7571 V WindowManager:   pfl=12020000
06-23 17:47:42.680  5176  7571 V WindowManager:   fitSides= naviIconColor=0}
06-23 17:47:42.680  5176  7571 I SurfaceControl: nativeRelease nativeObject s[499419878496]
06-23 17:47:42.680  5176  7571 I SurfaceControl: nativeRelease nativeObject e[499419878496]
06-23 17:47:42.682  4218  4218 I SurfaceControl: assignNativeObject: nativeObject = 0 Surface(name=null)/@0xc986653 / android.view.SurfaceControl.readFromParcel:1117 android.view.IWindowSession$Stub$Proxy.relayout:1820 android.view.ViewRootImpl.relayoutWindow:9005 android.view.ViewRootImpl.performTraversals:3360 android.view.ViewRootImpl.doTraversal:2618 android.view.ViewRootImpl$TraversalRunnable.run:9971 android.view.Choreographer$CallbackRecord.run:1010 android.view.Choreographer.doCallbacks:809 android.view.Choreographer.doFrame:744 android.view.Choreographer$FrameDisplayEventReceiver.run:995
06-23 17:47:42.685  4218  4218 I ViewRootImpl@6813642[InstrumentationActivityInvoker$EmptyActivity]: Relayout returned: old=(0,0,720,1600) new=(0,0,720,1600) req=(720,1600)0 dur=16 res=0x7 s={true 499549220864} ch=true fn=-1
06-23 17:47:42.688  4811  4855 I Layer   : id=31548 removeFromCurrentState Surface(name=3833be5 StatusBar)/@0xff1ccfc - animation-leash#1 (162)
06-23 17:47:42.688  4811  4855 I Layer   : id=32 removeFromCurrentState 3833be5 StatusBar#0 (162)
06-23 17:47:42.688  4811  4855 I Layer   : id=42 removeFromCurrentState StatusBar$_5488#0 (162)
06-23 17:47:42.688  4811  4855 I Layer   : id=32 addToCurrentState 3833be5 StatusBar#0 (162)
06-23 17:47:42.688  4811  4855 I Layer   : id=42 addToCurrentState StatusBar$_5488#0 (162)
06-23 17:47:42.688  4811  4855 I Layer   : id=31549 removeFromCurrentState Surface(name=31a4e78 NavigationBar0)/@0x2b9a7fb - animation-leash#1 (162)
06-23 17:47:42.688  4752 28121 D gralloc : [mali_gralloc_allocate] begin
06-23 17:47:42.688  4752 28121 D gralloc : buffer_descriptor: wh(720 1600) usage_pc(0x40000000000b00 0x40000000000b00) hal_format(0x1) layer_count(1) sizes(0 0 0) strde(0) byte_stride(0) alloc_wh(0 0) internal_format(0x0) alloc_format(0x0) fd_count(1) plane_count(0)
06-23 17:47:42.690  4752 28121 D gralloc : [mali_gralloc_allocate] allocation successful
06-23 17:47:42.690  4752 28121 D gralloc : [mali_gralloc_allocate] begin
06-23 17:47:42.690  4752 28121 D gralloc : buffer_descriptor: wh(720 1600) usage_pc(0x40000000000b00 0x40000000000b00) hal_format(0x1) layer_count(1) sizes(0 0 0) strde(0) byte_stride(0) alloc_wh(0 0) internal_format(0x0) alloc_format(0x0) fd_count(1) plane_count(0)
06-23 17:47:42.691  4752 28121 D gralloc : [mali_gralloc_allocate] allocation successful
06-23 17:47:42.692  4752 28121 D gralloc : [mali_gralloc_allocate] begin
06-23 17:47:42.692  4752 28121 D gralloc : buffer_descriptor: wh(720 1600) usage_pc(0x40000000000b00 0x40000000000b00) hal_format(0x1) layer_count(1) sizes(0 0 0) strde(0) byte_stride(0) alloc_wh(0 0) internal_format(0x0) alloc_format(0x0) fd_count(1) plane_count(0)
06-23 17:47:42.693  4752 28121 D gralloc : [mali_gralloc_allocate] allocation successful
06-23 17:47:42.704  4218  4218 I ViewRootImpl@9fa0ed0[HorizontalListActivity]: MSG_WINDOW_FOCUS_CHANGED 0 1
06-23 17:47:42.707  5176  5198 D PkgPredictorService: pkg:com.example.dogglers activity:androidx.test.core.app.InstrumentationActivityInvoker$EmptyActivity thisTime:141
06-23 17:47:42.710  5176  5202 I ActivityTaskManager: Displayed com.example.dogglers/androidx.test.core.app.InstrumentationActivityInvoker$EmptyActivity: +141ms
06-23 17:47:42.710  5176  5198 I SemDvfsHyPerManager: acquire hyper - AMS_RESUME_TAIL/5176@18, type = -999
06-23 17:47:42.711  5176  5198 I SemDvfsHyPerManager: acquire hyper - AMS_ACT_LAZY/5176@19, type = -999
06-23 17:47:42.711  6542  6542 E pageboostd: Received HALT command code 2
06-23 17:47:42.711  4769  4844 I HYPER-HAL: [RequestManager.cpp]acquire(): Acquired ID : 13491433  [5176 / 18]    HINT : AMS_RESUME_TAIL    list :
06-23 17:47:42.711  4769  4844 I HYPER-HAL: [ResourceManager.cpp]updateResource(): [CPUMinFreq] UpdateResource Request ID : 13491433    Value : 1456000
06-23 17:47:42.711  4769  4844 I HYPER-HAL: [RequestManager.cpp]acquire(): Acquired ID : 13496629  [5176 / 19]    HINT :      list :
06-23 17:47:42.712  4769  4844 E HYPER-HAL: [Request.cpp]acquire(): Request:: id : 13496629, No Resource to set
06-23 17:47:42.712  4769  4844 I HYPER-HAL: [ResourceManager.cpp]removeResource(): [CPUMinFreq] RemoveResource Request ID : 13481044
06-23 17:47:42.712  4769  4844 I HYPER-HAL: [RequestManager.cpp]releaseLocked(): Released ID : 13481044
06-23 17:47:42.721  5176  7832 I InputDispatcher: Focus entered window (4218): 27fc86c in display 0 0
06-23 17:47:42.723  5176  5392 I WifiService: getConnectionInfo uid=1000
06-23 17:47:42.723  5176  5392 I WifiService: getConnectionInfo uid=1000
06-23 17:47:42.725  5176  5392 I WifiService: getConnectionInfo uid=1000
06-23 17:47:42.725  5176  5399 I WifiService: getConnectionInfo uid=1000
06-23 17:47:42.725  4811  4811 D SurfaceFlinger: Display 0 HWC layers:
06-23 17:47:42.725  4811  4811 D SurfaceFlinger:      DEVICE | 0x6f91c168c0 | 0002 | RGBA_8888    |    0.0    0.0  720.0 1600.0 |    0    0  720 1600 | com.example.dogglers/androidx.test.c[...]ctivityInvoker$EmptyActivity$_4218#0
06-23 17:47:42.725  4811  4811 D SurfaceFlinger:      DEVICE | 0x70361bde80 | 0000 | RGBA_8888    |    0.0    0.0  111.0  137.0 |    0   68  111  205 | $_3609#1
06-23 17:47:42.725  4811  4811 D SurfaceFlinger:      DEVICE | 0x6f91c17a40 | 0000 | RGBA_8888    |    0.0    0.0  720.0 1600.0 |    0    0  720 1600 | Bubbles!$_5488#0
06-23 17:47:42.725  4811  4811 D SurfaceFlinger:      DEVICE | 0x6fb2241f80 | 0000 | RGBA_8888    |    0.0    0.0  720.0   68.0 |    0    0  720   68 | StatusBar$_5488#0
06-23 17:47:42.725  4811  4811 D SurfaceFlinger:      DEVICE | 0x6fb2242200 | 0000 | RGBA_8888    |    0.0    0.0  259.0   26.0 |  461 1574  720 1600 | SGestureOverlayWindow$_5878#0
06-23 17:47:42.725  4811  4811 D SurfaceFlinger:      DEVICE | 0x70361bed80 | 0000 | RGBA_8888    |    0.0    0.0  259.0   26.0 |  461 1574  720 1600 | SGestureOverlayWindow$_5878#1
06-23 17:47:42.725  4811  4811 D SurfaceFlinger:      DEVICE | 0x6f91c177c0 | 0000 | RGBA_8888    |    0.0    0.0  105.0  105.0 |    0   68  105  173 | cornertabUI$_11263#0
06-23 17:47:42.725  4811  4811 D SurfaceFlinger:      DEVICE | 0x6fb2240a40 | 0000 | RGBA_8888    |    0.0    0.0  720.0   84.
06-23 17:47:42.725  4811  4811 D SurfaceFlinger: 0 |    0 1516  720 1600 | NavigationBar0$_5488#0
06-23 17:47:42.725  4811  4811 D SurfaceFlinger:
06-23 17:47:42.772  4218  4218 I SurfaceControl: nativeRelease nativeObject s[499455605536]
06-23 17:47:42.772  4218  4218 I SurfaceControl: nativeRelease nativeObject e[499455605536]
06-23 17:47:42.772  4218  4218 I SurfaceControl: nativeRelease nativeObject s[502077226144]
06-23 17:47:42.772  4218  4218 I SurfaceControl: nativeRelease nativeObject e[502077226144]
06-23 17:47:42.772  4218  4218 I SurfaceControl: nativeRelease nativeObject s[502077226048]
06-23 17:47:42.772  4218  4218 I SurfaceControl: nativeRelease nativeObject e[502077226048]
06-23 17:47:42.772  4811  5230 I SurfaceFlinger: id=31549 Removed Surface(name=31a4e78 NavigationBar0)/@0x2b9a7fb - animation-leash#1 (162)
06-23 17:47:42.772  4811  5231 I SurfaceFlinger: id=31548 Removed Surface(name=3833be5 StatusBar)/@0xff1ccfc - animation-leash#1 (162)
06-23 17:47:42.775  4218  4218 I ViewRootImpl@6813642[InstrumentationActivityInvoker$EmptyActivity]: MSG_WINDOW_FOCUS_CHANGED 1 1
06-23 17:47:42.776  4218  4218 D InputMethodManager: prepareNavigationBarInfo() DecorView@e2125b7[InstrumentationActivityInvoker$EmptyActivity]
06-23 17:47:42.776  4218  4218 D InputMethodManager: getNavigationBarColor() -16711423
06-23 17:47:42.777  4218  4218 D InputMethodManager: prepareNavigationBarInfo() DecorView@e2125b7[InstrumentationActivityInvoker$EmptyActivity]
06-23 17:47:42.777  4218  4218 D InputMethodManager: getNavigationBarColor() -16711423
06-23 17:47:42.777  4218  4218 V InputMethodManager: Starting input: tba=com.example.dogglers ic=null mNaviBarColor -16711423 mIsGetNaviBarColorSuccess true , NavVisible : true , NavTrans : false
06-23 17:47:42.777  4218  4218 D InputMethodManager: startInputInner - Id : 0
06-23 17:47:42.777  4218  4218 I InputMethodManager: startInputInner - mService.startInputOrWindowGainedFocus
06-23 17:47:42.778  5176  5942 D InputMethodManagerService: mSecureKeypadEnabled = false
06-23 17:47:42.779  5176  5942 V InputMethodManagerService: hideCurrentInputLocked : shouldHideSoftInput is false
06-23 17:47:42.779  5176  5942 D InputMethodManagerService: mDesktopModeManager null!
06-23 17:47:42.779  5176  5942 V InputMethodManagerService: getDisplayIdOfInputMethodWindowToBeAdded : 0
06-23 17:47:42.779  5176  5942 D InputMethodManagerService: checkDisplayOfStartInputAndUpdateKeyboard display Id 0last 0
06-23 17:47:42.779  5176  5942 D InputTransport: Input channel constructed: 'ClientS', fd=669
06-23 17:47:42.779  5176  5942 D InputTransport: Input channel destroyed: 'ClientS', fd=669
06-23 17:47:42.780  4218  4218 D InputTransport: Input channel constructed: 'ClientS', fd=101
06-23 17:47:42.780  4218  4218 D InputTransport: Input channel destroyed: 'ClientS', fd=90
06-23 17:47:42.780  5176  5942 I SurfaceControl: nativeRelease nativeObject s[497270570400]
06-23 17:47:42.780  5176  5942 I SurfaceControl: nativeRelease nativeObject e[497270570400]
06-23 17:47:42.781  4811  5231 I SurfaceFlinger: id=31557 createSurf (0x0),-1 flag=24004, Surface(name=a01af46 InputMethod)/@0x1dd2b1b - animation-leash#1
06-23 17:47:42.782  7990  7990 I HBD     : HoneyBoardService onFinishInput
06-23 17:47:42.782  7990  7990 I HBD     : a IC have been unbinded,  InputConnectionWrapper{idHash=#69e6c7c mMissingMethods=}
06-23 17:47:42.782  7990  7990 I HBD     : HoneyBoardService [PF_CL][onFinishInput]  219231 ns
06-23 17:47:42.782  7990  7990 I HBD     : HoneyBoardService [IMI] onStartInput - caller pid : 4218 , caller uid : 10622
06-23 17:47:42.782  7990  7990 I HBD     : i updateConfigs
06-23 17:47:42.782  7990  7990 I HBD     : i isEnabledNightMode : true
06-23 17:47:42.782  7990  7990 I HBD     : a IC have been binded, InputConnectionWrapper{idHash=#69e6c7c mMissingMethods=}
06-23 17:47:42.782  7990  7990 I HBD     : h [EditorInputType]setPrivateImeOptionsToTable privateImeOptions ( null )
06-23 17:47:42.782  7990  7990 I HBD     : b incognitoMode : false
06-23 17:47:42.782  7990  7990 I HBD     : a needOff = true , isForceOff = false, isNullInputClass : true
06-23 17:47:42.782  7990  7990 I HBD     : h getDefaultInputRange : UNKNOWN
06-23 17:47:42.782  7990  7990 I HBD     : h getDefaultInputRange : UNKNOWN
06-23 17:47:42.782  7990  7990 I HBD     : h getDefaultInputRange : UNKNOWN
06-23 17:47:42.783  5176  5942 D SdpManagerService: Not an enterprise user : 0
06-23 17:47:42.783  5176  5942 D SdpManagerService: Not an enterprise user : 0
06-23 17:47:42.784  5176  7842 I SemDvfsHyPerManager: acquire hyper - AMS_ACT_START/5176@16, type = -999
06-23 17:47:42.784  4769  4844 I HYPER-HAL: [RequestManager.cpp]acquire(): Acquired ID : 13481044  [5176 / 16]    HINT : AMS_ACT_START    list :
06-23 17:47:42.784  7990  7990 I HBD     : h getDefaultInputRange : UNKNOWN
06-23 17:47:42.784  7990  7990 I HBD     : a currentState : 0
06-23 17:47:42.785  4769  4844 I HYPER-HAL: [ResourceManager.cpp]updateResource(): [CPUMinFreq] UpdateResource Request ID : 13481044    Value : 2002000
06-23 17:47:42.785  4811  4811 I Layer   : id=31548[1] Destroyed Surface(name=3833be5 StatusBar)/@0xff1ccfc - animation-leash#1
06-23 17:47:42.785  4811  4811 I Layer   : id=31549[1] Destroyed Surface(name=31a4e78 NavigationBar0)/@0x2b9a7fb - animation-leash#1
06-23 17:47:42.786  7990  7990 I HBD     : h load selected json info : {"version":"1.0","currentLanguageOrder":0,"selected":[{"activeOptionList":["auto_replace","auto_spacing"],"engName":"Vietnamese","id":4390912,"inputType":"vietnamese_telex","isUsed":true},{"activeOptionList":["auto_replace","auto_spacing"],"engName":"English","id":65537,"inputType":"qwerty","isUsed":true}]}
06-23 17:47:42.786  4811  5231 I SurfaceFlinger: id=31558 createSurf (0x0),-1 flag=80004, ActivityRecord{a2bcce9 u0 com.example.dogglers/androidx.test.core.app.InstrumentationActivityInvoker$EmptyActivity t5122}#0
06-23 17:47:42.787  7990  7990 I HBD     : a [UpdatePolicy] [post] a: 0 cl: 4390912 kit: [0/0] vt: 0 ir: 1
06-23 17:47:42.787  7990  7990 I HBD     : HoneyBoardService [PF_OP][onStartInput]  5124500 ns
06-23 17:47:42.787  4811  5231 E BufferQueueProducer: [com.example.dogglers/com.example.dogglers.HorizontalListActivity$_4218#0](id:12cb0000151b,api:0,p:-1,c:4811) disconnect: not connected (req=1)
06-23 17:47:42.788  4218  4273 W libEGL  : EGLNativeWindowType 0x744f71f010 disconnect failed
06-23 17:47:42.795  4811  5231 I Layer   : id=31551 removeFromCurrentState Surface(name=a01af46 InputMethod)/@0x1dd2b1b - animation-leash#0 (162)
06-23 17:47:42.798  5176  7571 V WindowManager: Relayout Window{84e5be3 u0 com.example.dogglers/com.example.dogglers.HorizontalListActivity}: viewVisibility=8 req=720x1600
06-23 17:47:42.804  5176  7571 V WindowManager: Relayout hash=84e5be3, pid=4218: mAttrs={(0,0)(fillxfill) sim={adjust=resize forwardNavigation} ty=BASE_APPLICATION wanim=0x1030304
06-23 17:47:42.804  5176  7571 V WindowManager:   fl=81810100
06-23 17:47:42.804  5176  7571 V WindowManager:   pfl=12020000
06-23 17:47:42.804  5176  7571 V WindowManager:   fitSides= naviIconColor=0}
06-23 17:47:42.805  5488  5488 D Bubbles : collapse stack cause : onTaskMovedToFront
06-23 17:47:42.806  5488  5488 D Bubbles : setExpanded: false
06-23 17:47:42.806  5488  5488 D Bubbles : setExpandedInternal: shouldExpand=false
06-23 17:47:42.806  4218  4218 I SurfaceControl: nativeRelease nativeObject s[499455603040]
06-23 17:47:42.806  4218  4218 I SurfaceControl: nativeRelease nativeObject e[499455603040]
06-23 17:47:42.807  4218  4218 I SurfaceControl: assignNativeObject: nativeObject = 0 Surface(name=null)/@0x23878c0 / android.view.SurfaceControl.readFromParcel:1117 android.view.IWindowSession$Stub$Proxy.relayout:1810 android.view.ViewRootImpl.relayoutWindow:9005 android.view.ViewRootImpl.performTraversals:3360 android.view.ViewRootImpl.doTraversal:2618 android.view.ViewRootImpl$TraversalRunnable.run:9971 android.view.Choreographer$CallbackRecord.run:1010 android.view.Choreographer.doCallbacks:809 android.view.Choreographer.doFrame:744 android.view.Choreographer$FrameDisplayEventReceiver.run:995
06-23 17:47:42.807  4218  4218 I SurfaceControl: assignNativeObject: nativeObject = 0 Surface(name=null)/@0xd2dc27e / android.view.SurfaceControl.readFromParcel:1117 android.view.IWindowSession$Stub$Proxy.relayout:1820 android.view.ViewRootImpl.relayoutWindow:9005 android.view.ViewRootImpl.performTraversals:3360 android.view.ViewRootImpl.doTraversal:2618 android.view.ViewRootImpl$TraversalRunnable.run:9971 android.view.Choreographer$CallbackRecord.run:1010 android.view.Choreographer.doCallbacks:809 android.view.Choreographer.doFrame:744 android.view.Choreographer$FrameDisplayEventReceiver.run:995
06-23 17:47:42.807  4218  4218 I SurfaceControl: nativeRelease nativeObject s[499455605728]
06-23 17:47:42.808  4218  4218 I SurfaceControl: nativeRelease nativeObject e[499455605728]
06-23 17:47:42.808  4811  5231 I SurfaceFlinger: id=31551 Removed Surface(name=a01af46 InputMethod)/@0x1dd2b1b - animation-leash#0 (162)
06-23 17:47:42.809  4218  4218 I ViewRootImpl@9fa0ed0[HorizontalListActivity]: Relayout returned: old=(0,0,720,1600) new=(0,0,720,1600) req=(720,1600)8 dur=19 res=0x5 s={false 0} ch=true fn=18
06-23 17:47:42.810  4218  4218 I ViewRootImpl@9fa0ed0[HorizontalListActivity]: stopped(true) old=false
06-23 17:47:42.811  4218  4218 D LifecycleMonitor: Lifecycle status change: com.example.dogglers.HorizontalListActivity@37cb9c in: STOPPED
06-23 17:47:42.812  4218  4218 V ActivityScenario: Update currentActivityStage to STOPPED, currentActivity=com.example.dogglers.HorizontalListActivity@37cb9c
06-23 17:47:42.815  4218  4218 D LifecycleMonitor: Lifecycle status change: com.example.dogglers.HorizontalListActivity@37cb9c in: DESTROYED
06-23 17:47:42.815  4218  4218 V ActivityScenario: Update currentActivityStage to DESTROYED, currentActivity=null
06-23 17:47:42.819  4811  4811 I Layer   : id=31551[1] Destroyed Surface(name=a01af46 InputMethod)/@0x1dd2b1b - animation-leash#0
06-23 17:47:42.820  4218  4218 I ViewRootImpl@9fa0ed0[HorizontalListActivity]: dispatchDetachedFromWindow
06-23 17:47:42.821  5176  7571 D InputTransport: Input channel destroyed: '84e5be3', fd=912
06-23 17:47:42.822  5176  7571 I SurfaceControl: nativeRelease nativeObject s[497278271520]
06-23 17:47:42.822  5176  7571 I SurfaceControl: nativeRelease nativeObject e[497278271520]
06-23 17:47:42.822  5176  7571 D WindowManager: isScreenshotDisabledLocked - win: Window{84e5be3 u0 com.example.dogglers/com.example.dogglers.HorizontalListActivity}
06-23 17:47:42.822  5176  7571 D WindowManager: isScreenshotDisabledLocked: userId = 0, disabled =false
06-23 17:47:42.822  5176  7571 I SurfaceControl: nativeRelease nativeObject s[497277291904]
06-23 17:47:42.822  5176  7571 I SurfaceControl: nativeRelease nativeObject e[497277291904]
06-23 17:47:42.825  4811  5231 I Layer   : id=31547 removeFromCurrentState com.example.dogglers/com.example.dogglers.HorizontalListActivity$_4218#0 (161)
06-23 17:47:42.825  4811  5231 I SurfaceFlinger: id=31547 Removed com.example.dogglers/com.example.dogglers.HorizontalListActivity$_4218#0 (161)
06-23 17:47:42.828  4811  5231 I Layer   : id=31546 removeFromCurrentState 84e5be3 com.example.dogglers/com.example.dogglers.HorizontalListActivity#0 (161)
06-23 17:47:42.830  4811  5231 I SurfaceFlinger: id=31546 Removed 84e5be3 com.example.dogglers/com.example.dogglers.HorizontalListActivity#0 (161)
06-23 17:47:42.830  4218  4218 D InputTransport: Input channel destroyed: '84e5be3', fd=84
06-23 17:47:42.831  5176  7571 I SurfaceControl: nativeRelease nativeObject s[497401912704]
06-23 17:47:42.831  5176  7571 I SurfaceControl: nativeRelease nativeObject e[497401912704]
06-23 17:47:42.836  4811  4811 I Layer   : id=31546[1] Destroyed 84e5be3 com.example.dogglers/com.example.dogglers.HorizontalListActivity#0
06-23 17:47:42.836  4811  4811 I Layer   : id=31547[1] Destroyed com.example.dogglers/com.example.dogglers.HorizontalListActivity$_4218#0
06-23 17:47:42.840  4811  5231 I Layer   : id=31541 removeFromCurrentState ActivityRecord{faf2844 u0 com.example.dogglers/.HorizontalListActivity t5122}#0 (159)
06-23 17:47:42.841  4811  5231 I SurfaceFlinger: id=31541 Removed ActivityRecord{faf2844 u0 com.example.dogglers/.HorizontalListActivity t5122}#0 (159)
06-23 17:47:42.843  4218  4218 D LifecycleMonitor: Lifecycle status change: androidx.test.core.app.InstrumentationActivityInvoker$EmptyActivity@e721451 in: PAUSED
06-23 17:47:42.843  4218  4218 V ActivityScenario: Activity lifecycle changed event received but ignored because the intent does not match. startActivityIntent=Intent { act=android.intent.action.MAIN cat=[android.intent.category.LAUNCHER] cmp=com.example.dogglers/.HorizontalListActivity }, activity.getIntent()=Intent { act=android.intent.action.MAIN cat=[android.intent.category.LAUNCHER] flg=0x10000000 cmp=com.example.dogglers/androidx.test.core.app.InstrumentationActivityInvoker$EmptyActivity }, activity=androidx.test.core.app.InstrumentationActivityInvoker$EmptyActivity@e721451
06-23 17:47:42.846  5176  7571 V WindowOrientationListener: getProposedRotation: -1
06-23 17:47:42.847  5176  7571 V WindowOrientationListener: getProposedRotation: -1
06-23 17:47:42.848  5176  7571 V WindowOrientationListener: getProposedRotation: -1
06-23 17:47:42.850  5176  7571 D InputDispatcher: Focused application set to (0): a2bcce9
06-23 17:47:42.852  4811  4811 I Layer   : id=31541[1] Destroyed ActivityRecord{faf2844 u0 com.example.dogglers/.HorizontalListActivity t5122}#0
06-23 17:47:42.860  5176  7571 D SamsungIMMSHWKeyboard: isConnectedDexOnPC false
06-23 17:47:42.861  4218  4218 I SurfaceControl: nativeRelease nativeObject s[497833945152]
06-23 17:47:42.861  4218  4218 I SurfaceControl: nativeRelease nativeObject e[497833945152]
06-23 17:47:42.861  4218  4218 I SurfaceControl: nativeRelease nativeObject s[499533424992]
06-23 17:47:42.861  4218  4218 I SurfaceControl: nativeRelease nativeObject e[499533424992]
06-23 17:47:42.862  5176  7571 D InputMethodManagerService: isImeSwitcherDisabledPackage : false
06-23 17:47:42.865  4218  4218 D LifecycleMonitor: Lifecycle status change: androidx.test.core.app.InstrumentationActivityInvoker$BootstrapActivity@2b9e9ed in: DESTROYED
06-23 17:47:42.865  4218  4218 V ActivityScenario: Activity lifecycle changed event received but ignored because the intent does not match. startActivityIntent=Intent { act=android.intent.action.MAIN cat=[android.intent.category.LAUNCHER] cmp=com.example.dogglers/.HorizontalListActivity }, activity.getIntent()=Intent { act=android.intent.action.MAIN cat=[android.intent.category.LAUNCHER] flg=0x10008000 cmp=com.example.dogglers/androidx.test.core.app.InstrumentationActivityInvoker$BootstrapActivity (has extras) }, activity=androidx.test.core.app.InstrumentationActivityInvoker$BootstrapActivity@2b9e9ed
06-23 17:47:42.867  5176  7571 I SurfaceControl: nativeRelease nativeObject s[497279290336]
06-23 17:47:42.867  5176  7571 I SurfaceControl: nativeRelease nativeObject e[497279290336]
06-23 17:47:42.871  5176  7571 I InputDispatcher: Focus left window (4218): 27fc86c in display 0 0
06-23 17:47:42.872  4811  5231 I Layer   : id=31536 removeFromCurrentState ActivityRecord{fe8e768 u0 com.example.dogglers/androidx.test.core.app.InstrumentationActivityInvoker$BootstrapActivity t5122}#0 (158)
06-23 17:47:42.872  4811  5231 I SurfaceFlinger: id=31536 Removed ActivityRecord{fe8e768 u0 com.example.dogglers/androidx.test.core.app.InstrumentationActivityInvoker$BootstrapActivity t5122}#0 (158)
06-23 17:47:42.876  4218  4218 D LifecycleMonitor: Lifecycle status change: androidx.test.core.app.InstrumentationActivityInvoker$EmptyActivity@7d55cb5 in: PRE_ON_CREATE
06-23 17:47:42.877  4218  4218 V ActivityScenario: Activity lifecycle changed event received but ignored because the intent does not match. startActivityIntent=Intent { act=android.intent.action.MAIN cat=[android.intent.category.LAUNCHER] cmp=com.example.dogglers/.HorizontalListActivity }, activity.getIntent()=Intent { act=android.intent.action.MAIN cat=[android.intent.category.LAUNCHER] flg=0x10000000 cmp=com.example.dogglers/androidx.test.core.app.InstrumentationActivityInvoker$EmptyActivity }, activity=androidx.test.core.app.InstrumentationActivityInvoker$EmptyActivity@7d55cb5
06-23 17:47:42.886  4811  4811 I Layer   : id=31536[1] Destroyed ActivityRecord{fe8e768 u0 com.example.dogglers/androidx.test.core.app.InstrumentationActivityInvoker$BootstrapActivity t5122}#0
06-23 17:47:42.896  4218  4218 I DecorView: [INFO] isPopOver=false, config=true
06-23 17:47:42.896  4218  4218 I DecorView: updateCaptionType >> DecorView@8adfebb[], isFloating=false, isApplication=true, hasWindowDecorCaption=false, hasWindowControllerCallback=true
06-23 17:47:42.897  4218  4218 D DecorView: setCaptionType = 0, this = DecorView@8adfebb[]
06-23 17:47:42.905  4218  4218 D LifecycleMonitor: Lifecycle status change: androidx.test.core.app.InstrumentationActivityInvoker$EmptyActivity@7d55cb5 in: CREATED
06-23 17:47:42.906  4218  4218 V ActivityScenario: Activity lifecycle changed event received but ignored because the intent does not match. startActivityIntent=Intent { act=android.intent.action.MAIN cat=[android.intent.category.LAUNCHER] cmp=com.example.dogglers/.HorizontalListActivity }, activity.getIntent()=Intent { act=android.intent.action.MAIN cat=[android.intent.category.LAUNCHER] flg=0x10000000 cmp=com.example.dogglers/androidx.test.core.app.InstrumentationActivityInvoker$EmptyActivity }, activity=androidx.test.core.app.InstrumentationActivityInvoker$EmptyActivity@7d55cb5
06-23 17:47:42.909  4218  4218 D LifecycleMonitor: Lifecycle status change: androidx.test.core.app.InstrumentationActivityInvoker$EmptyActivity@7d55cb5 in: STARTED
06-23 17:47:42.910  4218  4218 V ActivityScenario: Activity lifecycle changed event received but ignored because the intent does not match. startActivityIntent=Intent { act=android.intent.action.MAIN cat=[android.intent.category.LAUNCHER] cmp=com.example.dogglers/.HorizontalListActivity }, activity.getIntent()=Intent { act=android.intent.action.MAIN cat=[android.intent.category.LAUNCHER] flg=0x10000000 cmp=com.example.dogglers/androidx.test.core.app.InstrumentationActivityInvoker$EmptyActivity }, activity=androidx.test.core.app.InstrumentationActivityInvoker$EmptyActivity@7d55cb5
06-23 17:47:42.913  4218  4218 D LifecycleMonitor: Lifecycle status change: androidx.test.core.app.InstrumentationActivityInvoker$EmptyActivity@7d55cb5 in: RESUMED
06-23 17:47:42.914  4218  4218 V ActivityScenario: Activity lifecycle changed event received but ignored because the intent does not match. startActivityIntent=Intent { act=android.intent.action.MAIN cat=[android.intent.category.LAUNCHER] cmp=com.example.dogglers/.HorizontalListActivity }, activity.getIntent()=Intent { act=android.intent.action.MAIN cat=[android.intent.category.LAUNCHER] flg=0x10000000 cmp=com.example.dogglers/androidx.test.core.app.InstrumentationActivityInvoker$EmptyActivity }, activity=androidx.test.core.app.InstrumentationActivityInvoker$EmptyActivity@7d55cb5
06-23 17:47:42.920  5176  7832 D InputTransport: Input channel constructed: '76e6b34', fd=669
06-23 17:47:42.920  5176  7832 D InputTransport: Input channel constructed: '76e6b34', fd=683
06-23 17:47:42.921  4811  5230 I SurfaceFlinger: id=31559 createSurf (0x0),-1 flag=80004, 76e6b34 com.example.dogglers/androidx.test.core.app.InstrumentationActivityInvoker$EmptyActivity#0
06-23 17:47:42.922  5176  7832 D WindowManager: isScreenshotDisabledLocked - win: Window{76e6b34 u0 com.example.dogglers/androidx.test.core.app.InstrumentationActivityInvoker$EmptyActivity}
06-23 17:47:42.922  5176  7832 D WindowManager: isScreenshotDisabledLocked: userId = 0, disabled =false
06-23 17:47:42.922  5176  7832 D InputTransport: Input channel destroyed: '76e6b34', fd=683
06-23 17:47:42.923  4218  4218 D InputTransport: Input channel constructed: '76e6b34', fd=84
06-23 17:47:42.925  4218  4218 I ViewRootImpl@2699616[InstrumentationActivityInvoker$EmptyActivity]: setView = com.android.internal.policy.DecorView@8adfebb TM=true
06-23 17:47:42.943  5176  7832 V WindowManager: Relayout Window{76e6b34 u0 com.example.dogglers/androidx.test.core.app.InstrumentationActivityInvoker$EmptyActivity}: viewVisibility=0 req=720x1600
06-23 17:47:42.947  5176  7832 D WindowManager: isScreenshotDisabledLocked - win: Window{76e6b34 u0 com.example.dogglers/androidx.test.core.app.InstrumentationActivityInvoker$EmptyActivity}
06-23 17:47:42.947  5176  7832 D WindowManager: isScreenshotDisabledLocked: userId = 0, disabled =false
06-23 17:47:42.948  4811  5230 I SurfaceFlinger: id=31560 createSurf (720x1600),1 flag=404, com.example.dogglers/androidx.test.core.app.InstrumentationActivityInvoker$EmptyActivity$_4218#1
06-23 17:47:42.950  5176  7832 I SurfaceControl: nativeRelease nativeObject s[499419878592]
06-23 17:47:42.950  5176  7832 I SurfaceControl: nativeRelease nativeObject e[499419878592]
06-23 17:47:42.951  4811  5230 I SurfaceFlinger: id=31561 createSurf (0x0),-1 flag=24000, Surface(name=3833be5 StatusBar)/@0xff1ccfc - animation-leash#1
06-23 17:47:42.952  5176  7832 I SurfaceControl: nativeRelease nativeObject s[499419878784]
06-23 17:47:42.952  5176  7832 I SurfaceControl: nativeRelease nativeObject e[499419878784]
06-23 17:47:42.953  4811  5230 I SurfaceFlinger: id=31562 createSurf (0x0),-1 flag=24000, Surface(name=31a4e78 NavigationBar0)/@0x2b9a7fb - animation-leash#1
06-23 17:47:42.955  5176  7832 V WindowManager: Relayout hash=76e6b34, pid=4218: mAttrs={(0,0)(fillxfill) sim={adjust=pan forwardNavigation} ty=BASE_APPLICATION wanim=0x1030001
06-23 17:47:42.955  5176  7832 V WindowManager:   fl=1810100
06-23 17:47:42.955  5176  7832 V WindowManager:   pfl=12020000
06-23 17:47:42.955  5176  7832 V WindowManager:   fitSides= naviIconColor=0}
06-23 17:47:42.956  5176  7832 I SurfaceControl: nativeRelease nativeObject s[497279290336]
06-23 17:47:42.956  5176  7832 I SurfaceControl: nativeRelease nativeObject e[497279290336]
06-23 17:47:42.958  4218  4218 I SurfaceControl: assignNativeObject: nativeObject = 0 Surface(name=null)/@0xdb3cb97 / android.view.SurfaceControl.readFromParcel:1117 android.view.IWindowSession$Stub$Proxy.relayout:1820 android.view.ViewRootImpl.relayoutWindow:9005 android.view.ViewRootImpl.performTraversals:3360 android.view.ViewRootImpl.doTraversal:2618 android.view.ViewRootImpl$TraversalRunnable.run:9971 android.view.Choreographer$CallbackRecord.run:1010 android.view.Choreographer.doCallbacks:809 android.view.Choreographer.doFrame:744 android.view.Choreographer$FrameDisplayEventReceiver.run:995
06-23 17:47:42.958  4811  5230 I Layer   : id=31555 removeFromCurrentState Surface(name=3833be5 StatusBar)/@0xff1ccfc - animation-leash#0 (161)
06-23 17:47:42.959  4811  5230 I Layer   : id=31556 removeFromCurrentState Surface(name=31a4e78 NavigationBar0)/@0x2b9a7fb - animation-leash#0 (161)
06-23 17:47:42.960  4218  4218 I ViewRootImpl@2699616[InstrumentationActivityInvoker$EmptyActivity]: Relayout returned: old=(0,0,720,1600) new=(0,0,720,1600) req=(720,1600)0 dur=15 res=0x7 s={true 499549073408} ch=true fn=-1
06-23 17:47:42.963  4752 28121 D gralloc : [mali_gralloc_allocate] begin
06-23 17:47:42.963  4752 28121 D gralloc : buffer_descriptor: wh(720 1600) usage_pc(0x40000000000b00 0x40000000000b00) hal_format(0x1) layer_count(1) sizes(0 0 0) strde(0) byte_stride(0) alloc_wh(0 0) internal_format(0x0) alloc_format(0x0) fd_count(1) plane_count(0)
06-23 17:47:42.964  4752 28121 D gralloc : [mali_gralloc_allocate] allocation successful
06-23 17:47:42.964  4752 28121 D gralloc : [mali_gralloc_allocate] begin
06-23 17:47:42.964  4752 28121 D gralloc : buffer_descriptor: wh(720 1600) usage_pc(0x40000000000b00 0x40000000000b00) hal_format(0x1) layer_count(1) sizes(0 0 0) strde(0) byte_stride(0) alloc_wh(0 0) internal_format(0x0) alloc_format(0x0) fd_count(1) plane_count(0)
06-23 17:47:42.965  4752 28121 D gralloc : [mali_gralloc_allocate] allocation successful
06-23 17:47:42.965  4752 28121 D gralloc : [mali_gralloc_allocate] begin
06-23 17:47:42.965  4752 28121 D gralloc : buffer_descriptor: wh(720 1600) usage_pc(0x40000000000b00 0x40000000000b00) hal_format(0x1) layer_count(1) sizes(0 0 0) strde(0) byte_stride(0) alloc_wh(0 0) internal_format(0x0) alloc_format(0x0) fd_count(1) plane_count(0)
06-23 17:47:42.966  4752 28121 D gralloc : [mali_gralloc_allocate] allocation successful
06-23 17:47:42.974  4218  4218 I ViewRootImpl@6813642[InstrumentationActivityInvoker$EmptyActivity]: MSG_WINDOW_FOCUS_CHANGED 0 1
06-23 17:47:42.978  5176  5198 D PkgPredictorService: pkg:com.example.dogglers activity:androidx.test.core.app.InstrumentationActivityInvoker$EmptyActivity thisTime:196
06-23 17:47:42.980  5176  5202 I ActivityTaskManager: Displayed com.example.dogglers/androidx.test.core.app.InstrumentationActivityInvoker$EmptyActivity: +196ms
06-23 17:47:42.980  5176  5198 I SemDvfsHyPerManager: acquire hyper - AMS_RESUME_TAIL/5176@18, type = -999
